ERROR:  seq: crowd_run, ref: ../2019/ref/crowd_run_short_1920x1080_50.yuv, dis: ../2019/seq/crowd_run_x265/enc_res_bytedance_mv_subjective_crowd_run_short_1000.mp4, mask: None, metric: ssim, mask_mode: FalseERROR:  seq: crowd_run, ref: ../2019/ref/crowd_run_short_1920x1080_50.yuv, dis: ../2019/seq/crowd_run_x265/enc_res_bytedance_mv_subjective_crowd_run_short_2000.mp4, mask: None, metric: ssim, mask_mode: FalseERROR:  seq: crowd_run, ref: ../2019/ref/crowd_run_short_1920x1080_50.yuv, dis: ../2019/seq/crowd_run_x265/enc_res_bytedance_mv_subjective_crowd_run_short_4000.mp4, mask: None, metric: ssim, mask_mode: FalseERROR:  seq: crowd_run, ref: ../2019/ref/crowd_run_short_1920x1080_50.yuv, dis: ../2019/seq/crowd_run_x265/enc_res_huawei_20190725_mv_subjective_crowd_run_short_1000.mp4, mask: None, metric: ssim, mask_mode: FalseERROR:  seq: crowd_run, ref: ../2019/ref/crowd_run_short_1920x1080_50.yuv, dis: ../2019/seq/crowd_run_x265/enc_res_huawei_20190725_mv_subjective_crowd_run_short_2000.mp4, mask: None, metric: ssim, mask_mode: FalseERROR:  seq: crowd_run, ref: ../2019/ref/crowd_run_short_1920x1080_50.yuv, dis: ../2019/seq/crowd_run_x265/enc_res_huawei_20190725_mv_subjective_crowd_run_short_4000.mp4, mask: None, metric: ssim, mask_mode: FalseERROR:  seq: crowd_run, ref: ../2019/ref/crowd_run_short_1920x1080_50.yuv, dis: ../2019/seq/crowd_run_x265/enc_res_huawei_mv_subjective_crowd_run_short_1000.mp4, mask: None, metric: ssim, mask_mode: FalseERROR:  seq: crowd_run, ref: ../2019/ref/crowd_run_short_1920x1080_50.yuv, dis: ../2019/seq/crowd_run_x265/enc_res_huawei_mv_subjective_crowd_run_short_2000.mp4, mask: None, metric: ssim, mask_mode: FalseERROR:  seq: crowd_run, ref: ../2019/ref/crowd_run_short_1920x1080_50.yuv, dis: ../2019/seq/crowd_run_x265/enc_res_huawei_mv_subjective_crowd_run_short_4000.mp4, mask: None, metric: ssim, mask_mode: FalseERROR:  seq: crowd_run, ref: ../2019/ref/crowd_run_short_1920x1080_50.yuv, dis: ../2019/seq/crowd_run_x265/enc_res_mainconcept_mv_subjective_crowd_run_short_1000.mp4, mask: None, metric: ssim, mask_mode: FalseERROR:  seq: crowd_run, ref: ../2019/ref/crowd_run_short_1920x1080_50.yuv, dis: ../2019/seq/crowd_run_x265/enc_res_mainconcept_mv_subjective_crowd_run_short_2000.mp4, mask: None, metric: ssim, mask_mode: FalseERROR:  seq: crowd_run, ref: ../2019/ref/crowd_run_short_1920x1080_50.yuv, dis: ../2019/seq/crowd_run_x265/enc_res_mainconcept_mv_subjective_crowd_run_short_4000.mp4, mask: None, metric: ssim, mask_mode: FalseERROR:  seq: crowd_run, ref: ../2019/ref/crowd_run_short_1920x1080_50.yuv, dis: ../2019/seq/crowd_run_x265/enc_res_sif_mv_subjective_crowd_run_short_1000.mp4, mask: None, metric: ssim, mask_mode: FalseERROR:  seq: crowd_run, ref: ../2019/ref/crowd_run_short_1920x1080_50.yuv, dis: ../2019/seq/crowd_run_x265/enc_res_sif_mv_subjective_crowd_run_short_2000.mp4, mask: None, metric: ssim, mask_mode: FalseERROR:  seq: crowd_run, ref: ../2019/ref/crowd_run_short_1920x1080_50.yuv, dis: ../2019/seq/crowd_run_x265/enc_res_sif_mv_subjective_crowd_run_short_4000.mp4, mask: None, metric: ssim, mask_mode: FalseERROR:  seq: crowd_run, ref: ../2019/ref/crowd_run_short_1920x1080_50.yuv, dis: ../2019/seq/crowd_run_x265/enc_res_sz265_mv_subjective_crowd_run_short_1000.mp4, mask: None, metric: ssim, mask_mode: FalseERROR:  seq: crowd_run, ref: ../2019/ref/crowd_run_short_1920x1080_50.yuv, dis: ../2019/seq/crowd_run_x265/enc_res_sz265_mv_subjective_crowd_run_short_2000.mp4, mask: None, metric: ssim, mask_mode: FalseERROR:  seq: crowd_run, ref: ../2019/ref/crowd_run_short_1920x1080_50.yuv, dis: ../2019/seq/crowd_run_x265/enc_res_sz265_mv_subjective_crowd_run_short_4000.mp4, mask: None, metric: ssim, mask_mode: FalseERROR:  seq: crowd_run, ref: ../2019/ref/crowd_run_short_1920x1080_50.yuv, dis: ../2019/seq/crowd_run_x265/enc_res_t265_mv_subjective_crowd_run_short_1000.mp4, mask: None, metric: ssim, mask_mode: FalseERROR:  seq: crowd_run, ref: ../2019/ref/crowd_run_short_1920x1080_50.yuv, dis: ../2019/seq/crowd_run_x265/enc_res_t265_mv_subjective_crowd_run_short_2000.mp4, mask: None, metric: ssim, mask_mode: FalseERROR:  seq: crowd_run, ref: ../2019/ref/crowd_run_short_1920x1080_50.yuv, dis: ../2019/seq/crowd_run_x265/enc_res_t265_mv_subjective_crowd_run_short_4000.mp4, mask: None, metric: ssim, mask_mode: FalseERROR:  seq: crowd_run, ref: ../2019/ref/crowd_run_short_1920x1080_50.yuv, dis: ../2019/seq/crowd_run_x265/enc_res_uc265_mv_subjective_crowd_run_short_1000.mp4, mask: None, metric: ssim, mask_mode: FalseERROR:  seq: crowd_run, ref: ../2019/ref/crowd_run_short_1920x1080_50.yuv, dis: ../2019/seq/crowd_run_x265/enc_res_uc265_mv_subjective_crowd_run_short_2000.mp4, mask: None, metric: ssim, mask_mode: FalseERROR:  seq: crowd_run, ref: ../2019/ref/crowd_run_short_1920x1080_50.yuv, dis: ../2019/seq/crowd_run_x265/enc_res_uc265_mv_subjective_crowd_run_short_4000.mp4, mask: None, metric: ssim, mask_mode: FalseERROR:  seq: crowd_run, ref: ../2019/ref/crowd_run_short_1920x1080_50.yuv, dis: ../2019/seq/crowd_run_x265/enc_res_venc_mv_subjective_crowd_run_short_1000.mp4, mask: None, metric: ssim, mask_mode: FalseERROR:  seq: crowd_run, ref: ../2019/ref/crowd_run_short_1920x1080_50.yuv, dis: ../2019/seq/crowd_run_x265/enc_res_venc_mv_subjective_crowd_run_short_2000.mp4, mask: None, metric: ssim, mask_mode: FalseERROR:  seq: crowd_run, ref: ../2019/ref/crowd_run_short_1920x1080_50.yuv, dis: ../2019/seq/crowd_run_x265/enc_res_venc_mv_subjective_crowd_run_short_4000.mp4, mask: None, metric: ssim, mask_mode: FalseERROR:  seq: crowd_run, ref: ../2019/ref/crowd_run_short_1920x1080_50.yuv, dis: ../2019/seq/crowd_run_x265/enc_res_vp9_mv_subjective_crowd_run_short_1000.mp4, mask: None, metric: ssim, mask_mode: FalseERROR:  seq: crowd_run, ref: ../2019/ref/crowd_run_short_1920x1080_50.yuv, dis: ../2019/seq/crowd_run_x265/enc_res_vp9_mv_subjective_crowd_run_short_2000.mp4, mask: None, metric: ssim, mask_mode: FalseERROR:  seq: crowd_run, ref: ../2019/ref/crowd_run_short_1920x1080_50.yuv, dis: ../2019/seq/crowd_run_x265/enc_res_vp9_mv_subjective_crowd_run_short_4000.mp4, mask: None, metric: ssim, mask_mode: FalseERROR:  seq: crowd_run, ref: ../2019/ref/crowd_run_short_1920x1080_50.yuv, dis: ../2019/seq/crowd_run_x265/enc_res_x264_mv_subjective_crowd_run_short_1000.mp4, mask: None, metric: ssim, mask_mode: FalseERROR:  seq: crowd_run, ref: ../2019/ref/crowd_run_short_1920x1080_50.yuv, dis: ../2019/seq/crowd_run_x265/enc_res_x264_mv_subjective_crowd_run_short_2000.mp4, mask: None, metric: ssim, mask_mode: FalseERROR:  seq: crowd_run, ref: ../2019/ref/crowd_run_short_1920x1080_50.yuv, dis: ../2019/seq/crowd_run_x265/enc_res_x264_mv_subjective_crowd_run_short_4000.mp4, mask: None, metric: ssim, mask_mode: FalseERROR:  seq: crowd_run, ref: ../2019/ref/crowd_run_short_1920x1080_50.yuv, dis: ../2019/seq/crowd_run_x265/enc_res_x265_mv_subjective_crowd_run_short_1000.mp4, mask: None, metric: ssim, mask_mode: FalseERROR:  seq: crowd_run, ref: ../2019/ref/crowd_run_short_1920x1080_50.yuv, dis: ../2019/seq/crowd_run_x265/enc_res_x265_mv_subjective_crowd_run_short_2000.mp4, mask: None, metric: ssim, mask_mode: FalseERROR:  seq: crowd_run, ref: ../2019/ref/crowd_run_short_1920x1080_50.yuv, dis: ../2019/seq/crowd_run_x265/enc_res_x265_mv_subjective_crowd_run_short_4000.mp4, mask: None, metric: ssim, mask_mode: FalseERROR:  seq: crowd_run, ref: ../2019/ref/crowd_run_short_1920x1080_50.yuv, dis: ../2019/seq/crowd_run_x265/enc_res_xin265_mv_subjective_crowd_run_short_1000.mp4, mask: None, metric: ssim, mask_mode: FalseERROR:  seq: crowd_run, ref: ../2019/ref/crowd_run_short_1920x1080_50.yuv, dis: ../2019/seq/crowd_run_x265/enc_res_xin265_mv_subjective_crowd_run_short_2000.mp4, mask: None, metric: ssim, mask_mode: FalseERROR:  seq: crowd_run, ref: ../2019/ref/crowd_run_short_1920x1080_50.yuv, dis: ../2019/seq/crowd_run_x265/enc_res_xin265_mv_subjective_crowd_run_short_4000.mp4, mask: None, metric: ssim, mask_mode: FalseERROR:  seq: crowd_run, ref: ../2019/ref/crowd_run_short_1920x1080_50.yuv, dis: ../2019/seq/crowd_run_x265/enc_res_xvc_mv_subjective_crowd_run_short_1000.mp4, mask: None, metric: ssim, mask_mode: FalseERROR:  seq: crowd_run, ref: ../2019/ref/crowd_run_short_1920x1080_50.yuv, dis: ../2019/seq/crowd_run_x265/enc_res_xvc_mv_subjective_crowd_run_short_2000.mp4, mask: None, metric: ssim, mask_mode: FalseERROR:  seq: crowd_run, ref: ../2019/ref/crowd_run_short_1920x1080_50.yuv, dis: ../2019/seq/crowd_run_x265/enc_res_xvc_mv_subjective_crowd_run_short_4000.mp4, mask: None, metric: ssim, mask_mode: FalseERROR:  seq: crowd_run, ref: ../2019/ref/crowd_run_short_1920x1080_50.yuv, dis: ../2019/seq/crowd_run_x265/enc_res_bytedance_mv_subjective_crowd_run_short_1000.mp4, mask: ../2019/masks/.ipynb_checkpoints, metric: ssim, mask_mode: TrueERROR:  seq: crowd_run, ref: ../2019/ref/crowd_run_short_1920x1080_50.yuv, dis: ../2019/seq/crowd_run_x265/enc_res_bytedance_mv_subjective_crowd_run_short_2000.mp4, mask: ../2019/masks/.ipynb_checkpoints, metric: ssim, mask_mode: TrueERROR:  seq: crowd_run, ref: ../2019/ref/crowd_run_short_1920x1080_50.yuv, dis: ../2019/seq/crowd_run_x265/enc_res_bytedance_mv_subjective_crowd_run_short_4000.mp4, mask: ../2019/masks/.ipynb_checkpoints, metric: ssim, mask_mode: TrueERROR:  seq: crowd_run, ref: ../2019/ref/crowd_run_short_1920x1080_50.yuv, dis: ../2019/seq/crowd_run_x265/enc_res_huawei_20190725_mv_subjective_crowd_run_short_1000.mp4, mask: ../2019/masks/.ipynb_checkpoints, metric: ssim, mask_mode: TrueERROR:  seq: crowd_run, ref: ../2019/ref/crowd_run_short_1920x1080_50.yuv, dis: ../2019/seq/crowd_run_x265/enc_res_huawei_20190725_mv_subjective_crowd_run_short_2000.mp4, mask: ../2019/masks/.ipynb_checkpoints, metric: ssim, mask_mode: TrueERROR:  seq: crowd_run, ref: ../2019/ref/crowd_run_short_1920x1080_50.yuv, dis: ../2019/seq/crowd_run_x265/enc_res_huawei_20190725_mv_subjective_crowd_run_short_4000.mp4, mask: ../2019/masks/.ipynb_checkpoints, metric: ssim, mask_mode: TrueERROR:  seq: crowd_run, ref: ../2019/ref/crowd_run_short_1920x1080_50.yuv, dis: ../2019/seq/crowd_run_x265/enc_res_huawei_mv_subjective_crowd_run_short_1000.mp4, mask: ../2019/masks/.ipynb_checkpoints, metric: ssim, mask_mode: TrueERROR:  seq: crowd_run, ref: ../2019/ref/crowd_run_short_1920x1080_50.yuv, dis: ../2019/seq/crowd_run_x265/enc_res_huawei_mv_subjective_crowd_run_short_2000.mp4, mask: ../2019/masks/.ipynb_checkpoints, metric: ssim, mask_mode: TrueERROR:  seq: crowd_run, ref: ../2019/ref/crowd_run_short_1920x1080_50.yuv, dis: ../2019/seq/crowd_run_x265/enc_res_huawei_mv_subjective_crowd_run_short_4000.mp4, mask: ../2019/masks/.ipynb_checkpoints, metric: ssim, mask_mode: TrueERROR:  seq: crowd_run, ref: ../2019/ref/crowd_run_short_1920x1080_50.yuv, dis: ../2019/seq/crowd_run_x265/enc_res_mainconcept_mv_subjective_crowd_run_short_1000.mp4, mask: ../2019/masks/.ipynb_checkpoints, metric: ssim, mask_mode: TrueERROR:  seq: crowd_run, ref: ../2019/ref/crowd_run_short_1920x1080_50.yuv, dis: ../2019/seq/crowd_run_x265/enc_res_mainconcept_mv_subjective_crowd_run_short_2000.mp4, mask: ../2019/masks/.ipynb_checkpoints, metric: ssim, mask_mode: TrueERROR:  seq: crowd_run, ref: ../2019/ref/crowd_run_short_1920x1080_50.yuv, dis: ../2019/seq/crowd_run_x265/enc_res_mainconcept_mv_subjective_crowd_run_short_4000.mp4, mask: ../2019/masks/.ipynb_checkpoints, metric: ssim, mask_mode: TrueERROR:  seq: crowd_run, ref: ../2019/ref/crowd_run_short_1920x1080_50.yuv, dis: ../2019/seq/crowd_run_x265/enc_res_sif_mv_subjective_crowd_run_short_1000.mp4, mask: ../2019/masks/.ipynb_checkpoints, metric: ssim, mask_mode: TrueERROR:  seq: crowd_run, ref: ../2019/ref/crowd_run_short_1920x1080_50.yuv, dis: ../2019/seq/crowd_run_x265/enc_res_sif_mv_subjective_crowd_run_short_2000.mp4, mask: ../2019/masks/.ipynb_checkpoints, metric: ssim, mask_mode: TrueERROR:  seq: crowd_run, ref: ../2019/ref/crowd_run_short_1920x1080_50.yuv, dis: ../2019/seq/crowd_run_x265/enc_res_sif_mv_subjective_crowd_run_short_4000.mp4, mask: ../2019/masks/.ipynb_checkpoints, metric: ssim, mask_mode: TrueERROR:  seq: crowd_run, ref: ../2019/ref/crowd_run_short_1920x1080_50.yuv, dis: ../2019/seq/crowd_run_x265/enc_res_sz265_mv_subjective_crowd_run_short_1000.mp4, mask: ../2019/masks/.ipynb_checkpoints, metric: ssim, mask_mode: TrueERROR:  seq: crowd_run, ref: ../2019/ref/crowd_run_short_1920x1080_50.yuv, dis: ../2019/seq/crowd_run_x265/enc_res_sz265_mv_subjective_crowd_run_short_2000.mp4, mask: ../2019/masks/.ipynb_checkpoints, metric: ssim, mask_mode: TrueERROR:  seq: crowd_run, ref: ../2019/ref/crowd_run_short_1920x1080_50.yuv, dis: ../2019/seq/crowd_run_x265/enc_res_sz265_mv_subjective_crowd_run_short_4000.mp4, mask: ../2019/masks/.ipynb_checkpoints, metric: ssim, mask_mode: TrueERROR:  seq: crowd_run, ref: ../2019/ref/crowd_run_short_1920x1080_50.yuv, dis: ../2019/seq/crowd_run_x265/enc_res_t265_mv_subjective_crowd_run_short_1000.mp4, mask: ../2019/masks/.ipynb_checkpoints, metric: ssim, mask_mode: TrueERROR:  seq: crowd_run, ref: ../2019/ref/crowd_run_short_1920x1080_50.yuv, dis: ../2019/seq/crowd_run_x265/enc_res_t265_mv_subjective_crowd_run_short_2000.mp4, mask: ../2019/masks/.ipynb_checkpoints, metric: ssim, mask_mode: TrueERROR:  seq: crowd_run, ref: ../2019/ref/crowd_run_short_1920x1080_50.yuv, dis: ../2019/seq/crowd_run_x265/enc_res_t265_mv_subjective_crowd_run_short_4000.mp4, mask: ../2019/masks/.ipynb_checkpoints, metric: ssim, mask_mode: TrueERROR:  seq: crowd_run, ref: ../2019/ref/crowd_run_short_1920x1080_50.yuv, dis: ../2019/seq/crowd_run_x265/enc_res_uc265_mv_subjective_crowd_run_short_1000.mp4, mask: ../2019/masks/.ipynb_checkpoints, metric: ssim, mask_mode: TrueERROR:  seq: crowd_run, ref: ../2019/ref/crowd_run_short_1920x1080_50.yuv, dis: ../2019/seq/crowd_run_x265/enc_res_uc265_mv_subjective_crowd_run_short_2000.mp4, mask: ../2019/masks/.ipynb_checkpoints, metric: ssim, mask_mode: TrueERROR:  seq: crowd_run, ref: ../2019/ref/crowd_run_short_1920x1080_50.yuv, dis: ../2019/seq/crowd_run_x265/enc_res_uc265_mv_subjective_crowd_run_short_4000.mp4, mask: ../2019/masks/.ipynb_checkpoints, metric: ssim, mask_mode: TrueERROR:  seq: crowd_run, ref: ../2019/ref/crowd_run_short_1920x1080_50.yuv, dis: ../2019/seq/crowd_run_x265/enc_res_venc_mv_subjective_crowd_run_short_1000.mp4, mask: ../2019/masks/.ipynb_checkpoints, metric: ssim, mask_mode: TrueERROR:  seq: crowd_run, ref: ../2019/ref/crowd_run_short_1920x1080_50.yuv, dis: ../2019/seq/crowd_run_x265/enc_res_venc_mv_subjective_crowd_run_short_2000.mp4, mask: ../2019/masks/.ipynb_checkpoints, metric: ssim, mask_mode: TrueERROR:  seq: crowd_run, ref: ../2019/ref/crowd_run_short_1920x1080_50.yuv, dis: ../2019/seq/crowd_run_x265/enc_res_venc_mv_subjective_crowd_run_short_4000.mp4, mask: ../2019/masks/.ipynb_checkpoints, metric: ssim, mask_mode: TrueERROR:  seq: crowd_run, ref: ../2019/ref/crowd_run_short_1920x1080_50.yuv, dis: ../2019/seq/crowd_run_x265/enc_res_vp9_mv_subjective_crowd_run_short_1000.mp4, mask: ../2019/masks/.ipynb_checkpoints, metric: ssim, mask_mode: TrueERROR:  seq: crowd_run, ref: ../2019/ref/crowd_run_short_1920x1080_50.yuv, dis: ../2019/seq/crowd_run_x265/enc_res_vp9_mv_subjective_crowd_run_short_2000.mp4, mask: ../2019/masks/.ipynb_checkpoints, metric: ssim, mask_mode: TrueERROR:  seq: crowd_run, ref: ../2019/ref/crowd_run_short_1920x1080_50.yuv, dis: ../2019/seq/crowd_run_x265/enc_res_vp9_mv_subjective_crowd_run_short_4000.mp4, mask: ../2019/masks/.ipynb_checkpoints, metric: ssim, mask_mode: TrueERROR:  seq: crowd_run, ref: ../2019/ref/crowd_run_short_1920x1080_50.yuv, dis: ../2019/seq/crowd_run_x265/enc_res_x264_mv_subjective_crowd_run_short_1000.mp4, mask: ../2019/masks/.ipynb_checkpoints, metric: ssim, mask_mode: TrueERROR:  seq: crowd_run, ref: ../2019/ref/crowd_run_short_1920x1080_50.yuv, dis: ../2019/seq/crowd_run_x265/enc_res_x264_mv_subjective_crowd_run_short_2000.mp4, mask: ../2019/masks/.ipynb_checkpoints, metric: ssim, mask_mode: TrueERROR:  seq: crowd_run, ref: ../2019/ref/crowd_run_short_1920x1080_50.yuv, dis: ../2019/seq/crowd_run_x265/enc_res_x264_mv_subjective_crowd_run_short_4000.mp4, mask: ../2019/masks/.ipynb_checkpoints, metric: ssim, mask_mode: TrueERROR:  seq: crowd_run, ref: ../2019/ref/crowd_run_short_1920x1080_50.yuv, dis: ../2019/seq/crowd_run_x265/enc_res_x265_mv_subjective_crowd_run_short_1000.mp4, mask: ../2019/masks/.ipynb_checkpoints, metric: ssim, mask_mode: TrueERROR:  seq: crowd_run, ref: ../2019/ref/crowd_run_short_1920x1080_50.yuv, dis: ../2019/seq/crowd_run_x265/enc_res_x265_mv_subjective_crowd_run_short_2000.mp4, mask: ../2019/masks/.ipynb_checkpoints, metric: ssim, mask_mode: TrueERROR:  seq: crowd_run, ref: ../2019/ref/crowd_run_short_1920x1080_50.yuv, dis: ../2019/seq/crowd_run_x265/enc_res_x265_mv_subjective_crowd_run_short_4000.mp4, mask: ../2019/masks/.ipynb_checkpoints, metric: ssim, mask_mode: TrueERROR:  seq: crowd_run, ref: ../2019/ref/crowd_run_short_1920x1080_50.yuv, dis: ../2019/seq/crowd_run_x265/enc_res_xin265_mv_subjective_crowd_run_short_1000.mp4, mask: ../2019/masks/.ipynb_checkpoints, metric: ssim, mask_mode: TrueERROR:  seq: crowd_run, ref: ../2019/ref/crowd_run_short_1920x1080_50.yuv, dis: ../2019/seq/crowd_run_x265/enc_res_xin265_mv_subjective_crowd_run_short_2000.mp4, mask: ../2019/masks/.ipynb_checkpoints, metric: ssim, mask_mode: TrueERROR:  seq: crowd_run, ref: ../2019/ref/crowd_run_short_1920x1080_50.yuv, dis: ../2019/seq/crowd_run_x265/enc_res_xin265_mv_subjective_crowd_run_short_4000.mp4, mask: ../2019/masks/.ipynb_checkpoints, metric: ssim, mask_mode: TrueERROR:  seq: crowd_run, ref: ../2019/ref/crowd_run_short_1920x1080_50.yuv, dis: ../2019/seq/crowd_run_x265/enc_res_xvc_mv_subjective_crowd_run_short_1000.mp4, mask: ../2019/masks/.ipynb_checkpoints, metric: ssim, mask_mode: TrueERROR:  seq: crowd_run, ref: ../2019/ref/crowd_run_short_1920x1080_50.yuv, dis: ../2019/seq/crowd_run_x265/enc_res_xvc_mv_subjective_crowd_run_short_2000.mp4, mask: ../2019/masks/.ipynb_checkpoints, metric: ssim, mask_mode: TrueERROR:  seq: crowd_run, ref: ../2019/ref/crowd_run_short_1920x1080_50.yuv, dis: ../2019/seq/crowd_run_x265/enc_res_xvc_mv_subjective_crowd_run_short_4000.mp4, mask: ../2019/masks/.ipynb_checkpoints, metric: ssim, mask_mode: TrueERROR:  seq: crowd_run, ref: ../2019/ref/crowd_run_short_1920x1080_50.yuv, dis: ../2019/seq/crowd_run_x265/enc_res_bytedance_mv_subjective_crowd_run_short_1000.mp4, mask: None, metric: ssim, mask_mode: FalseERROR:  seq: crowd_run, ref: ../2019/ref/crowd_run_short_1920x1080_50.yuv, dis: ../2019/seq/crowd_run_x265/enc_res_bytedance_mv_subjective_crowd_run_short_2000.mp4, mask: None, metric: ssim, mask_mode: FalseERROR:  seq: crowd_run, ref: ../2019/ref/crowd_run_short_1920x1080_50.yuv, dis: ../2019/seq/crowd_run_x265/enc_res_bytedance_mv_subjective_crowd_run_short_4000.mp4, mask: None, metric: ssim, mask_mode: FalseERROR:  seq: crowd_run, ref: ../2019/ref/crowd_run_short_1920x1080_50.yuv, dis: ../2019/seq/crowd_run_x265/enc_res_huawei_20190725_mv_subjective_crowd_run_short_1000.mp4, mask: None, metric: ssim, mask_mode: FalseERROR:  seq: crowd_run, ref: ../2019/ref/crowd_run_short_1920x1080_50.yuv, dis: ../2019/seq/crowd_run_x265/enc_res_huawei_20190725_mv_subjective_crowd_run_short_2000.mp4, mask: None, metric: ssim, mask_mode: FalseERROR:  seq: crowd_run, ref: ../2019/ref/crowd_run_short_1920x1080_50.yuv, dis: ../2019/seq/crowd_run_x265/enc_res_huawei_20190725_mv_subjective_crowd_run_short_4000.mp4, mask: None, metric: ssim, mask_mode: FalseERROR:  seq: crowd_run, ref: ../2019/ref/crowd_run_short_1920x1080_50.yuv, dis: ../2019/seq/crowd_run_x265/enc_res_huawei_mv_subjective_crowd_run_short_1000.mp4, mask: None, metric: ssim, mask_mode: FalseERROR:  seq: crowd_run, ref: ../2019/ref/crowd_run_short_1920x1080_50.yuv, dis: ../2019/seq/crowd_run_x265/enc_res_huawei_mv_subjective_crowd_run_short_2000.mp4, mask: None, metric: ssim, mask_mode: FalseERROR:  seq: crowd_run, ref: ../2019/ref/crowd_run_short_1920x1080_50.yuv, dis: ../2019/seq/crowd_run_x265/enc_res_huawei_mv_subjective_crowd_run_short_4000.mp4, mask: None, metric: ssim, mask_mode: FalseERROR:  seq: crowd_run, ref: ../2019/ref/crowd_run_short_1920x1080_50.yuv, dis: ../2019/seq/crowd_run_x265/enc_res_mainconcept_mv_subjective_crowd_run_short_1000.mp4, mask: None, metric: ssim, mask_mode: FalseERROR:  seq: crowd_run, ref: ../2019/ref/crowd_run_short_1920x1080_50.yuv, dis: ../2019/seq/crowd_run_x265/enc_res_mainconcept_mv_subjective_crowd_run_short_2000.mp4, mask: None, metric: ssim, mask_mode: FalseERROR:  seq: crowd_run, ref: ../2019/ref/crowd_run_short_1920x1080_50.yuv, dis: ../2019/seq/crowd_run_x265/enc_res_mainconcept_mv_subjective_crowd_run_short_4000.mp4, mask: None, metric: ssim, mask_mode: FalseERROR:  seq: crowd_run, ref: ../2019/ref/crowd_run_short_1920x1080_50.yuv, dis: ../2019/seq/crowd_run_x265/enc_res_sif_mv_subjective_crowd_run_short_1000.mp4, mask: None, metric: ssim, mask_mode: FalseERROR:  seq: crowd_run, ref: ../2019/ref/crowd_run_short_1920x1080_50.yuv, dis: ../2019/seq/crowd_run_x265/enc_res_sif_mv_subjective_crowd_run_short_2000.mp4, mask: None, metric: ssim, mask_mode: FalseERROR:  seq: crowd_run, ref: ../2019/ref/crowd_run_short_1920x1080_50.yuv, dis: ../2019/seq/crowd_run_x265/enc_res_sif_mv_subjective_crowd_run_short_4000.mp4, mask: None, metric: ssim, mask_mode: FalseERROR:  seq: crowd_run, ref: ../2019/ref/crowd_run_short_1920x1080_50.yuv, dis: ../2019/seq/crowd_run_x265/enc_res_sz265_mv_subjective_crowd_run_short_1000.mp4, mask: None, metric: ssim, mask_mode: FalseERROR:  seq: crowd_run, ref: ../2019/ref/crowd_run_short_1920x1080_50.yuv, dis: ../2019/seq/crowd_run_x265/enc_res_sz265_mv_subjective_crowd_run_short_2000.mp4, mask: None, metric: ssim, mask_mode: FalseERROR:  seq: crowd_run, ref: ../2019/ref/crowd_run_short_1920x1080_50.yuv, dis: ../2019/seq/crowd_run_x265/enc_res_sz265_mv_subjective_crowd_run_short_4000.mp4, mask: None, metric: ssim, mask_mode: FalseERROR:  seq: crowd_run, ref: ../2019/ref/crowd_run_short_1920x1080_50.yuv, dis: ../2019/seq/crowd_run_x265/enc_res_t265_mv_subjective_crowd_run_short_1000.mp4, mask: None, metric: ssim, mask_mode: FalseERROR:  seq: crowd_run, ref: ../2019/ref/crowd_run_short_1920x1080_50.yuv, dis: ../2019/seq/crowd_run_x265/enc_res_t265_mv_subjective_crowd_run_short_2000.mp4, mask: None, metric: ssim, mask_mode: FalseERROR:  seq: crowd_run, ref: ../2019/ref/crowd_run_short_1920x1080_50.yuv, dis: ../2019/seq/crowd_run_x265/enc_res_t265_mv_subjective_crowd_run_short_4000.mp4, mask: None, metric: ssim, mask_mode: FalseERROR:  seq: crowd_run, ref: ../2019/ref/crowd_run_short_1920x1080_50.yuv, dis: ../2019/seq/crowd_run_x265/enc_res_uc265_mv_subjective_crowd_run_short_1000.mp4, mask: None, metric: ssim, mask_mode: FalseERROR:  seq: crowd_run, ref: ../2019/ref/crowd_run_short_1920x1080_50.yuv, dis: ../2019/seq/crowd_run_x265/enc_res_uc265_mv_subjective_crowd_run_short_2000.mp4, mask: None, metric: ssim, mask_mode: FalseERROR:  seq: crowd_run, ref: ../2019/ref/crowd_run_short_1920x1080_50.yuv, dis: ../2019/seq/crowd_run_x265/enc_res_uc265_mv_subjective_crowd_run_short_4000.mp4, mask: None, metric: ssim, mask_mode: FalseERROR:  seq: crowd_run, ref: ../2019/ref/crowd_run_short_1920x1080_50.yuv, dis: ../2019/seq/crowd_run_x265/enc_res_venc_mv_subjective_crowd_run_short_1000.mp4, mask: None, metric: ssim, mask_mode: FalseERROR:  seq: crowd_run, ref: ../2019/ref/crowd_run_short_1920x1080_50.yuv, dis: ../2019/seq/crowd_run_x265/enc_res_venc_mv_subjective_crowd_run_short_2000.mp4, mask: None, metric: ssim, mask_mode: FalseERROR:  seq: crowd_run, ref: ../2019/ref/crowd_run_short_1920x1080_50.yuv, dis: ../2019/seq/crowd_run_x265/enc_res_venc_mv_subjective_crowd_run_short_4000.mp4, mask: None, metric: ssim, mask_mode: FalseERROR:  seq: crowd_run, ref: ../2019/ref/crowd_run_short_1920x1080_50.yuv, dis: ../2019/seq/crowd_run_x265/enc_res_vp9_mv_subjective_crowd_run_short_1000.mp4, mask: None, metric: ssim, mask_mode: FalseERROR:  seq: crowd_run, ref: ../2019/ref/crowd_run_short_1920x1080_50.yuv, dis: ../2019/seq/crowd_run_x265/enc_res_vp9_mv_subjective_crowd_run_short_2000.mp4, mask: None, metric: ssim, mask_mode: FalseERROR:  seq: crowd_run, ref: ../2019/ref/crowd_run_short_1920x1080_50.yuv, dis: ../2019/seq/crowd_run_x265/enc_res_vp9_mv_subjective_crowd_run_short_4000.mp4, mask: None, metric: ssim, mask_mode: FalseERROR:  seq: crowd_run, ref: ../2019/ref/crowd_run_short_1920x1080_50.yuv, dis: ../2019/seq/crowd_run_x265/enc_res_x264_mv_subjective_crowd_run_short_1000.mp4, mask: None, metric: ssim, mask_mode: FalseERROR:  seq: crowd_run, ref: ../2019/ref/crowd_run_short_1920x1080_50.yuv, dis: ../2019/seq/crowd_run_x265/enc_res_x264_mv_subjective_crowd_run_short_2000.mp4, mask: None, metric: ssim, mask_mode: FalseERROR:  seq: crowd_run, ref: ../2019/ref/crowd_run_short_1920x1080_50.yuv, dis: ../2019/seq/crowd_run_x265/enc_res_x264_mv_subjective_crowd_run_short_4000.mp4, mask: None, metric: ssim, mask_mode: FalseERROR:  seq: crowd_run, ref: ../2019/ref/crowd_run_short_1920x1080_50.yuv, dis: ../2019/seq/crowd_run_x265/enc_res_x265_mv_subjective_crowd_run_short_1000.mp4, mask: None, metric: ssim, mask_mode: FalseERROR:  seq: crowd_run, ref: ../2019/ref/crowd_run_short_1920x1080_50.yuv, dis: ../2019/seq/crowd_run_x265/enc_res_x265_mv_subjective_crowd_run_short_2000.mp4, mask: None, metric: ssim, mask_mode: FalseERROR:  seq: crowd_run, ref: ../2019/ref/crowd_run_short_1920x1080_50.yuv, dis: ../2019/seq/crowd_run_x265/enc_res_x265_mv_subjective_crowd_run_short_4000.mp4, mask: None, metric: ssim, mask_mode: FalseERROR:  seq: crowd_run, ref: ../2019/ref/crowd_run_short_1920x1080_50.yuv, dis: ../2019/seq/crowd_run_x265/enc_res_xin265_mv_subjective_crowd_run_short_1000.mp4, mask: None, metric: ssim, mask_mode: FalseERROR:  seq: crowd_run, ref: ../2019/ref/crowd_run_short_1920x1080_50.yuv, dis: ../2019/seq/crowd_run_x265/enc_res_xin265_mv_subjective_crowd_run_short_2000.mp4, mask: None, metric: ssim, mask_mode: FalseERROR:  seq: crowd_run, ref: ../2019/ref/crowd_run_short_1920x1080_50.yuv, dis: ../2019/seq/crowd_run_x265/enc_res_xin265_mv_subjective_crowd_run_short_4000.mp4, mask: None, metric: ssim, mask_mode: FalseERROR:  seq: crowd_run, ref: ../2019/ref/crowd_run_short_1920x1080_50.yuv, dis: ../2019/seq/crowd_run_x265/enc_res_xvc_mv_subjective_crowd_run_short_1000.mp4, mask: None, metric: ssim, mask_mode: FalseERROR:  seq: crowd_run, ref: ../2019/ref/crowd_run_short_1920x1080_50.yuv, dis: ../2019/seq/crowd_run_x265/enc_res_xvc_mv_subjective_crowd_run_short_2000.mp4, mask: None, metric: ssim, mask_mode: FalseERROR:  seq: crowd_run, ref: ../2019/ref/crowd_run_short_1920x1080_50.yuv, dis: ../2019/seq/crowd_run_x265/enc_res_xvc_mv_subjective_crowd_run_short_4000.mp4, mask: None, metric: ssim, mask_mode: FalseERROR:  seq: crowd_run, ref: ../2019/ref/crowd_run_short_1920x1080_50.yuv, dis: ../2019/seq/crowd_run_x265/enc_res_bytedance_mv_subjective_crowd_run_short_1000.mp4, mask: ../2019/masks/.ipynb_checkpoints, metric: ssim, mask_mode: TrueERROR:  seq: crowd_run, ref: ../2019/ref/crowd_run_short_1920x1080_50.yuv, dis: ../2019/seq/crowd_run_x265/enc_res_bytedance_mv_subjective_crowd_run_short_2000.mp4, mask: ../2019/masks/.ipynb_checkpoints, metric: ssim, mask_mode: TrueERROR:  seq: crowd_run, ref: ../2019/ref/crowd_run_short_1920x1080_50.yuv, dis: ../2019/seq/crowd_run_x265/enc_res_bytedance_mv_subjective_crowd_run_short_4000.mp4, mask: ../2019/masks/.ipynb_checkpoints, metric: ssim, mask_mode: TrueERROR:  seq: crowd_run, ref: ../2019/ref/crowd_run_short_1920x1080_50.yuv, dis: ../2019/seq/crowd_run_x265/enc_res_huawei_20190725_mv_subjective_crowd_run_short_1000.mp4, mask: ../2019/masks/.ipynb_checkpoints, metric: ssim, mask_mode: TrueERROR:  seq: crowd_run, ref: ../2019/ref/crowd_run_short_1920x1080_50.yuv, dis: ../2019/seq/crowd_run_x265/enc_res_huawei_20190725_mv_subjective_crowd_run_short_2000.mp4, mask: ../2019/masks/.ipynb_checkpoints, metric: ssim, mask_mode: TrueERROR:  seq: crowd_run, ref: ../2019/ref/crowd_run_short_1920x1080_50.yuv, dis: ../2019/seq/crowd_run_x265/enc_res_huawei_20190725_mv_subjective_crowd_run_short_4000.mp4, mask: ../2019/masks/.ipynb_checkpoints, metric: ssim, mask_mode: TrueERROR:  seq: crowd_run, ref: ../2019/ref/crowd_run_short_1920x1080_50.yuv, dis: ../2019/seq/crowd_run_x265/enc_res_huawei_mv_subjective_crowd_run_short_1000.mp4, mask: ../2019/masks/.ipynb_checkpoints, metric: ssim, mask_mode: TrueERROR:  seq: crowd_run, ref: ../2019/ref/crowd_run_short_1920x1080_50.yuv, dis: ../2019/seq/crowd_run_x265/enc_res_huawei_mv_subjective_crowd_run_short_2000.mp4, mask: ../2019/masks/.ipynb_checkpoints, metric: ssim, mask_mode: TrueERROR:  seq: crowd_run, ref: ../2019/ref/crowd_run_short_1920x1080_50.yuv, dis: ../2019/seq/crowd_run_x265/enc_res_huawei_mv_subjective_crowd_run_short_4000.mp4, mask: ../2019/masks/.ipynb_checkpoints, metric: ssim, mask_mode: TrueERROR:  seq: crowd_run, ref: ../2019/ref/crowd_run_short_1920x1080_50.yuv, dis: ../2019/seq/crowd_run_x265/enc_res_mainconcept_mv_subjective_crowd_run_short_1000.mp4, mask: ../2019/masks/.ipynb_checkpoints, metric: ssim, mask_mode: TrueERROR:  seq: crowd_run, ref: ../2019/ref/crowd_run_short_1920x1080_50.yuv, dis: ../2019/seq/crowd_run_x265/enc_res_mainconcept_mv_subjective_crowd_run_short_2000.mp4, mask: ../2019/masks/.ipynb_checkpoints, metric: ssim, mask_mode: TrueERROR:  seq: crowd_run, ref: ../2019/ref/crowd_run_short_1920x1080_50.yuv, dis: ../2019/seq/crowd_run_x265/enc_res_mainconcept_mv_subjective_crowd_run_short_4000.mp4, mask: ../2019/masks/.ipynb_checkpoints, metric: ssim, mask_mode: TrueERROR:  seq: crowd_run, ref: ../2019/ref/crowd_run_short_1920x1080_50.yuv, dis: ../2019/seq/crowd_run_x265/enc_res_sif_mv_subjective_crowd_run_short_1000.mp4, mask: ../2019/masks/.ipynb_checkpoints, metric: ssim, mask_mode: TrueERROR:  seq: crowd_run, ref: ../2019/ref/crowd_run_short_1920x1080_50.yuv, dis: ../2019/seq/crowd_run_x265/enc_res_sif_mv_subjective_crowd_run_short_2000.mp4, mask: ../2019/masks/.ipynb_checkpoints, metric: ssim, mask_mode: TrueERROR:  seq: crowd_run, ref: ../2019/ref/crowd_run_short_1920x1080_50.yuv, dis: ../2019/seq/crowd_run_x265/enc_res_sif_mv_subjective_crowd_run_short_4000.mp4, mask: ../2019/masks/.ipynb_checkpoints, metric: ssim, mask_mode: TrueERROR:  seq: crowd_run, ref: ../2019/ref/crowd_run_short_1920x1080_50.yuv, dis: ../2019/seq/crowd_run_x265/enc_res_sz265_mv_subjective_crowd_run_short_1000.mp4, mask: ../2019/masks/.ipynb_checkpoints, metric: ssim, mask_mode: TrueERROR:  seq: crowd_run, ref: ../2019/ref/crowd_run_short_1920x1080_50.yuv, dis: ../2019/seq/crowd_run_x265/enc_res_sz265_mv_subjective_crowd_run_short_2000.mp4, mask: ../2019/masks/.ipynb_checkpoints, metric: ssim, mask_mode: TrueERROR:  seq: crowd_run, ref: ../2019/ref/crowd_run_short_1920x1080_50.yuv, dis: ../2019/seq/crowd_run_x265/enc_res_sz265_mv_subjective_crowd_run_short_4000.mp4, mask: ../2019/masks/.ipynb_checkpoints, metric: ssim, mask_mode: TrueERROR:  seq: crowd_run, ref: ../2019/ref/crowd_run_short_1920x1080_50.yuv, dis: ../2019/seq/crowd_run_x265/enc_res_t265_mv_subjective_crowd_run_short_1000.mp4, mask: ../2019/masks/.ipynb_checkpoints, metric: ssim, mask_mode: TrueERROR:  seq: crowd_run, ref: ../2019/ref/crowd_run_short_1920x1080_50.yuv, dis: ../2019/seq/crowd_run_x265/enc_res_t265_mv_subjective_crowd_run_short_2000.mp4, mask: ../2019/masks/.ipynb_checkpoints, metric: ssim, mask_mode: TrueERROR:  seq: crowd_run, ref: ../2019/ref/crowd_run_short_1920x1080_50.yuv, dis: ../2019/seq/crowd_run_x265/enc_res_t265_mv_subjective_crowd_run_short_4000.mp4, mask: ../2019/masks/.ipynb_checkpoints, metric: ssim, mask_mode: TrueERROR:  seq: crowd_run, ref: ../2019/ref/crowd_run_short_1920x1080_50.yuv, dis: ../2019/seq/crowd_run_x265/enc_res_uc265_mv_subjective_crowd_run_short_1000.mp4, mask: ../2019/masks/.ipynb_checkpoints, metric: ssim, mask_mode: TrueERROR:  seq: crowd_run, ref: ../2019/ref/crowd_run_short_1920x1080_50.yuv, dis: ../2019/seq/crowd_run_x265/enc_res_uc265_mv_subjective_crowd_run_short_2000.mp4, mask: ../2019/masks/.ipynb_checkpoints, metric: ssim, mask_mode: TrueERROR:  seq: crowd_run, ref: ../2019/ref/crowd_run_short_1920x1080_50.yuv, dis: ../2019/seq/crowd_run_x265/enc_res_uc265_mv_subjective_crowd_run_short_4000.mp4, mask: ../2019/masks/.ipynb_checkpoints, metric: ssim, mask_mode: TrueERROR:  seq: crowd_run, ref: ../2019/ref/crowd_run_short_1920x1080_50.yuv, dis: ../2019/seq/crowd_run_x265/enc_res_venc_mv_subjective_crowd_run_short_1000.mp4, mask: ../2019/masks/.ipynb_checkpoints, metric: ssim, mask_mode: TrueERROR:  seq: crowd_run, ref: ../2019/ref/crowd_run_short_1920x1080_50.yuv, dis: ../2019/seq/crowd_run_x265/enc_res_venc_mv_subjective_crowd_run_short_2000.mp4, mask: ../2019/masks/.ipynb_checkpoints, metric: ssim, mask_mode: TrueERROR:  seq: crowd_run, ref: ../2019/ref/crowd_run_short_1920x1080_50.yuv, dis: ../2019/seq/crowd_run_x265/enc_res_venc_mv_subjective_crowd_run_short_4000.mp4, mask: ../2019/masks/.ipynb_checkpoints, metric: ssim, mask_mode: TrueERROR:  seq: crowd_run, ref: ../2019/ref/crowd_run_short_1920x1080_50.yuv, dis: ../2019/seq/crowd_run_x265/enc_res_vp9_mv_subjective_crowd_run_short_1000.mp4, mask: ../2019/masks/.ipynb_checkpoints, metric: ssim, mask_mode: TrueERROR:  seq: crowd_run, ref: ../2019/ref/crowd_run_short_1920x1080_50.yuv, dis: ../2019/seq/crowd_run_x265/enc_res_vp9_mv_subjective_crowd_run_short_2000.mp4, mask: ../2019/masks/.ipynb_checkpoints, metric: ssim, mask_mode: TrueERROR:  seq: crowd_run, ref: ../2019/ref/crowd_run_short_1920x1080_50.yuv, dis: ../2019/seq/crowd_run_x265/enc_res_vp9_mv_subjective_crowd_run_short_4000.mp4, mask: ../2019/masks/.ipynb_checkpoints, metric: ssim, mask_mode: TrueERROR:  seq: crowd_run, ref: ../2019/ref/crowd_run_short_1920x1080_50.yuv, dis: ../2019/seq/crowd_run_x265/enc_res_x264_mv_subjective_crowd_run_short_1000.mp4, mask: ../2019/masks/.ipynb_checkpoints, metric: ssim, mask_mode: TrueERROR:  seq: crowd_run, ref: ../2019/ref/crowd_run_short_1920x1080_50.yuv, dis: ../2019/seq/crowd_run_x265/enc_res_x264_mv_subjective_crowd_run_short_2000.mp4, mask: ../2019/masks/.ipynb_checkpoints, metric: ssim, mask_mode: TrueERROR:  seq: crowd_run, ref: ../2019/ref/crowd_run_short_1920x1080_50.yuv, dis: ../2019/seq/crowd_run_x265/enc_res_x264_mv_subjective_crowd_run_short_4000.mp4, mask: ../2019/masks/.ipynb_checkpoints, metric: ssim, mask_mode: TrueERROR:  seq: crowd_run, ref: ../2019/ref/crowd_run_short_1920x1080_50.yuv, dis: ../2019/seq/crowd_run_x265/enc_res_x265_mv_subjective_crowd_run_short_1000.mp4, mask: ../2019/masks/.ipynb_checkpoints, metric: ssim, mask_mode: TrueERROR:  seq: crowd_run, ref: ../2019/ref/crowd_run_short_1920x1080_50.yuv, dis: ../2019/seq/crowd_run_x265/enc_res_x265_mv_subjective_crowd_run_short_2000.mp4, mask: ../2019/masks/.ipynb_checkpoints, metric: ssim, mask_mode: TrueERROR:  seq: crowd_run, ref: ../2019/ref/crowd_run_short_1920x1080_50.yuv, dis: ../2019/seq/crowd_run_x265/enc_res_x265_mv_subjective_crowd_run_short_4000.mp4, mask: ../2019/masks/.ipynb_checkpoints, metric: ssim, mask_mode: TrueERROR:  seq: crowd_run, ref: ../2019/ref/crowd_run_short_1920x1080_50.yuv, dis: ../2019/seq/crowd_run_x265/enc_res_xin265_mv_subjective_crowd_run_short_1000.mp4, mask: ../2019/masks/.ipynb_checkpoints, metric: ssim, mask_mode: TrueERROR:  seq: crowd_run, ref: ../2019/ref/crowd_run_short_1920x1080_50.yuv, dis: ../2019/seq/crowd_run_x265/enc_res_xin265_mv_subjective_crowd_run_short_2000.mp4, mask: ../2019/masks/.ipynb_checkpoints, metric: ssim, mask_mode: TrueERROR:  seq: crowd_run, ref: ../2019/ref/crowd_run_short_1920x1080_50.yuv, dis: ../2019/seq/crowd_run_x265/enc_res_xin265_mv_subjective_crowd_run_short_4000.mp4, mask: ../2019/masks/.ipynb_checkpoints, metric: ssim, mask_mode: TrueERROR:  seq: crowd_run, ref: ../2019/ref/crowd_run_short_1920x1080_50.yuv, dis: ../2019/seq/crowd_run_x265/enc_res_xvc_mv_subjective_crowd_run_short_1000.mp4, mask: ../2019/masks/.ipynb_checkpoints, metric: ssim, mask_mode: TrueERROR:  seq: crowd_run, ref: ../2019/ref/crowd_run_short_1920x1080_50.yuv, dis: ../2019/seq/crowd_run_x265/enc_res_xvc_mv_subjective_crowd_run_short_2000.mp4, mask: ../2019/masks/.ipynb_checkpoints, metric: ssim, mask_mode: TrueERROR:  seq: crowd_run, ref: ../2019/ref/crowd_run_short_1920x1080_50.yuv, dis: ../2019/seq/crowd_run_x265/enc_res_xvc_mv_subjective_crowd_run_short_4000.mp4, mask: ../2019/masks/.ipynb_checkpoints, metric: ssim, mask_mode: TrueERROR:  seq: crowd_run, ref: ../2019/ref/crowd_run_short_1920x1080_50.yuv, dis: ../2019/seq/crowd_run_x265/enc_res_bytedance_mv_subjective_crowd_run_short_1000.mp4, mask: None, metric: ssim, mask_mode: FalseERROR:  seq: crowd_run, ref: ../2019/ref/crowd_run_short_1920x1080_50.yuv, dis: ../2019/seq/crowd_run_x265/enc_res_bytedance_mv_subjective_crowd_run_short_2000.mp4, mask: None, metric: ssim, mask_mode: FalseERROR:  seq: crowd_run, ref: ../2019/ref/crowd_run_short_1920x1080_50.yuv, dis: ../2019/seq/crowd_run_x265/enc_res_bytedance_mv_subjective_crowd_run_short_4000.mp4, mask: None, metric: ssim, mask_mode: FalseERROR:  seq: crowd_run, ref: ../2019/ref/crowd_run_short_1920x1080_50.yuv, dis: ../2019/seq/crowd_run_x265/enc_res_huawei_20190725_mv_subjective_crowd_run_short_1000.mp4, mask: None, metric: ssim, mask_mode: FalseERROR:  seq: crowd_run, ref: ../2019/ref/crowd_run_short_1920x1080_50.yuv, dis: ../2019/seq/crowd_run_x265/enc_res_huawei_20190725_mv_subjective_crowd_run_short_2000.mp4, mask: None, metric: ssim, mask_mode: FalseERROR:  seq: crowd_run, ref: ../2019/ref/crowd_run_short_1920x1080_50.yuv, dis: ../2019/seq/crowd_run_x265/enc_res_huawei_20190725_mv_subjective_crowd_run_short_4000.mp4, mask: None, metric: ssim, mask_mode: FalseERROR:  seq: crowd_run, ref: ../2019/ref/crowd_run_short_1920x1080_50.yuv, dis: ../2019/seq/crowd_run_x265/enc_res_huawei_mv_subjective_crowd_run_short_1000.mp4, mask: None, metric: ssim, mask_mode: FalseERROR:  seq: crowd_run, ref: ../2019/ref/crowd_run_short_1920x1080_50.yuv, dis: ../2019/seq/crowd_run_x265/enc_res_huawei_mv_subjective_crowd_run_short_2000.mp4, mask: None, metric: ssim, mask_mode: FalseERROR:  seq: crowd_run, ref: ../2019/ref/crowd_run_short_1920x1080_50.yuv, dis: ../2019/seq/crowd_run_x265/enc_res_huawei_mv_subjective_crowd_run_short_4000.mp4, mask: None, metric: ssim, mask_mode: FalseERROR:  seq: crowd_run, ref: ../2019/ref/crowd_run_short_1920x1080_50.yuv, dis: ../2019/seq/crowd_run_x265/enc_res_mainconcept_mv_subjective_crowd_run_short_1000.mp4, mask: None, metric: ssim, mask_mode: FalseERROR:  seq: crowd_run, ref: ../2019/ref/crowd_run_short_1920x1080_50.yuv, dis: ../2019/seq/crowd_run_x265/enc_res_mainconcept_mv_subjective_crowd_run_short_2000.mp4, mask: None, metric: ssim, mask_mode: FalseERROR:  seq: crowd_run, ref: ../2019/ref/crowd_run_short_1920x1080_50.yuv, dis: ../2019/seq/crowd_run_x265/enc_res_mainconcept_mv_subjective_crowd_run_short_4000.mp4, mask: None, metric: ssim, mask_mode: FalseERROR:  seq: crowd_run, ref: ../2019/ref/crowd_run_short_1920x1080_50.yuv, dis: ../2019/seq/crowd_run_x265/enc_res_sif_mv_subjective_crowd_run_short_1000.mp4, mask: None, metric: ssim, mask_mode: FalseERROR:  seq: crowd_run, ref: ../2019/ref/crowd_run_short_1920x1080_50.yuv, dis: ../2019/seq/crowd_run_x265/enc_res_sif_mv_subjective_crowd_run_short_2000.mp4, mask: None, metric: ssim, mask_mode: FalseERROR:  seq: crowd_run, ref: ../2019/ref/crowd_run_short_1920x1080_50.yuv, dis: ../2019/seq/crowd_run_x265/enc_res_sif_mv_subjective_crowd_run_short_4000.mp4, mask: None, metric: ssim, mask_mode: FalseERROR:  seq: crowd_run, ref: ../2019/ref/crowd_run_short_1920x1080_50.yuv, dis: ../2019/seq/crowd_run_x265/enc_res_sz265_mv_subjective_crowd_run_short_1000.mp4, mask: None, metric: ssim, mask_mode: FalseERROR:  seq: crowd_run, ref: ../2019/ref/crowd_run_short_1920x1080_50.yuv, dis: ../2019/seq/crowd_run_x265/enc_res_sz265_mv_subjective_crowd_run_short_2000.mp4, mask: None, metric: ssim, mask_mode: FalseERROR:  seq: crowd_run, ref: ../2019/ref/crowd_run_short_1920x1080_50.yuv, dis: ../2019/seq/crowd_run_x265/enc_res_sz265_mv_subjective_crowd_run_short_4000.mp4, mask: None, metric: ssim, mask_mode: FalseERROR:  seq: crowd_run, ref: ../2019/ref/crowd_run_short_1920x1080_50.yuv, dis: ../2019/seq/crowd_run_x265/enc_res_t265_mv_subjective_crowd_run_short_1000.mp4, mask: None, metric: ssim, mask_mode: FalseERROR:  seq: crowd_run, ref: ../2019/ref/crowd_run_short_1920x1080_50.yuv, dis: ../2019/seq/crowd_run_x265/enc_res_t265_mv_subjective_crowd_run_short_2000.mp4, mask: None, metric: ssim, mask_mode: FalseERROR:  seq: crowd_run, ref: ../2019/ref/crowd_run_short_1920x1080_50.yuv, dis: ../2019/seq/crowd_run_x265/enc_res_t265_mv_subjective_crowd_run_short_4000.mp4, mask: None, metric: ssim, mask_mode: FalseERROR:  seq: crowd_run, ref: ../2019/ref/crowd_run_short_1920x1080_50.yuv, dis: ../2019/seq/crowd_run_x265/enc_res_uc265_mv_subjective_crowd_run_short_1000.mp4, mask: None, metric: ssim, mask_mode: FalseERROR:  seq: crowd_run, ref: ../2019/ref/crowd_run_short_1920x1080_50.yuv, dis: ../2019/seq/crowd_run_x265/enc_res_uc265_mv_subjective_crowd_run_short_2000.mp4, mask: None, metric: ssim, mask_mode: FalseERROR:  seq: crowd_run, ref: ../2019/ref/crowd_run_short_1920x1080_50.yuv, dis: ../2019/seq/crowd_run_x265/enc_res_uc265_mv_subjective_crowd_run_short_4000.mp4, mask: None, metric: ssim, mask_mode: FalseERROR:  seq: crowd_run, ref: ../2019/ref/crowd_run_short_1920x1080_50.yuv, dis: ../2019/seq/crowd_run_x265/enc_res_venc_mv_subjective_crowd_run_short_1000.mp4, mask: None, metric: ssim, mask_mode: FalseERROR:  seq: crowd_run, ref: ../2019/ref/crowd_run_short_1920x1080_50.yuv, dis: ../2019/seq/crowd_run_x265/enc_res_venc_mv_subjective_crowd_run_short_2000.mp4, mask: None, metric: ssim, mask_mode: FalseERROR:  seq: crowd_run, ref: ../2019/ref/crowd_run_short_1920x1080_50.yuv, dis: ../2019/seq/crowd_run_x265/enc_res_venc_mv_subjective_crowd_run_short_4000.mp4, mask: None, metric: ssim, mask_mode: FalseERROR:  seq: crowd_run, ref: ../2019/ref/crowd_run_short_1920x1080_50.yuv, dis: ../2019/seq/crowd_run_x265/enc_res_vp9_mv_subjective_crowd_run_short_1000.mp4, mask: None, metric: ssim, mask_mode: FalseERROR:  seq: crowd_run, ref: ../2019/ref/crowd_run_short_1920x1080_50.yuv, dis: ../2019/seq/crowd_run_x265/enc_res_vp9_mv_subjective_crowd_run_short_2000.mp4, mask: None, metric: ssim, mask_mode: FalseERROR:  seq: crowd_run, ref: ../2019/ref/crowd_run_short_1920x1080_50.yuv, dis: ../2019/seq/crowd_run_x265/enc_res_vp9_mv_subjective_crowd_run_short_4000.mp4, mask: None, metric: ssim, mask_mode: FalseERROR:  seq: crowd_run, ref: ../2019/ref/crowd_run_short_1920x1080_50.yuv, dis: ../2019/seq/crowd_run_x265/enc_res_x264_mv_subjective_crowd_run_short_1000.mp4, mask: None, metric: ssim, mask_mode: FalseERROR:  seq: crowd_run, ref: ../2019/ref/crowd_run_short_1920x1080_50.yuv, dis: ../2019/seq/crowd_run_x265/enc_res_x264_mv_subjective_crowd_run_short_2000.mp4, mask: None, metric: ssim, mask_mode: FalseERROR:  seq: crowd_run, ref: ../2019/ref/crowd_run_short_1920x1080_50.yuv, dis: ../2019/seq/crowd_run_x265/enc_res_x264_mv_subjective_crowd_run_short_4000.mp4, mask: None, metric: ssim, mask_mode: FalseERROR:  seq: crowd_run, ref: ../2019/ref/crowd_run_short_1920x1080_50.yuv, dis: ../2019/seq/crowd_run_x265/enc_res_x265_mv_subjective_crowd_run_short_1000.mp4, mask: None, metric: ssim, mask_mode: FalseERROR:  seq: crowd_run, ref: ../2019/ref/crowd_run_short_1920x1080_50.yuv, dis: ../2019/seq/crowd_run_x265/enc_res_x265_mv_subjective_crowd_run_short_2000.mp4, mask: None, metric: ssim, mask_mode: FalseERROR:  seq: crowd_run, ref: ../2019/ref/crowd_run_short_1920x1080_50.yuv, dis: ../2019/seq/crowd_run_x265/enc_res_x265_mv_subjective_crowd_run_short_4000.mp4, mask: None, metric: ssim, mask_mode: FalseERROR:  seq: crowd_run, ref: ../2019/ref/crowd_run_short_1920x1080_50.yuv, dis: ../2019/seq/crowd_run_x265/enc_res_xin265_mv_subjective_crowd_run_short_1000.mp4, mask: None, metric: ssim, mask_mode: FalseERROR:  seq: crowd_run, ref: ../2019/ref/crowd_run_short_1920x1080_50.yuv, dis: ../2019/seq/crowd_run_x265/enc_res_xin265_mv_subjective_crowd_run_short_2000.mp4, mask: None, metric: ssim, mask_mode: FalseERROR:  seq: crowd_run, ref: ../2019/ref/crowd_run_short_1920x1080_50.yuv, dis: ../2019/seq/crowd_run_x265/enc_res_xin265_mv_subjective_crowd_run_short_4000.mp4, mask: None, metric: ssim, mask_mode: FalseERROR:  seq: crowd_run, ref: ../2019/ref/crowd_run_short_1920x1080_50.yuv, dis: ../2019/seq/crowd_run_x265/enc_res_xvc_mv_subjective_crowd_run_short_1000.mp4, mask: None, metric: ssim, mask_mode: FalseERROR:  seq: crowd_run, ref: ../2019/ref/crowd_run_short_1920x1080_50.yuv, dis: ../2019/seq/crowd_run_x265/enc_res_xvc_mv_subjective_crowd_run_short_2000.mp4, mask: None, metric: ssim, mask_mode: FalseERROR:  seq: crowd_run, ref: ../2019/ref/crowd_run_short_1920x1080_50.yuv, dis: ../2019/seq/crowd_run_x265/enc_res_xvc_mv_subjective_crowd_run_short_4000.mp4, mask: None, metric: ssim, mask_mode: FalseERROR:  seq: crowd_run, ref: ../2019/ref/crowd_run_short_1920x1080_50.yuv, dis: ../2019/seq/crowd_run_x265/enc_res_bytedance_mv_subjective_crowd_run_short_1000.mp4, mask: ../2019/masks/.ipynb_checkpoints, metric: ssim, mask_mode: TrueERROR:  seq: crowd_run, ref: ../2019/ref/crowd_run_short_1920x1080_50.yuv, dis: ../2019/seq/crowd_run_x265/enc_res_bytedance_mv_subjective_crowd_run_short_2000.mp4, mask: ../2019/masks/.ipynb_checkpoints, metric: ssim, mask_mode: TrueERROR:  seq: crowd_run, ref: ../2019/ref/crowd_run_short_1920x1080_50.yuv, dis: ../2019/seq/crowd_run_x265/enc_res_bytedance_mv_subjective_crowd_run_short_4000.mp4, mask: ../2019/masks/.ipynb_checkpoints, metric: ssim, mask_mode: TrueERROR:  seq: crowd_run, ref: ../2019/ref/crowd_run_short_1920x1080_50.yuv, dis: ../2019/seq/crowd_run_x265/enc_res_huawei_20190725_mv_subjective_crowd_run_short_1000.mp4, mask: ../2019/masks/.ipynb_checkpoints, metric: ssim, mask_mode: TrueERROR:  seq: crowd_run, ref: ../2019/ref/crowd_run_short_1920x1080_50.yuv, dis: ../2019/seq/crowd_run_x265/enc_res_huawei_20190725_mv_subjective_crowd_run_short_2000.mp4, mask: ../2019/masks/.ipynb_checkpoints, metric: ssim, mask_mode: TrueERROR:  seq: crowd_run, ref: ../2019/ref/crowd_run_short_1920x1080_50.yuv, dis: ../2019/seq/crowd_run_x265/enc_res_huawei_20190725_mv_subjective_crowd_run_short_4000.mp4, mask: ../2019/masks/.ipynb_checkpoints, metric: ssim, mask_mode: TrueERROR:  seq: crowd_run, ref: ../2019/ref/crowd_run_short_1920x1080_50.yuv, dis: ../2019/seq/crowd_run_x265/enc_res_huawei_mv_subjective_crowd_run_short_1000.mp4, mask: ../2019/masks/.ipynb_checkpoints, metric: ssim, mask_mode: TrueERROR:  seq: crowd_run, ref: ../2019/ref/crowd_run_short_1920x1080_50.yuv, dis: ../2019/seq/crowd_run_x265/enc_res_huawei_mv_subjective_crowd_run_short_2000.mp4, mask: ../2019/masks/.ipynb_checkpoints, metric: ssim, mask_mode: TrueERROR:  seq: crowd_run, ref: ../2019/ref/crowd_run_short_1920x1080_50.yuv, dis: ../2019/seq/crowd_run_x265/enc_res_huawei_mv_subjective_crowd_run_short_4000.mp4, mask: ../2019/masks/.ipynb_checkpoints, metric: ssim, mask_mode: TrueERROR:  seq: crowd_run, ref: ../2019/ref/crowd_run_short_1920x1080_50.yuv, dis: ../2019/seq/crowd_run_x265/enc_res_mainconcept_mv_subjective_crowd_run_short_1000.mp4, mask: ../2019/masks/.ipynb_checkpoints, metric: ssim, mask_mode: TrueERROR:  seq: crowd_run, ref: ../2019/ref/crowd_run_short_1920x1080_50.yuv, dis: ../2019/seq/crowd_run_x265/enc_res_mainconcept_mv_subjective_crowd_run_short_2000.mp4, mask: ../2019/masks/.ipynb_checkpoints, metric: ssim, mask_mode: TrueERROR:  seq: crowd_run, ref: ../2019/ref/crowd_run_short_1920x1080_50.yuv, dis: ../2019/seq/crowd_run_x265/enc_res_mainconcept_mv_subjective_crowd_run_short_4000.mp4, mask: ../2019/masks/.ipynb_checkpoints, metric: ssim, mask_mode: TrueERROR:  seq: crowd_run, ref: ../2019/ref/crowd_run_short_1920x1080_50.yuv, dis: ../2019/seq/crowd_run_x265/enc_res_sif_mv_subjective_crowd_run_short_1000.mp4, mask: ../2019/masks/.ipynb_checkpoints, metric: ssim, mask_mode: TrueERROR:  seq: crowd_run, ref: ../2019/ref/crowd_run_short_1920x1080_50.yuv, dis: ../2019/seq/crowd_run_x265/enc_res_sif_mv_subjective_crowd_run_short_2000.mp4, mask: ../2019/masks/.ipynb_checkpoints, metric: ssim, mask_mode: TrueERROR:  seq: crowd_run, ref: ../2019/ref/crowd_run_short_1920x1080_50.yuv, dis: ../2019/seq/crowd_run_x265/enc_res_sif_mv_subjective_crowd_run_short_4000.mp4, mask: ../2019/masks/.ipynb_checkpoints, metric: ssim, mask_mode: TrueERROR:  seq: crowd_run, ref: ../2019/ref/crowd_run_short_1920x1080_50.yuv, dis: ../2019/seq/crowd_run_x265/enc_res_sz265_mv_subjective_crowd_run_short_1000.mp4, mask: ../2019/masks/.ipynb_checkpoints, metric: ssim, mask_mode: TrueERROR:  seq: crowd_run, ref: ../2019/ref/crowd_run_short_1920x1080_50.yuv, dis: ../2019/seq/crowd_run_x265/enc_res_sz265_mv_subjective_crowd_run_short_2000.mp4, mask: ../2019/masks/.ipynb_checkpoints, metric: ssim, mask_mode: TrueERROR:  seq: crowd_run, ref: ../2019/ref/crowd_run_short_1920x1080_50.yuv, dis: ../2019/seq/crowd_run_x265/enc_res_sz265_mv_subjective_crowd_run_short_4000.mp4, mask: ../2019/masks/.ipynb_checkpoints, metric: ssim, mask_mode: TrueERROR:  seq: crowd_run, ref: ../2019/ref/crowd_run_short_1920x1080_50.yuv, dis: ../2019/seq/crowd_run_x265/enc_res_t265_mv_subjective_crowd_run_short_1000.mp4, mask: ../2019/masks/.ipynb_checkpoints, metric: ssim, mask_mode: TrueERROR:  seq: crowd_run, ref: ../2019/ref/crowd_run_short_1920x1080_50.yuv, dis: ../2019/seq/crowd_run_x265/enc_res_t265_mv_subjective_crowd_run_short_2000.mp4, mask: ../2019/masks/.ipynb_checkpoints, metric: ssim, mask_mode: TrueERROR:  seq: crowd_run, ref: ../2019/ref/crowd_run_short_1920x1080_50.yuv, dis: ../2019/seq/crowd_run_x265/enc_res_t265_mv_subjective_crowd_run_short_4000.mp4, mask: ../2019/masks/.ipynb_checkpoints, metric: ssim, mask_mode: TrueERROR:  seq: crowd_run, ref: ../2019/ref/crowd_run_short_1920x1080_50.yuv, dis: ../2019/seq/crowd_run_x265/enc_res_uc265_mv_subjective_crowd_run_short_1000.mp4, mask: ../2019/masks/.ipynb_checkpoints, metric: ssim, mask_mode: TrueERROR:  seq: crowd_run, ref: ../2019/ref/crowd_run_short_1920x1080_50.yuv, dis: ../2019/seq/crowd_run_x265/enc_res_uc265_mv_subjective_crowd_run_short_2000.mp4, mask: ../2019/masks/.ipynb_checkpoints, metric: ssim, mask_mode: TrueERROR:  seq: crowd_run, ref: ../2019/ref/crowd_run_short_1920x1080_50.yuv, dis: ../2019/seq/crowd_run_x265/enc_res_uc265_mv_subjective_crowd_run_short_4000.mp4, mask: ../2019/masks/.ipynb_checkpoints, metric: ssim, mask_mode: TrueERROR:  seq: crowd_run, ref: ../2019/ref/crowd_run_short_1920x1080_50.yuv, dis: ../2019/seq/crowd_run_x265/enc_res_venc_mv_subjective_crowd_run_short_1000.mp4, mask: ../2019/masks/.ipynb_checkpoints, metric: ssim, mask_mode: TrueERROR:  seq: crowd_run, ref: ../2019/ref/crowd_run_short_1920x1080_50.yuv, dis: ../2019/seq/crowd_run_x265/enc_res_venc_mv_subjective_crowd_run_short_2000.mp4, mask: ../2019/masks/.ipynb_checkpoints, metric: ssim, mask_mode: TrueERROR:  seq: crowd_run, ref: ../2019/ref/crowd_run_short_1920x1080_50.yuv, dis: ../2019/seq/crowd_run_x265/enc_res_venc_mv_subjective_crowd_run_short_4000.mp4, mask: ../2019/masks/.ipynb_checkpoints, metric: ssim, mask_mode: TrueERROR:  seq: crowd_run, ref: ../2019/ref/crowd_run_short_1920x1080_50.yuv, dis: ../2019/seq/crowd_run_x265/enc_res_vp9_mv_subjective_crowd_run_short_1000.mp4, mask: ../2019/masks/.ipynb_checkpoints, metric: ssim, mask_mode: TrueERROR:  seq: crowd_run, ref: ../2019/ref/crowd_run_short_1920x1080_50.yuv, dis: ../2019/seq/crowd_run_x265/enc_res_vp9_mv_subjective_crowd_run_short_2000.mp4, mask: ../2019/masks/.ipynb_checkpoints, metric: ssim, mask_mode: TrueERROR:  seq: crowd_run, ref: ../2019/ref/crowd_run_short_1920x1080_50.yuv, dis: ../2019/seq/crowd_run_x265/enc_res_vp9_mv_subjective_crowd_run_short_4000.mp4, mask: ../2019/masks/.ipynb_checkpoints, metric: ssim, mask_mode: TrueERROR:  seq: crowd_run, ref: ../2019/ref/crowd_run_short_1920x1080_50.yuv, dis: ../2019/seq/crowd_run_x265/enc_res_x264_mv_subjective_crowd_run_short_1000.mp4, mask: ../2019/masks/.ipynb_checkpoints, metric: ssim, mask_mode: TrueERROR:  seq: crowd_run, ref: ../2019/ref/crowd_run_short_1920x1080_50.yuv, dis: ../2019/seq/crowd_run_x265/enc_res_x264_mv_subjective_crowd_run_short_2000.mp4, mask: ../2019/masks/.ipynb_checkpoints, metric: ssim, mask_mode: TrueERROR:  seq: crowd_run, ref: ../2019/ref/crowd_run_short_1920x1080_50.yuv, dis: ../2019/seq/crowd_run_x265/enc_res_x264_mv_subjective_crowd_run_short_4000.mp4, mask: ../2019/masks/.ipynb_checkpoints, metric: ssim, mask_mode: TrueERROR:  seq: crowd_run, ref: ../2019/ref/crowd_run_short_1920x1080_50.yuv, dis: ../2019/seq/crowd_run_x265/enc_res_x265_mv_subjective_crowd_run_short_1000.mp4, mask: ../2019/masks/.ipynb_checkpoints, metric: ssim, mask_mode: TrueERROR:  seq: crowd_run, ref: ../2019/ref/crowd_run_short_1920x1080_50.yuv, dis: ../2019/seq/crowd_run_x265/enc_res_x265_mv_subjective_crowd_run_short_2000.mp4, mask: ../2019/masks/.ipynb_checkpoints, metric: ssim, mask_mode: TrueERROR:  seq: crowd_run, ref: ../2019/ref/crowd_run_short_1920x1080_50.yuv, dis: ../2019/seq/crowd_run_x265/enc_res_x265_mv_subjective_crowd_run_short_4000.mp4, mask: ../2019/masks/.ipynb_checkpoints, metric: ssim, mask_mode: TrueERROR:  seq: crowd_run, ref: ../2019/ref/crowd_run_short_1920x1080_50.yuv, dis: ../2019/seq/crowd_run_x265/enc_res_xin265_mv_subjective_crowd_run_short_1000.mp4, mask: ../2019/masks/.ipynb_checkpoints, metric: ssim, mask_mode: TrueERROR:  seq: crowd_run, ref: ../2019/ref/crowd_run_short_1920x1080_50.yuv, dis: ../2019/seq/crowd_run_x265/enc_res_xin265_mv_subjective_crowd_run_short_2000.mp4, mask: ../2019/masks/.ipynb_checkpoints, metric: ssim, mask_mode: TrueERROR:  seq: crowd_run, ref: ../2019/ref/crowd_run_short_1920x1080_50.yuv, dis: ../2019/seq/crowd_run_x265/enc_res_xin265_mv_subjective_crowd_run_short_4000.mp4, mask: ../2019/masks/.ipynb_checkpoints, metric: ssim, mask_mode: TrueERROR:  seq: crowd_run, ref: ../2019/ref/crowd_run_short_1920x1080_50.yuv, dis: ../2019/seq/crowd_run_x265/enc_res_xvc_mv_subjective_crowd_run_short_1000.mp4, mask: ../2019/masks/.ipynb_checkpoints, metric: ssim, mask_mode: TrueERROR:  seq: crowd_run, ref: ../2019/ref/crowd_run_short_1920x1080_50.yuv, dis: ../2019/seq/crowd_run_x265/enc_res_xvc_mv_subjective_crowd_run_short_2000.mp4, mask: ../2019/masks/.ipynb_checkpoints, metric: ssim, mask_mode: TrueERROR:  seq: crowd_run, ref: ../2019/ref/crowd_run_short_1920x1080_50.yuv, dis: ../2019/seq/crowd_run_x265/enc_res_xvc_mv_subjective_crowd_run_short_4000.mp4, mask: ../2019/masks/.ipynb_checkpoints, metric: ssim, mask_mode: TrueERROR:  seq: crowd_run, ref: ../2019/ref/crowd_run_short_1920x1080_50.yuv, dis: ../2019/seq/crowd_run_x265/enc_res_bytedance_mv_subjective_crowd_run_short_1000.mp4, mask: None, metric: ssim, mask_mode: FalseERROR:  seq: crowd_run, ref: ../2019/ref/crowd_run_short_1920x1080_50.yuv, dis: ../2019/seq/crowd_run_x265/enc_res_bytedance_mv_subjective_crowd_run_short_2000.mp4, mask: None, metric: ssim, mask_mode: FalseERROR:  seq: crowd_run, ref: ../2019/ref/crowd_run_short_1920x1080_50.yuv, dis: ../2019/seq/crowd_run_x265/enc_res_bytedance_mv_subjective_crowd_run_short_4000.mp4, mask: None, metric: ssim, mask_mode: FalseERROR:  seq: crowd_run, ref: ../2019/ref/crowd_run_short_1920x1080_50.yuv, dis: ../2019/seq/crowd_run_x265/enc_res_huawei_20190725_mv_subjective_crowd_run_short_1000.mp4, mask: None, metric: ssim, mask_mode: FalseERROR:  seq: crowd_run, ref: ../2019/ref/crowd_run_short_1920x1080_50.yuv, dis: ../2019/seq/crowd_run_x265/enc_res_huawei_20190725_mv_subjective_crowd_run_short_2000.mp4, mask: None, metric: ssim, mask_mode: FalseERROR:  seq: crowd_run, ref: ../2019/ref/crowd_run_short_1920x1080_50.yuv, dis: ../2019/seq/crowd_run_x265/enc_res_huawei_20190725_mv_subjective_crowd_run_short_4000.mp4, mask: None, metric: ssim, mask_mode: FalseERROR:  seq: crowd_run, ref: ../2019/ref/crowd_run_short_1920x1080_50.yuv, dis: ../2019/seq/crowd_run_x265/enc_res_huawei_mv_subjective_crowd_run_short_1000.mp4, mask: None, metric: ssim, mask_mode: FalseERROR:  seq: crowd_run, ref: ../2019/ref/crowd_run_short_1920x1080_50.yuv, dis: ../2019/seq/crowd_run_x265/enc_res_huawei_mv_subjective_crowd_run_short_2000.mp4, mask: None, metric: ssim, mask_mode: FalseERROR:  seq: crowd_run, ref: ../2019/ref/crowd_run_short_1920x1080_50.yuv, dis: ../2019/seq/crowd_run_x265/enc_res_huawei_mv_subjective_crowd_run_short_4000.mp4, mask: None, metric: ssim, mask_mode: FalseERROR:  seq: crowd_run, ref: ../2019/ref/crowd_run_short_1920x1080_50.yuv, dis: ../2019/seq/crowd_run_x265/enc_res_mainconcept_mv_subjective_crowd_run_short_1000.mp4, mask: None, metric: ssim, mask_mode: FalseERROR:  seq: crowd_run, ref: ../2019/ref/crowd_run_short_1920x1080_50.yuv, dis: ../2019/seq/crowd_run_x265/enc_res_mainconcept_mv_subjective_crowd_run_short_2000.mp4, mask: None, metric: ssim, mask_mode: FalseERROR:  seq: crowd_run, ref: ../2019/ref/crowd_run_short_1920x1080_50.yuv, dis: ../2019/seq/crowd_run_x265/enc_res_mainconcept_mv_subjective_crowd_run_short_4000.mp4, mask: None, metric: ssim, mask_mode: FalseERROR:  seq: crowd_run, ref: ../2019/ref/crowd_run_short_1920x1080_50.yuv, dis: ../2019/seq/crowd_run_x265/enc_res_sif_mv_subjective_crowd_run_short_1000.mp4, mask: None, metric: ssim, mask_mode: FalseERROR:  seq: crowd_run, ref: ../2019/ref/crowd_run_short_1920x1080_50.yuv, dis: ../2019/seq/crowd_run_x265/enc_res_sif_mv_subjective_crowd_run_short_2000.mp4, mask: None, metric: ssim, mask_mode: FalseERROR:  seq: crowd_run, ref: ../2019/ref/crowd_run_short_1920x1080_50.yuv, dis: ../2019/seq/crowd_run_x265/enc_res_sif_mv_subjective_crowd_run_short_4000.mp4, mask: None, metric: ssim, mask_mode: FalseERROR:  seq: crowd_run, ref: ../2019/ref/crowd_run_short_1920x1080_50.yuv, dis: ../2019/seq/crowd_run_x265/enc_res_sz265_mv_subjective_crowd_run_short_1000.mp4, mask: None, metric: ssim, mask_mode: FalseERROR:  seq: crowd_run, ref: ../2019/ref/crowd_run_short_1920x1080_50.yuv, dis: ../2019/seq/crowd_run_x265/enc_res_sz265_mv_subjective_crowd_run_short_2000.mp4, mask: None, metric: ssim, mask_mode: FalseERROR:  seq: crowd_run, ref: ../2019/ref/crowd_run_short_1920x1080_50.yuv, dis: ../2019/seq/crowd_run_x265/enc_res_sz265_mv_subjective_crowd_run_short_4000.mp4, mask: None, metric: ssim, mask_mode: FalseERROR:  seq: crowd_run, ref: ../2019/ref/crowd_run_short_1920x1080_50.yuv, dis: ../2019/seq/crowd_run_x265/enc_res_t265_mv_subjective_crowd_run_short_1000.mp4, mask: None, metric: ssim, mask_mode: FalseERROR:  seq: crowd_run, ref: ../2019/ref/crowd_run_short_1920x1080_50.yuv, dis: ../2019/seq/crowd_run_x265/enc_res_t265_mv_subjective_crowd_run_short_2000.mp4, mask: None, metric: ssim, mask_mode: FalseERROR:  seq: crowd_run, ref: ../2019/ref/crowd_run_short_1920x1080_50.yuv, dis: ../2019/seq/crowd_run_x265/enc_res_t265_mv_subjective_crowd_run_short_4000.mp4, mask: None, metric: ssim, mask_mode: FalseERROR:  seq: crowd_run, ref: ../2019/ref/crowd_run_short_1920x1080_50.yuv, dis: ../2019/seq/crowd_run_x265/enc_res_uc265_mv_subjective_crowd_run_short_1000.mp4, mask: None, metric: ssim, mask_mode: FalseERROR:  seq: crowd_run, ref: ../2019/ref/crowd_run_short_1920x1080_50.yuv, dis: ../2019/seq/crowd_run_x265/enc_res_uc265_mv_subjective_crowd_run_short_2000.mp4, mask: None, metric: ssim, mask_mode: FalseERROR:  seq: crowd_run, ref: ../2019/ref/crowd_run_short_1920x1080_50.yuv, dis: ../2019/seq/crowd_run_x265/enc_res_uc265_mv_subjective_crowd_run_short_4000.mp4, mask: None, metric: ssim, mask_mode: FalseERROR:  seq: crowd_run, ref: ../2019/ref/crowd_run_short_1920x1080_50.yuv, dis: ../2019/seq/crowd_run_x265/enc_res_venc_mv_subjective_crowd_run_short_1000.mp4, mask: None, metric: ssim, mask_mode: FalseERROR:  seq: crowd_run, ref: ../2019/ref/crowd_run_short_1920x1080_50.yuv, dis: ../2019/seq/crowd_run_x265/enc_res_venc_mv_subjective_crowd_run_short_2000.mp4, mask: None, metric: ssim, mask_mode: FalseERROR:  seq: crowd_run, ref: ../2019/ref/crowd_run_short_1920x1080_50.yuv, dis: ../2019/seq/crowd_run_x265/enc_res_venc_mv_subjective_crowd_run_short_4000.mp4, mask: None, metric: ssim, mask_mode: FalseERROR:  seq: crowd_run, ref: ../2019/ref/crowd_run_short_1920x1080_50.yuv, dis: ../2019/seq/crowd_run_x265/enc_res_vp9_mv_subjective_crowd_run_short_1000.mp4, mask: None, metric: ssim, mask_mode: FalseERROR:  seq: crowd_run, ref: ../2019/ref/crowd_run_short_1920x1080_50.yuv, dis: ../2019/seq/crowd_run_x265/enc_res_vp9_mv_subjective_crowd_run_short_2000.mp4, mask: None, metric: ssim, mask_mode: FalseERROR:  seq: crowd_run, ref: ../2019/ref/crowd_run_short_1920x1080_50.yuv, dis: ../2019/seq/crowd_run_x265/enc_res_vp9_mv_subjective_crowd_run_short_4000.mp4, mask: None, metric: ssim, mask_mode: FalseERROR:  seq: crowd_run, ref: ../2019/ref/crowd_run_short_1920x1080_50.yuv, dis: ../2019/seq/crowd_run_x265/enc_res_x264_mv_subjective_crowd_run_short_1000.mp4, mask: None, metric: ssim, mask_mode: FalseERROR:  seq: crowd_run, ref: ../2019/ref/crowd_run_short_1920x1080_50.yuv, dis: ../2019/seq/crowd_run_x265/enc_res_x264_mv_subjective_crowd_run_short_2000.mp4, mask: None, metric: ssim, mask_mode: FalseERROR:  seq: crowd_run, ref: ../2019/ref/crowd_run_short_1920x1080_50.yuv, dis: ../2019/seq/crowd_run_x265/enc_res_x264_mv_subjective_crowd_run_short_4000.mp4, mask: None, metric: ssim, mask_mode: FalseERROR:  seq: crowd_run, ref: ../2019/ref/crowd_run_short_1920x1080_50.yuv, dis: ../2019/seq/crowd_run_x265/enc_res_x265_mv_subjective_crowd_run_short_1000.mp4, mask: None, metric: ssim, mask_mode: FalseERROR:  seq: crowd_run, ref: ../2019/ref/crowd_run_short_1920x1080_50.yuv, dis: ../2019/seq/crowd_run_x265/enc_res_x265_mv_subjective_crowd_run_short_2000.mp4, mask: None, metric: ssim, mask_mode: FalseERROR:  seq: crowd_run, ref: ../2019/ref/crowd_run_short_1920x1080_50.yuv, dis: ../2019/seq/crowd_run_x265/enc_res_x265_mv_subjective_crowd_run_short_4000.mp4, mask: None, metric: ssim, mask_mode: FalseERROR:  seq: crowd_run, ref: ../2019/ref/crowd_run_short_1920x1080_50.yuv, dis: ../2019/seq/crowd_run_x265/enc_res_xin265_mv_subjective_crowd_run_short_1000.mp4, mask: None, metric: ssim, mask_mode: FalseERROR:  seq: crowd_run, ref: ../2019/ref/crowd_run_short_1920x1080_50.yuv, dis: ../2019/seq/crowd_run_x265/enc_res_xin265_mv_subjective_crowd_run_short_2000.mp4, mask: None, metric: ssim, mask_mode: FalseERROR:  seq: crowd_run, ref: ../2019/ref/crowd_run_short_1920x1080_50.yuv, dis: ../2019/seq/crowd_run_x265/enc_res_xin265_mv_subjective_crowd_run_short_4000.mp4, mask: None, metric: ssim, mask_mode: FalseERROR:  seq: crowd_run, ref: ../2019/ref/crowd_run_short_1920x1080_50.yuv, dis: ../2019/seq/crowd_run_x265/enc_res_xvc_mv_subjective_crowd_run_short_1000.mp4, mask: None, metric: ssim, mask_mode: FalseERROR:  seq: crowd_run, ref: ../2019/ref/crowd_run_short_1920x1080_50.yuv, dis: ../2019/seq/crowd_run_x265/enc_res_xvc_mv_subjective_crowd_run_short_2000.mp4, mask: None, metric: ssim, mask_mode: FalseERROR:  seq: crowd_run, ref: ../2019/ref/crowd_run_short_1920x1080_50.yuv, dis: ../2019/seq/crowd_run_x265/enc_res_xvc_mv_subjective_crowd_run_short_4000.mp4, mask: None, metric: ssim, mask_mode: FalseERROR:  seq: crowd_run, ref: ../2019/ref/crowd_run_short_1920x1080_50.yuv, dis: ../2019/seq/crowd_run_x265/enc_res_bytedance_mv_subjective_crowd_run_short_1000.mp4, mask: ../2019/masks/.ipynb_checkpoints, metric: ssim, mask_mode: TrueERROR:  seq: crowd_run, ref: ../2019/ref/crowd_run_short_1920x1080_50.yuv, dis: ../2019/seq/crowd_run_x265/enc_res_bytedance_mv_subjective_crowd_run_short_2000.mp4, mask: ../2019/masks/.ipynb_checkpoints, metric: ssim, mask_mode: TrueERROR:  seq: crowd_run, ref: ../2019/ref/crowd_run_short_1920x1080_50.yuv, dis: ../2019/seq/crowd_run_x265/enc_res_bytedance_mv_subjective_crowd_run_short_4000.mp4, mask: ../2019/masks/.ipynb_checkpoints, metric: ssim, mask_mode: TrueERROR:  seq: crowd_run, ref: ../2019/ref/crowd_run_short_1920x1080_50.yuv, dis: ../2019/seq/crowd_run_x265/enc_res_huawei_20190725_mv_subjective_crowd_run_short_1000.mp4, mask: ../2019/masks/.ipynb_checkpoints, metric: ssim, mask_mode: TrueERROR:  seq: crowd_run, ref: ../2019/ref/crowd_run_short_1920x1080_50.yuv, dis: ../2019/seq/crowd_run_x265/enc_res_huawei_20190725_mv_subjective_crowd_run_short_2000.mp4, mask: ../2019/masks/.ipynb_checkpoints, metric: ssim, mask_mode: TrueERROR:  seq: crowd_run, ref: ../2019/ref/crowd_run_short_1920x1080_50.yuv, dis: ../2019/seq/crowd_run_x265/enc_res_huawei_20190725_mv_subjective_crowd_run_short_4000.mp4, mask: ../2019/masks/.ipynb_checkpoints, metric: ssim, mask_mode: TrueERROR:  seq: crowd_run, ref: ../2019/ref/crowd_run_short_1920x1080_50.yuv, dis: ../2019/seq/crowd_run_x265/enc_res_huawei_mv_subjective_crowd_run_short_1000.mp4, mask: ../2019/masks/.ipynb_checkpoints, metric: ssim, mask_mode: TrueERROR:  seq: crowd_run, ref: ../2019/ref/crowd_run_short_1920x1080_50.yuv, dis: ../2019/seq/crowd_run_x265/enc_res_huawei_mv_subjective_crowd_run_short_2000.mp4, mask: ../2019/masks/.ipynb_checkpoints, metric: ssim, mask_mode: TrueERROR:  seq: crowd_run, ref: ../2019/ref/crowd_run_short_1920x1080_50.yuv, dis: ../2019/seq/crowd_run_x265/enc_res_huawei_mv_subjective_crowd_run_short_4000.mp4, mask: ../2019/masks/.ipynb_checkpoints, metric: ssim, mask_mode: TrueERROR:  seq: crowd_run, ref: ../2019/ref/crowd_run_short_1920x1080_50.yuv, dis: ../2019/seq/crowd_run_x265/enc_res_mainconcept_mv_subjective_crowd_run_short_1000.mp4, mask: ../2019/masks/.ipynb_checkpoints, metric: ssim, mask_mode: TrueERROR:  seq: crowd_run, ref: ../2019/ref/crowd_run_short_1920x1080_50.yuv, dis: ../2019/seq/crowd_run_x265/enc_res_mainconcept_mv_subjective_crowd_run_short_2000.mp4, mask: ../2019/masks/.ipynb_checkpoints, metric: ssim, mask_mode: TrueERROR:  seq: crowd_run, ref: ../2019/ref/crowd_run_short_1920x1080_50.yuv, dis: ../2019/seq/crowd_run_x265/enc_res_mainconcept_mv_subjective_crowd_run_short_4000.mp4, mask: ../2019/masks/.ipynb_checkpoints, metric: ssim, mask_mode: TrueERROR:  seq: crowd_run, ref: ../2019/ref/crowd_run_short_1920x1080_50.yuv, dis: ../2019/seq/crowd_run_x265/enc_res_sif_mv_subjective_crowd_run_short_1000.mp4, mask: ../2019/masks/.ipynb_checkpoints, metric: ssim, mask_mode: TrueERROR:  seq: crowd_run, ref: ../2019/ref/crowd_run_short_1920x1080_50.yuv, dis: ../2019/seq/crowd_run_x265/enc_res_sif_mv_subjective_crowd_run_short_2000.mp4, mask: ../2019/masks/.ipynb_checkpoints, metric: ssim, mask_mode: TrueERROR:  seq: crowd_run, ref: ../2019/ref/crowd_run_short_1920x1080_50.yuv, dis: ../2019/seq/crowd_run_x265/enc_res_sif_mv_subjective_crowd_run_short_4000.mp4, mask: ../2019/masks/.ipynb_checkpoints, metric: ssim, mask_mode: TrueERROR:  seq: crowd_run, ref: ../2019/ref/crowd_run_short_1920x1080_50.yuv, dis: ../2019/seq/crowd_run_x265/enc_res_sz265_mv_subjective_crowd_run_short_1000.mp4, mask: ../2019/masks/.ipynb_checkpoints, metric: ssim, mask_mode: TrueERROR:  seq: crowd_run, ref: ../2019/ref/crowd_run_short_1920x1080_50.yuv, dis: ../2019/seq/crowd_run_x265/enc_res_sz265_mv_subjective_crowd_run_short_2000.mp4, mask: ../2019/masks/.ipynb_checkpoints, metric: ssim, mask_mode: TrueERROR:  seq: crowd_run, ref: ../2019/ref/crowd_run_short_1920x1080_50.yuv, dis: ../2019/seq/crowd_run_x265/enc_res_sz265_mv_subjective_crowd_run_short_4000.mp4, mask: ../2019/masks/.ipynb_checkpoints, metric: ssim, mask_mode: TrueERROR:  seq: crowd_run, ref: ../2019/ref/crowd_run_short_1920x1080_50.yuv, dis: ../2019/seq/crowd_run_x265/enc_res_t265_mv_subjective_crowd_run_short_1000.mp4, mask: ../2019/masks/.ipynb_checkpoints, metric: ssim, mask_mode: TrueERROR:  seq: crowd_run, ref: ../2019/ref/crowd_run_short_1920x1080_50.yuv, dis: ../2019/seq/crowd_run_x265/enc_res_t265_mv_subjective_crowd_run_short_2000.mp4, mask: ../2019/masks/.ipynb_checkpoints, metric: ssim, mask_mode: TrueERROR:  seq: crowd_run, ref: ../2019/ref/crowd_run_short_1920x1080_50.yuv, dis: ../2019/seq/crowd_run_x265/enc_res_t265_mv_subjective_crowd_run_short_4000.mp4, mask: ../2019/masks/.ipynb_checkpoints, metric: ssim, mask_mode: TrueERROR:  seq: crowd_run, ref: ../2019/ref/crowd_run_short_1920x1080_50.yuv, dis: ../2019/seq/crowd_run_x265/enc_res_uc265_mv_subjective_crowd_run_short_1000.mp4, mask: ../2019/masks/.ipynb_checkpoints, metric: ssim, mask_mode: TrueERROR:  seq: crowd_run, ref: ../2019/ref/crowd_run_short_1920x1080_50.yuv, dis: ../2019/seq/crowd_run_x265/enc_res_uc265_mv_subjective_crowd_run_short_2000.mp4, mask: ../2019/masks/.ipynb_checkpoints, metric: ssim, mask_mode: TrueERROR:  seq: crowd_run, ref: ../2019/ref/crowd_run_short_1920x1080_50.yuv, dis: ../2019/seq/crowd_run_x265/enc_res_uc265_mv_subjective_crowd_run_short_4000.mp4, mask: ../2019/masks/.ipynb_checkpoints, metric: ssim, mask_mode: TrueERROR:  seq: crowd_run, ref: ../2019/ref/crowd_run_short_1920x1080_50.yuv, dis: ../2019/seq/crowd_run_x265/enc_res_venc_mv_subjective_crowd_run_short_1000.mp4, mask: ../2019/masks/.ipynb_checkpoints, metric: ssim, mask_mode: TrueERROR:  seq: crowd_run, ref: ../2019/ref/crowd_run_short_1920x1080_50.yuv, dis: ../2019/seq/crowd_run_x265/enc_res_venc_mv_subjective_crowd_run_short_2000.mp4, mask: ../2019/masks/.ipynb_checkpoints, metric: ssim, mask_mode: TrueERROR:  seq: crowd_run, ref: ../2019/ref/crowd_run_short_1920x1080_50.yuv, dis: ../2019/seq/crowd_run_x265/enc_res_venc_mv_subjective_crowd_run_short_4000.mp4, mask: ../2019/masks/.ipynb_checkpoints, metric: ssim, mask_mode: TrueERROR:  seq: crowd_run, ref: ../2019/ref/crowd_run_short_1920x1080_50.yuv, dis: ../2019/seq/crowd_run_x265/enc_res_vp9_mv_subjective_crowd_run_short_1000.mp4, mask: ../2019/masks/.ipynb_checkpoints, metric: ssim, mask_mode: TrueERROR:  seq: crowd_run, ref: ../2019/ref/crowd_run_short_1920x1080_50.yuv, dis: ../2019/seq/crowd_run_x265/enc_res_vp9_mv_subjective_crowd_run_short_2000.mp4, mask: ../2019/masks/.ipynb_checkpoints, metric: ssim, mask_mode: TrueERROR:  seq: crowd_run, ref: ../2019/ref/crowd_run_short_1920x1080_50.yuv, dis: ../2019/seq/crowd_run_x265/enc_res_vp9_mv_subjective_crowd_run_short_4000.mp4, mask: ../2019/masks/.ipynb_checkpoints, metric: ssim, mask_mode: TrueERROR:  seq: crowd_run, ref: ../2019/ref/crowd_run_short_1920x1080_50.yuv, dis: ../2019/seq/crowd_run_x265/enc_res_x264_mv_subjective_crowd_run_short_1000.mp4, mask: ../2019/masks/.ipynb_checkpoints, metric: ssim, mask_mode: TrueERROR:  seq: crowd_run, ref: ../2019/ref/crowd_run_short_1920x1080_50.yuv, dis: ../2019/seq/crowd_run_x265/enc_res_x264_mv_subjective_crowd_run_short_2000.mp4, mask: ../2019/masks/.ipynb_checkpoints, metric: ssim, mask_mode: TrueERROR:  seq: crowd_run, ref: ../2019/ref/crowd_run_short_1920x1080_50.yuv, dis: ../2019/seq/crowd_run_x265/enc_res_x264_mv_subjective_crowd_run_short_4000.mp4, mask: ../2019/masks/.ipynb_checkpoints, metric: ssim, mask_mode: TrueERROR:  seq: crowd_run, ref: ../2019/ref/crowd_run_short_1920x1080_50.yuv, dis: ../2019/seq/crowd_run_x265/enc_res_x265_mv_subjective_crowd_run_short_1000.mp4, mask: ../2019/masks/.ipynb_checkpoints, metric: ssim, mask_mode: TrueERROR:  seq: crowd_run, ref: ../2019/ref/crowd_run_short_1920x1080_50.yuv, dis: ../2019/seq/crowd_run_x265/enc_res_x265_mv_subjective_crowd_run_short_2000.mp4, mask: ../2019/masks/.ipynb_checkpoints, metric: ssim, mask_mode: TrueERROR:  seq: crowd_run, ref: ../2019/ref/crowd_run_short_1920x1080_50.yuv, dis: ../2019/seq/crowd_run_x265/enc_res_x265_mv_subjective_crowd_run_short_4000.mp4, mask: ../2019/masks/.ipynb_checkpoints, metric: ssim, mask_mode: TrueERROR:  seq: crowd_run, ref: ../2019/ref/crowd_run_short_1920x1080_50.yuv, dis: ../2019/seq/crowd_run_x265/enc_res_xin265_mv_subjective_crowd_run_short_1000.mp4, mask: ../2019/masks/.ipynb_checkpoints, metric: ssim, mask_mode: TrueERROR:  seq: crowd_run, ref: ../2019/ref/crowd_run_short_1920x1080_50.yuv, dis: ../2019/seq/crowd_run_x265/enc_res_xin265_mv_subjective_crowd_run_short_2000.mp4, mask: ../2019/masks/.ipynb_checkpoints, metric: ssim, mask_mode: TrueERROR:  seq: crowd_run, ref: ../2019/ref/crowd_run_short_1920x1080_50.yuv, dis: ../2019/seq/crowd_run_x265/enc_res_xin265_mv_subjective_crowd_run_short_4000.mp4, mask: ../2019/masks/.ipynb_checkpoints, metric: ssim, mask_mode: TrueERROR:  seq: crowd_run, ref: ../2019/ref/crowd_run_short_1920x1080_50.yuv, dis: ../2019/seq/crowd_run_x265/enc_res_xvc_mv_subjective_crowd_run_short_1000.mp4, mask: ../2019/masks/.ipynb_checkpoints, metric: ssim, mask_mode: TrueERROR:  seq: crowd_run, ref: ../2019/ref/crowd_run_short_1920x1080_50.yuv, dis: ../2019/seq/crowd_run_x265/enc_res_xvc_mv_subjective_crowd_run_short_2000.mp4, mask: ../2019/masks/.ipynb_checkpoints, metric: ssim, mask_mode: TrueERROR:  seq: crowd_run, ref: ../2019/ref/crowd_run_short_1920x1080_50.yuv, dis: ../2019/seq/crowd_run_x265/enc_res_xvc_mv_subjective_crowd_run_short_4000.mp4, mask: ../2019/masks/.ipynb_checkpoints, metric: ssim, mask_mode: TrueERROR:  seq: crowd_run, ref: ../2019/ref/crowd_run_short_1920x1080_50.yuv, dis: ../2019/seq/crowd_run_x265/enc_res_bytedance_mv_subjective_crowd_run_short_1000.mp4, mask: None, metric: ssim, mask_mode: FalseERROR:  seq: crowd_run, ref: ../2019/ref/crowd_run_short_1920x1080_50.yuv, dis: ../2019/seq/crowd_run_x265/enc_res_bytedance_mv_subjective_crowd_run_short_2000.mp4, mask: None, metric: ssim, mask_mode: FalseERROR:  seq: crowd_run, ref: ../2019/ref/crowd_run_short_1920x1080_50.yuv, dis: ../2019/seq/crowd_run_x265/enc_res_bytedance_mv_subjective_crowd_run_short_4000.mp4, mask: None, metric: ssim, mask_mode: FalseERROR:  seq: crowd_run, ref: ../2019/ref/crowd_run_short_1920x1080_50.yuv, dis: ../2019/seq/crowd_run_x265/enc_res_huawei_20190725_mv_subjective_crowd_run_short_1000.mp4, mask: None, metric: ssim, mask_mode: FalseERROR:  seq: crowd_run, ref: ../2019/ref/crowd_run_short_1920x1080_50.yuv, dis: ../2019/seq/crowd_run_x265/enc_res_huawei_20190725_mv_subjective_crowd_run_short_2000.mp4, mask: None, metric: ssim, mask_mode: FalseERROR:  seq: crowd_run, ref: ../2019/ref/crowd_run_short_1920x1080_50.yuv, dis: ../2019/seq/crowd_run_x265/enc_res_huawei_20190725_mv_subjective_crowd_run_short_4000.mp4, mask: None, metric: ssim, mask_mode: FalseERROR:  seq: crowd_run, ref: ../2019/ref/crowd_run_short_1920x1080_50.yuv, dis: ../2019/seq/crowd_run_x265/enc_res_huawei_mv_subjective_crowd_run_short_1000.mp4, mask: None, metric: ssim, mask_mode: FalseERROR:  seq: crowd_run, ref: ../2019/ref/crowd_run_short_1920x1080_50.yuv, dis: ../2019/seq/crowd_run_x265/enc_res_huawei_mv_subjective_crowd_run_short_2000.mp4, mask: None, metric: ssim, mask_mode: FalseERROR:  seq: crowd_run, ref: ../2019/ref/crowd_run_short_1920x1080_50.yuv, dis: ../2019/seq/crowd_run_x265/enc_res_huawei_mv_subjective_crowd_run_short_4000.mp4, mask: None, metric: ssim, mask_mode: FalseERROR:  seq: crowd_run, ref: ../2019/ref/crowd_run_short_1920x1080_50.yuv, dis: ../2019/seq/crowd_run_x265/enc_res_mainconcept_mv_subjective_crowd_run_short_1000.mp4, mask: None, metric: ssim, mask_mode: FalseERROR:  seq: crowd_run, ref: ../2019/ref/crowd_run_short_1920x1080_50.yuv, dis: ../2019/seq/crowd_run_x265/enc_res_mainconcept_mv_subjective_crowd_run_short_2000.mp4, mask: None, metric: ssim, mask_mode: FalseERROR:  seq: crowd_run, ref: ../2019/ref/crowd_run_short_1920x1080_50.yuv, dis: ../2019/seq/crowd_run_x265/enc_res_mainconcept_mv_subjective_crowd_run_short_4000.mp4, mask: None, metric: ssim, mask_mode: FalseERROR:  seq: crowd_run, ref: ../2019/ref/crowd_run_short_1920x1080_50.yuv, dis: ../2019/seq/crowd_run_x265/enc_res_sif_mv_subjective_crowd_run_short_1000.mp4, mask: None, metric: ssim, mask_mode: FalseERROR:  seq: crowd_run, ref: ../2019/ref/crowd_run_short_1920x1080_50.yuv, dis: ../2019/seq/crowd_run_x265/enc_res_sif_mv_subjective_crowd_run_short_2000.mp4, mask: None, metric: ssim, mask_mode: FalseERROR:  seq: crowd_run, ref: ../2019/ref/crowd_run_short_1920x1080_50.yuv, dis: ../2019/seq/crowd_run_x265/enc_res_sif_mv_subjective_crowd_run_short_4000.mp4, mask: None, metric: ssim, mask_mode: FalseERROR:  seq: crowd_run, ref: ../2019/ref/crowd_run_short_1920x1080_50.yuv, dis: ../2019/seq/crowd_run_x265/enc_res_sz265_mv_subjective_crowd_run_short_1000.mp4, mask: None, metric: ssim, mask_mode: FalseERROR:  seq: crowd_run, ref: ../2019/ref/crowd_run_short_1920x1080_50.yuv, dis: ../2019/seq/crowd_run_x265/enc_res_sz265_mv_subjective_crowd_run_short_2000.mp4, mask: None, metric: ssim, mask_mode: FalseERROR:  seq: crowd_run, ref: ../2019/ref/crowd_run_short_1920x1080_50.yuv, dis: ../2019/seq/crowd_run_x265/enc_res_sz265_mv_subjective_crowd_run_short_4000.mp4, mask: None, metric: ssim, mask_mode: FalseERROR:  seq: crowd_run, ref: ../2019/ref/crowd_run_short_1920x1080_50.yuv, dis: ../2019/seq/crowd_run_x265/enc_res_t265_mv_subjective_crowd_run_short_1000.mp4, mask: None, metric: ssim, mask_mode: FalseERROR:  seq: crowd_run, ref: ../2019/ref/crowd_run_short_1920x1080_50.yuv, dis: ../2019/seq/crowd_run_x265/enc_res_t265_mv_subjective_crowd_run_short_2000.mp4, mask: None, metric: ssim, mask_mode: FalseERROR:  seq: crowd_run, ref: ../2019/ref/crowd_run_short_1920x1080_50.yuv, dis: ../2019/seq/crowd_run_x265/enc_res_t265_mv_subjective_crowd_run_short_4000.mp4, mask: None, metric: ssim, mask_mode: FalseERROR:  seq: crowd_run, ref: ../2019/ref/crowd_run_short_1920x1080_50.yuv, dis: ../2019/seq/crowd_run_x265/enc_res_uc265_mv_subjective_crowd_run_short_1000.mp4, mask: None, metric: ssim, mask_mode: FalseERROR:  seq: crowd_run, ref: ../2019/ref/crowd_run_short_1920x1080_50.yuv, dis: ../2019/seq/crowd_run_x265/enc_res_uc265_mv_subjective_crowd_run_short_2000.mp4, mask: None, metric: ssim, mask_mode: FalseERROR:  seq: crowd_run, ref: ../2019/ref/crowd_run_short_1920x1080_50.yuv, dis: ../2019/seq/crowd_run_x265/enc_res_uc265_mv_subjective_crowd_run_short_4000.mp4, mask: None, metric: ssim, mask_mode: FalseERROR:  seq: crowd_run, ref: ../2019/ref/crowd_run_short_1920x1080_50.yuv, dis: ../2019/seq/crowd_run_x265/enc_res_venc_mv_subjective_crowd_run_short_1000.mp4, mask: None, metric: ssim, mask_mode: FalseERROR:  seq: crowd_run, ref: ../2019/ref/crowd_run_short_1920x1080_50.yuv, dis: ../2019/seq/crowd_run_x265/enc_res_venc_mv_subjective_crowd_run_short_2000.mp4, mask: None, metric: ssim, mask_mode: FalseERROR:  seq: crowd_run, ref: ../2019/ref/crowd_run_short_1920x1080_50.yuv, dis: ../2019/seq/crowd_run_x265/enc_res_venc_mv_subjective_crowd_run_short_4000.mp4, mask: None, metric: ssim, mask_mode: FalseERROR:  seq: crowd_run, ref: ../2019/ref/crowd_run_short_1920x1080_50.yuv, dis: ../2019/seq/crowd_run_x265/enc_res_vp9_mv_subjective_crowd_run_short_1000.mp4, mask: None, metric: ssim, mask_mode: FalseERROR:  seq: crowd_run, ref: ../2019/ref/crowd_run_short_1920x1080_50.yuv, dis: ../2019/seq/crowd_run_x265/enc_res_vp9_mv_subjective_crowd_run_short_2000.mp4, mask: None, metric: ssim, mask_mode: FalseERROR:  seq: crowd_run, ref: ../2019/ref/crowd_run_short_1920x1080_50.yuv, dis: ../2019/seq/crowd_run_x265/enc_res_vp9_mv_subjective_crowd_run_short_4000.mp4, mask: None, metric: ssim, mask_mode: FalseERROR:  seq: crowd_run, ref: ../2019/ref/crowd_run_short_1920x1080_50.yuv, dis: ../2019/seq/crowd_run_x265/enc_res_x264_mv_subjective_crowd_run_short_1000.mp4, mask: None, metric: ssim, mask_mode: FalseERROR:  seq: crowd_run, ref: ../2019/ref/crowd_run_short_1920x1080_50.yuv, dis: ../2019/seq/crowd_run_x265/enc_res_x264_mv_subjective_crowd_run_short_2000.mp4, mask: None, metric: ssim, mask_mode: FalseERROR:  seq: crowd_run, ref: ../2019/ref/crowd_run_short_1920x1080_50.yuv, dis: ../2019/seq/crowd_run_x265/enc_res_x264_mv_subjective_crowd_run_short_4000.mp4, mask: None, metric: ssim, mask_mode: FalseERROR:  seq: crowd_run, ref: ../2019/ref/crowd_run_short_1920x1080_50.yuv, dis: ../2019/seq/crowd_run_x265/enc_res_x265_mv_subjective_crowd_run_short_1000.mp4, mask: None, metric: ssim, mask_mode: FalseERROR:  seq: crowd_run, ref: ../2019/ref/crowd_run_short_1920x1080_50.yuv, dis: ../2019/seq/crowd_run_x265/enc_res_x265_mv_subjective_crowd_run_short_2000.mp4, mask: None, metric: ssim, mask_mode: FalseERROR:  seq: crowd_run, ref: ../2019/ref/crowd_run_short_1920x1080_50.yuv, dis: ../2019/seq/crowd_run_x265/enc_res_x265_mv_subjective_crowd_run_short_4000.mp4, mask: None, metric: ssim, mask_mode: FalseERROR:  seq: crowd_run, ref: ../2019/ref/crowd_run_short_1920x1080_50.yuv, dis: ../2019/seq/crowd_run_x265/enc_res_xin265_mv_subjective_crowd_run_short_1000.mp4, mask: None, metric: ssim, mask_mode: FalseERROR:  seq: crowd_run, ref: ../2019/ref/crowd_run_short_1920x1080_50.yuv, dis: ../2019/seq/crowd_run_x265/enc_res_xin265_mv_subjective_crowd_run_short_2000.mp4, mask: None, metric: ssim, mask_mode: FalseERROR:  seq: crowd_run, ref: ../2019/ref/crowd_run_short_1920x1080_50.yuv, dis: ../2019/seq/crowd_run_x265/enc_res_xin265_mv_subjective_crowd_run_short_4000.mp4, mask: None, metric: ssim, mask_mode: FalseERROR:  seq: crowd_run, ref: ../2019/ref/crowd_run_short_1920x1080_50.yuv, dis: ../2019/seq/crowd_run_x265/enc_res_xvc_mv_subjective_crowd_run_short_1000.mp4, mask: None, metric: ssim, mask_mode: FalseERROR:  seq: crowd_run, ref: ../2019/ref/crowd_run_short_1920x1080_50.yuv, dis: ../2019/seq/crowd_run_x265/enc_res_xvc_mv_subjective_crowd_run_short_2000.mp4, mask: None, metric: ssim, mask_mode: FalseERROR:  seq: crowd_run, ref: ../2019/ref/crowd_run_short_1920x1080_50.yuv, dis: ../2019/seq/crowd_run_x265/enc_res_xvc_mv_subjective_crowd_run_short_4000.mp4, mask: None, metric: ssim, mask_mode: FalseERROR:  seq: crowd_run, ref: ../2019/ref/crowd_run_short_1920x1080_50.yuv, dis: ../2019/seq/crowd_run_x265/enc_res_bytedance_mv_subjective_crowd_run_short_1000.mp4, mask: ../2019/masks/.ipynb_checkpoints, metric: ssim, mask_mode: TrueERROR:  seq: crowd_run, ref: ../2019/ref/crowd_run_short_1920x1080_50.yuv, dis: ../2019/seq/crowd_run_x265/enc_res_bytedance_mv_subjective_crowd_run_short_2000.mp4, mask: ../2019/masks/.ipynb_checkpoints, metric: ssim, mask_mode: TrueERROR:  seq: crowd_run, ref: ../2019/ref/crowd_run_short_1920x1080_50.yuv, dis: ../2019/seq/crowd_run_x265/enc_res_bytedance_mv_subjective_crowd_run_short_4000.mp4, mask: ../2019/masks/.ipynb_checkpoints, metric: ssim, mask_mode: TrueERROR:  seq: crowd_run, ref: ../2019/ref/crowd_run_short_1920x1080_50.yuv, dis: ../2019/seq/crowd_run_x265/enc_res_huawei_20190725_mv_subjective_crowd_run_short_1000.mp4, mask: ../2019/masks/.ipynb_checkpoints, metric: ssim, mask_mode: TrueERROR:  seq: crowd_run, ref: ../2019/ref/crowd_run_short_1920x1080_50.yuv, dis: ../2019/seq/crowd_run_x265/enc_res_huawei_20190725_mv_subjective_crowd_run_short_2000.mp4, mask: ../2019/masks/.ipynb_checkpoints, metric: ssim, mask_mode: TrueERROR:  seq: crowd_run, ref: ../2019/ref/crowd_run_short_1920x1080_50.yuv, dis: ../2019/seq/crowd_run_x265/enc_res_huawei_20190725_mv_subjective_crowd_run_short_4000.mp4, mask: ../2019/masks/.ipynb_checkpoints, metric: ssim, mask_mode: TrueERROR:  seq: crowd_run, ref: ../2019/ref/crowd_run_short_1920x1080_50.yuv, dis: ../2019/seq/crowd_run_x265/enc_res_huawei_mv_subjective_crowd_run_short_1000.mp4, mask: ../2019/masks/.ipynb_checkpoints, metric: ssim, mask_mode: TrueERROR:  seq: crowd_run, ref: ../2019/ref/crowd_run_short_1920x1080_50.yuv, dis: ../2019/seq/crowd_run_x265/enc_res_huawei_mv_subjective_crowd_run_short_2000.mp4, mask: ../2019/masks/.ipynb_checkpoints, metric: ssim, mask_mode: TrueERROR:  seq: crowd_run, ref: ../2019/ref/crowd_run_short_1920x1080_50.yuv, dis: ../2019/seq/crowd_run_x265/enc_res_huawei_mv_subjective_crowd_run_short_4000.mp4, mask: ../2019/masks/.ipynb_checkpoints, metric: ssim, mask_mode: TrueERROR:  seq: crowd_run, ref: ../2019/ref/crowd_run_short_1920x1080_50.yuv, dis: ../2019/seq/crowd_run_x265/enc_res_mainconcept_mv_subjective_crowd_run_short_1000.mp4, mask: ../2019/masks/.ipynb_checkpoints, metric: ssim, mask_mode: TrueERROR:  seq: crowd_run, ref: ../2019/ref/crowd_run_short_1920x1080_50.yuv, dis: ../2019/seq/crowd_run_x265/enc_res_mainconcept_mv_subjective_crowd_run_short_2000.mp4, mask: ../2019/masks/.ipynb_checkpoints, metric: ssim, mask_mode: TrueERROR:  seq: crowd_run, ref: ../2019/ref/crowd_run_short_1920x1080_50.yuv, dis: ../2019/seq/crowd_run_x265/enc_res_mainconcept_mv_subjective_crowd_run_short_4000.mp4, mask: ../2019/masks/.ipynb_checkpoints, metric: ssim, mask_mode: TrueERROR:  seq: crowd_run, ref: ../2019/ref/crowd_run_short_1920x1080_50.yuv, dis: ../2019/seq/crowd_run_x265/enc_res_sif_mv_subjective_crowd_run_short_1000.mp4, mask: ../2019/masks/.ipynb_checkpoints, metric: ssim, mask_mode: TrueERROR:  seq: crowd_run, ref: ../2019/ref/crowd_run_short_1920x1080_50.yuv, dis: ../2019/seq/crowd_run_x265/enc_res_sif_mv_subjective_crowd_run_short_2000.mp4, mask: ../2019/masks/.ipynb_checkpoints, metric: ssim, mask_mode: TrueERROR:  seq: crowd_run, ref: ../2019/ref/crowd_run_short_1920x1080_50.yuv, dis: ../2019/seq/crowd_run_x265/enc_res_sif_mv_subjective_crowd_run_short_4000.mp4, mask: ../2019/masks/.ipynb_checkpoints, metric: ssim, mask_mode: TrueERROR:  seq: crowd_run, ref: ../2019/ref/crowd_run_short_1920x1080_50.yuv, dis: ../2019/seq/crowd_run_x265/enc_res_sz265_mv_subjective_crowd_run_short_1000.mp4, mask: ../2019/masks/.ipynb_checkpoints, metric: ssim, mask_mode: TrueERROR:  seq: crowd_run, ref: ../2019/ref/crowd_run_short_1920x1080_50.yuv, dis: ../2019/seq/crowd_run_x265/enc_res_sz265_mv_subjective_crowd_run_short_2000.mp4, mask: ../2019/masks/.ipynb_checkpoints, metric: ssim, mask_mode: TrueERROR:  seq: crowd_run, ref: ../2019/ref/crowd_run_short_1920x1080_50.yuv, dis: ../2019/seq/crowd_run_x265/enc_res_sz265_mv_subjective_crowd_run_short_4000.mp4, mask: ../2019/masks/.ipynb_checkpoints, metric: ssim, mask_mode: TrueERROR:  seq: crowd_run, ref: ../2019/ref/crowd_run_short_1920x1080_50.yuv, dis: ../2019/seq/crowd_run_x265/enc_res_t265_mv_subjective_crowd_run_short_1000.mp4, mask: ../2019/masks/.ipynb_checkpoints, metric: ssim, mask_mode: TrueERROR:  seq: crowd_run, ref: ../2019/ref/crowd_run_short_1920x1080_50.yuv, dis: ../2019/seq/crowd_run_x265/enc_res_t265_mv_subjective_crowd_run_short_2000.mp4, mask: ../2019/masks/.ipynb_checkpoints, metric: ssim, mask_mode: TrueERROR:  seq: crowd_run, ref: ../2019/ref/crowd_run_short_1920x1080_50.yuv, dis: ../2019/seq/crowd_run_x265/enc_res_t265_mv_subjective_crowd_run_short_4000.mp4, mask: ../2019/masks/.ipynb_checkpoints, metric: ssim, mask_mode: TrueERROR:  seq: crowd_run, ref: ../2019/ref/crowd_run_short_1920x1080_50.yuv, dis: ../2019/seq/crowd_run_x265/enc_res_uc265_mv_subjective_crowd_run_short_1000.mp4, mask: ../2019/masks/.ipynb_checkpoints, metric: ssim, mask_mode: TrueERROR:  seq: crowd_run, ref: ../2019/ref/crowd_run_short_1920x1080_50.yuv, dis: ../2019/seq/crowd_run_x265/enc_res_uc265_mv_subjective_crowd_run_short_2000.mp4, mask: ../2019/masks/.ipynb_checkpoints, metric: ssim, mask_mode: TrueERROR:  seq: crowd_run, ref: ../2019/ref/crowd_run_short_1920x1080_50.yuv, dis: ../2019/seq/crowd_run_x265/enc_res_uc265_mv_subjective_crowd_run_short_4000.mp4, mask: ../2019/masks/.ipynb_checkpoints, metric: ssim, mask_mode: TrueERROR:  seq: crowd_run, ref: ../2019/ref/crowd_run_short_1920x1080_50.yuv, dis: ../2019/seq/crowd_run_x265/enc_res_venc_mv_subjective_crowd_run_short_1000.mp4, mask: ../2019/masks/.ipynb_checkpoints, metric: ssim, mask_mode: TrueERROR:  seq: crowd_run, ref: ../2019/ref/crowd_run_short_1920x1080_50.yuv, dis: ../2019/seq/crowd_run_x265/enc_res_venc_mv_subjective_crowd_run_short_2000.mp4, mask: ../2019/masks/.ipynb_checkpoints, metric: ssim, mask_mode: TrueERROR:  seq: crowd_run, ref: ../2019/ref/crowd_run_short_1920x1080_50.yuv, dis: ../2019/seq/crowd_run_x265/enc_res_venc_mv_subjective_crowd_run_short_4000.mp4, mask: ../2019/masks/.ipynb_checkpoints, metric: ssim, mask_mode: TrueERROR:  seq: crowd_run, ref: ../2019/ref/crowd_run_short_1920x1080_50.yuv, dis: ../2019/seq/crowd_run_x265/enc_res_vp9_mv_subjective_crowd_run_short_1000.mp4, mask: ../2019/masks/.ipynb_checkpoints, metric: ssim, mask_mode: TrueERROR:  seq: crowd_run, ref: ../2019/ref/crowd_run_short_1920x1080_50.yuv, dis: ../2019/seq/crowd_run_x265/enc_res_vp9_mv_subjective_crowd_run_short_2000.mp4, mask: ../2019/masks/.ipynb_checkpoints, metric: ssim, mask_mode: TrueERROR:  seq: crowd_run, ref: ../2019/ref/crowd_run_short_1920x1080_50.yuv, dis: ../2019/seq/crowd_run_x265/enc_res_vp9_mv_subjective_crowd_run_short_4000.mp4, mask: ../2019/masks/.ipynb_checkpoints, metric: ssim, mask_mode: TrueERROR:  seq: crowd_run, ref: ../2019/ref/crowd_run_short_1920x1080_50.yuv, dis: ../2019/seq/crowd_run_x265/enc_res_x264_mv_subjective_crowd_run_short_1000.mp4, mask: ../2019/masks/.ipynb_checkpoints, metric: ssim, mask_mode: TrueERROR:  seq: crowd_run, ref: ../2019/ref/crowd_run_short_1920x1080_50.yuv, dis: ../2019/seq/crowd_run_x265/enc_res_x264_mv_subjective_crowd_run_short_2000.mp4, mask: ../2019/masks/.ipynb_checkpoints, metric: ssim, mask_mode: TrueERROR:  seq: crowd_run, ref: ../2019/ref/crowd_run_short_1920x1080_50.yuv, dis: ../2019/seq/crowd_run_x265/enc_res_x264_mv_subjective_crowd_run_short_4000.mp4, mask: ../2019/masks/.ipynb_checkpoints, metric: ssim, mask_mode: TrueERROR:  seq: crowd_run, ref: ../2019/ref/crowd_run_short_1920x1080_50.yuv, dis: ../2019/seq/crowd_run_x265/enc_res_x265_mv_subjective_crowd_run_short_1000.mp4, mask: ../2019/masks/.ipynb_checkpoints, metric: ssim, mask_mode: TrueERROR:  seq: crowd_run, ref: ../2019/ref/crowd_run_short_1920x1080_50.yuv, dis: ../2019/seq/crowd_run_x265/enc_res_x265_mv_subjective_crowd_run_short_2000.mp4, mask: ../2019/masks/.ipynb_checkpoints, metric: ssim, mask_mode: TrueERROR:  seq: crowd_run, ref: ../2019/ref/crowd_run_short_1920x1080_50.yuv, dis: ../2019/seq/crowd_run_x265/enc_res_x265_mv_subjective_crowd_run_short_4000.mp4, mask: ../2019/masks/.ipynb_checkpoints, metric: ssim, mask_mode: TrueERROR:  seq: crowd_run, ref: ../2019/ref/crowd_run_short_1920x1080_50.yuv, dis: ../2019/seq/crowd_run_x265/enc_res_xin265_mv_subjective_crowd_run_short_1000.mp4, mask: ../2019/masks/.ipynb_checkpoints, metric: ssim, mask_mode: TrueERROR:  seq: crowd_run, ref: ../2019/ref/crowd_run_short_1920x1080_50.yuv, dis: ../2019/seq/crowd_run_x265/enc_res_xin265_mv_subjective_crowd_run_short_2000.mp4, mask: ../2019/masks/.ipynb_checkpoints, metric: ssim, mask_mode: TrueERROR:  seq: crowd_run, ref: ../2019/ref/crowd_run_short_1920x1080_50.yuv, dis: ../2019/seq/crowd_run_x265/enc_res_xin265_mv_subjective_crowd_run_short_4000.mp4, mask: ../2019/masks/.ipynb_checkpoints, metric: ssim, mask_mode: TrueERROR:  seq: crowd_run, ref: ../2019/ref/crowd_run_short_1920x1080_50.yuv, dis: ../2019/seq/crowd_run_x265/enc_res_xvc_mv_subjective_crowd_run_short_1000.mp4, mask: ../2019/masks/.ipynb_checkpoints, metric: ssim, mask_mode: TrueERROR:  seq: crowd_run, ref: ../2019/ref/crowd_run_short_1920x1080_50.yuv, dis: ../2019/seq/crowd_run_x265/enc_res_xvc_mv_subjective_crowd_run_short_2000.mp4, mask: ../2019/masks/.ipynb_checkpoints, metric: ssim, mask_mode: TrueERROR:  seq: crowd_run, ref: ../2019/ref/crowd_run_short_1920x1080_50.yuv, dis: ../2019/seq/crowd_run_x265/enc_res_xvc_mv_subjective_crowd_run_short_4000.mp4, mask: ../2019/masks/.ipynb_checkpoints, metric: ssim, mask_mode: TrueERROR:  seq: crowd_run, ref: ../2019/ref/crowd_run_short_1920x1080_50.yuv, dis: ../2019/seq/crowd_run_x265/enc_res_bytedance_mv_subjective_crowd_run_short_1000.mp4, mask: None, metric: ssim, mask_mode: FalseERROR:  seq: crowd_run, ref: ../2019/ref/crowd_run_short_1920x1080_50.yuv, dis: ../2019/seq/crowd_run_x265/enc_res_bytedance_mv_subjective_crowd_run_short_2000.mp4, mask: None, metric: ssim, mask_mode: FalseERROR:  seq: crowd_run, ref: ../2019/ref/crowd_run_short_1920x1080_50.yuv, dis: ../2019/seq/crowd_run_x265/enc_res_bytedance_mv_subjective_crowd_run_short_4000.mp4, mask: None, metric: ssim, mask_mode: FalseERROR:  seq: crowd_run, ref: ../2019/ref/crowd_run_short_1920x1080_50.yuv, dis: ../2019/seq/crowd_run_x265/enc_res_huawei_20190725_mv_subjective_crowd_run_short_1000.mp4, mask: None, metric: ssim, mask_mode: FalseERROR:  seq: crowd_run, ref: ../2019/ref/crowd_run_short_1920x1080_50.yuv, dis: ../2019/seq/crowd_run_x265/enc_res_huawei_20190725_mv_subjective_crowd_run_short_2000.mp4, mask: None, metric: ssim, mask_mode: FalseERROR:  seq: crowd_run, ref: ../2019/ref/crowd_run_short_1920x1080_50.yuv, dis: ../2019/seq/crowd_run_x265/enc_res_huawei_20190725_mv_subjective_crowd_run_short_4000.mp4, mask: None, metric: ssim, mask_mode: FalseERROR:  seq: crowd_run, ref: ../2019/ref/crowd_run_short_1920x1080_50.yuv, dis: ../2019/seq/crowd_run_x265/enc_res_huawei_mv_subjective_crowd_run_short_1000.mp4, mask: None, metric: ssim, mask_mode: FalseERROR:  seq: crowd_run, ref: ../2019/ref/crowd_run_short_1920x1080_50.yuv, dis: ../2019/seq/crowd_run_x265/enc_res_huawei_mv_subjective_crowd_run_short_2000.mp4, mask: None, metric: ssim, mask_mode: FalseERROR:  seq: crowd_run, ref: ../2019/ref/crowd_run_short_1920x1080_50.yuv, dis: ../2019/seq/crowd_run_x265/enc_res_huawei_mv_subjective_crowd_run_short_4000.mp4, mask: None, metric: ssim, mask_mode: FalseERROR:  seq: crowd_run, ref: ../2019/ref/crowd_run_short_1920x1080_50.yuv, dis: ../2019/seq/crowd_run_x265/enc_res_mainconcept_mv_subjective_crowd_run_short_1000.mp4, mask: None, metric: ssim, mask_mode: FalseERROR:  seq: crowd_run, ref: ../2019/ref/crowd_run_short_1920x1080_50.yuv, dis: ../2019/seq/crowd_run_x265/enc_res_mainconcept_mv_subjective_crowd_run_short_2000.mp4, mask: None, metric: ssim, mask_mode: FalseERROR:  seq: crowd_run, ref: ../2019/ref/crowd_run_short_1920x1080_50.yuv, dis: ../2019/seq/crowd_run_x265/enc_res_mainconcept_mv_subjective_crowd_run_short_4000.mp4, mask: None, metric: ssim, mask_mode: FalseERROR:  seq: crowd_run, ref: ../2019/ref/crowd_run_short_1920x1080_50.yuv, dis: ../2019/seq/crowd_run_x265/enc_res_sif_mv_subjective_crowd_run_short_1000.mp4, mask: None, metric: ssim, mask_mode: FalseERROR:  seq: crowd_run, ref: ../2019/ref/crowd_run_short_1920x1080_50.yuv, dis: ../2019/seq/crowd_run_x265/enc_res_sif_mv_subjective_crowd_run_short_2000.mp4, mask: None, metric: ssim, mask_mode: FalseERROR:  seq: crowd_run, ref: ../2019/ref/crowd_run_short_1920x1080_50.yuv, dis: ../2019/seq/crowd_run_x265/enc_res_sif_mv_subjective_crowd_run_short_4000.mp4, mask: None, metric: ssim, mask_mode: FalseERROR:  seq: crowd_run, ref: ../2019/ref/crowd_run_short_1920x1080_50.yuv, dis: ../2019/seq/crowd_run_x265/enc_res_sz265_mv_subjective_crowd_run_short_1000.mp4, mask: None, metric: ssim, mask_mode: FalseERROR:  seq: crowd_run, ref: ../2019/ref/crowd_run_short_1920x1080_50.yuv, dis: ../2019/seq/crowd_run_x265/enc_res_sz265_mv_subjective_crowd_run_short_2000.mp4, mask: None, metric: ssim, mask_mode: FalseERROR:  seq: crowd_run, ref: ../2019/ref/crowd_run_short_1920x1080_50.yuv, dis: ../2019/seq/crowd_run_x265/enc_res_sz265_mv_subjective_crowd_run_short_4000.mp4, mask: None, metric: ssim, mask_mode: FalseERROR:  seq: crowd_run, ref: ../2019/ref/crowd_run_short_1920x1080_50.yuv, dis: ../2019/seq/crowd_run_x265/enc_res_t265_mv_subjective_crowd_run_short_1000.mp4, mask: None, metric: ssim, mask_mode: FalseERROR:  seq: crowd_run, ref: ../2019/ref/crowd_run_short_1920x1080_50.yuv, dis: ../2019/seq/crowd_run_x265/enc_res_t265_mv_subjective_crowd_run_short_2000.mp4, mask: None, metric: ssim, mask_mode: FalseERROR:  seq: crowd_run, ref: ../2019/ref/crowd_run_short_1920x1080_50.yuv, dis: ../2019/seq/crowd_run_x265/enc_res_t265_mv_subjective_crowd_run_short_4000.mp4, mask: None, metric: ssim, mask_mode: FalseERROR:  seq: crowd_run, ref: ../2019/ref/crowd_run_short_1920x1080_50.yuv, dis: ../2019/seq/crowd_run_x265/enc_res_uc265_mv_subjective_crowd_run_short_1000.mp4, mask: None, metric: ssim, mask_mode: FalseERROR:  seq: crowd_run, ref: ../2019/ref/crowd_run_short_1920x1080_50.yuv, dis: ../2019/seq/crowd_run_x265/enc_res_uc265_mv_subjective_crowd_run_short_2000.mp4, mask: None, metric: ssim, mask_mode: FalseERROR:  seq: crowd_run, ref: ../2019/ref/crowd_run_short_1920x1080_50.yuv, dis: ../2019/seq/crowd_run_x265/enc_res_uc265_mv_subjective_crowd_run_short_4000.mp4, mask: None, metric: ssim, mask_mode: FalseERROR:  seq: crowd_run, ref: ../2019/ref/crowd_run_short_1920x1080_50.yuv, dis: ../2019/seq/crowd_run_x265/enc_res_venc_mv_subjective_crowd_run_short_1000.mp4, mask: None, metric: ssim, mask_mode: FalseERROR:  seq: crowd_run, ref: ../2019/ref/crowd_run_short_1920x1080_50.yuv, dis: ../2019/seq/crowd_run_x265/enc_res_venc_mv_subjective_crowd_run_short_2000.mp4, mask: None, metric: ssim, mask_mode: FalseERROR:  seq: crowd_run, ref: ../2019/ref/crowd_run_short_1920x1080_50.yuv, dis: ../2019/seq/crowd_run_x265/enc_res_venc_mv_subjective_crowd_run_short_4000.mp4, mask: None, metric: ssim, mask_mode: FalseERROR:  seq: crowd_run, ref: ../2019/ref/crowd_run_short_1920x1080_50.yuv, dis: ../2019/seq/crowd_run_x265/enc_res_vp9_mv_subjective_crowd_run_short_1000.mp4, mask: None, metric: ssim, mask_mode: FalseERROR:  seq: crowd_run, ref: ../2019/ref/crowd_run_short_1920x1080_50.yuv, dis: ../2019/seq/crowd_run_x265/enc_res_vp9_mv_subjective_crowd_run_short_2000.mp4, mask: None, metric: ssim, mask_mode: FalseERROR:  seq: crowd_run, ref: ../2019/ref/crowd_run_short_1920x1080_50.yuv, dis: ../2019/seq/crowd_run_x265/enc_res_vp9_mv_subjective_crowd_run_short_4000.mp4, mask: None, metric: ssim, mask_mode: FalseERROR:  seq: crowd_run, ref: ../2019/ref/crowd_run_short_1920x1080_50.yuv, dis: ../2019/seq/crowd_run_x265/enc_res_x264_mv_subjective_crowd_run_short_1000.mp4, mask: None, metric: ssim, mask_mode: FalseERROR:  seq: crowd_run, ref: ../2019/ref/crowd_run_short_1920x1080_50.yuv, dis: ../2019/seq/crowd_run_x265/enc_res_x264_mv_subjective_crowd_run_short_2000.mp4, mask: None, metric: ssim, mask_mode: FalseERROR:  seq: crowd_run, ref: ../2019/ref/crowd_run_short_1920x1080_50.yuv, dis: ../2019/seq/crowd_run_x265/enc_res_x264_mv_subjective_crowd_run_short_4000.mp4, mask: None, metric: ssim, mask_mode: FalseERROR:  seq: crowd_run, ref: ../2019/ref/crowd_run_short_1920x1080_50.yuv, dis: ../2019/seq/crowd_run_x265/enc_res_x265_mv_subjective_crowd_run_short_1000.mp4, mask: None, metric: ssim, mask_mode: FalseERROR:  seq: crowd_run, ref: ../2019/ref/crowd_run_short_1920x1080_50.yuv, dis: ../2019/seq/crowd_run_x265/enc_res_x265_mv_subjective_crowd_run_short_2000.mp4, mask: None, metric: ssim, mask_mode: FalseERROR:  seq: crowd_run, ref: ../2019/ref/crowd_run_short_1920x1080_50.yuv, dis: ../2019/seq/crowd_run_x265/enc_res_x265_mv_subjective_crowd_run_short_4000.mp4, mask: None, metric: ssim, mask_mode: FalseERROR:  seq: crowd_run, ref: ../2019/ref/crowd_run_short_1920x1080_50.yuv, dis: ../2019/seq/crowd_run_x265/enc_res_xin265_mv_subjective_crowd_run_short_1000.mp4, mask: None, metric: ssim, mask_mode: FalseERROR:  seq: crowd_run, ref: ../2019/ref/crowd_run_short_1920x1080_50.yuv, dis: ../2019/seq/crowd_run_x265/enc_res_xin265_mv_subjective_crowd_run_short_2000.mp4, mask: None, metric: ssim, mask_mode: FalseERROR:  seq: crowd_run, ref: ../2019/ref/crowd_run_short_1920x1080_50.yuv, dis: ../2019/seq/crowd_run_x265/enc_res_xin265_mv_subjective_crowd_run_short_4000.mp4, mask: None, metric: ssim, mask_mode: FalseERROR:  seq: crowd_run, ref: ../2019/ref/crowd_run_short_1920x1080_50.yuv, dis: ../2019/seq/crowd_run_x265/enc_res_xvc_mv_subjective_crowd_run_short_1000.mp4, mask: None, metric: ssim, mask_mode: FalseERROR:  seq: crowd_run, ref: ../2019/ref/crowd_run_short_1920x1080_50.yuv, dis: ../2019/seq/crowd_run_x265/enc_res_xvc_mv_subjective_crowd_run_short_2000.mp4, mask: None, metric: ssim, mask_mode: FalseERROR:  seq: crowd_run, ref: ../2019/ref/crowd_run_short_1920x1080_50.yuv, dis: ../2019/seq/crowd_run_x265/enc_res_xvc_mv_subjective_crowd_run_short_4000.mp4, mask: None, metric: ssim, mask_mode: FalseERROR:  seq: crowd_run, ref: ../2019/ref/crowd_run_short_1920x1080_50.yuv, dis: ../2019/seq/crowd_run_x265/enc_res_bytedance_mv_subjective_crowd_run_short_1000.mp4, mask: ../2019/masks/.ipynb_checkpoints, metric: ssim, mask_mode: TrueERROR:  seq: crowd_run, ref: ../2019/ref/crowd_run_short_1920x1080_50.yuv, dis: ../2019/seq/crowd_run_x265/enc_res_bytedance_mv_subjective_crowd_run_short_2000.mp4, mask: ../2019/masks/.ipynb_checkpoints, metric: ssim, mask_mode: TrueERROR:  seq: crowd_run, ref: ../2019/ref/crowd_run_short_1920x1080_50.yuv, dis: ../2019/seq/crowd_run_x265/enc_res_bytedance_mv_subjective_crowd_run_short_4000.mp4, mask: ../2019/masks/.ipynb_checkpoints, metric: ssim, mask_mode: TrueERROR:  seq: crowd_run, ref: ../2019/ref/crowd_run_short_1920x1080_50.yuv, dis: ../2019/seq/crowd_run_x265/enc_res_huawei_20190725_mv_subjective_crowd_run_short_1000.mp4, mask: ../2019/masks/.ipynb_checkpoints, metric: ssim, mask_mode: TrueERROR:  seq: crowd_run, ref: ../2019/ref/crowd_run_short_1920x1080_50.yuv, dis: ../2019/seq/crowd_run_x265/enc_res_huawei_20190725_mv_subjective_crowd_run_short_2000.mp4, mask: ../2019/masks/.ipynb_checkpoints, metric: ssim, mask_mode: TrueERROR:  seq: crowd_run, ref: ../2019/ref/crowd_run_short_1920x1080_50.yuv, dis: ../2019/seq/crowd_run_x265/enc_res_huawei_20190725_mv_subjective_crowd_run_short_4000.mp4, mask: ../2019/masks/.ipynb_checkpoints, metric: ssim, mask_mode: TrueERROR:  seq: crowd_run, ref: ../2019/ref/crowd_run_short_1920x1080_50.yuv, dis: ../2019/seq/crowd_run_x265/enc_res_huawei_mv_subjective_crowd_run_short_1000.mp4, mask: ../2019/masks/.ipynb_checkpoints, metric: ssim, mask_mode: TrueERROR:  seq: crowd_run, ref: ../2019/ref/crowd_run_short_1920x1080_50.yuv, dis: ../2019/seq/crowd_run_x265/enc_res_huawei_mv_subjective_crowd_run_short_2000.mp4, mask: ../2019/masks/.ipynb_checkpoints, metric: ssim, mask_mode: TrueERROR:  seq: crowd_run, ref: ../2019/ref/crowd_run_short_1920x1080_50.yuv, dis: ../2019/seq/crowd_run_x265/enc_res_huawei_mv_subjective_crowd_run_short_4000.mp4, mask: ../2019/masks/.ipynb_checkpoints, metric: ssim, mask_mode: TrueERROR:  seq: crowd_run, ref: ../2019/ref/crowd_run_short_1920x1080_50.yuv, dis: ../2019/seq/crowd_run_x265/enc_res_mainconcept_mv_subjective_crowd_run_short_1000.mp4, mask: ../2019/masks/.ipynb_checkpoints, metric: ssim, mask_mode: TrueERROR:  seq: crowd_run, ref: ../2019/ref/crowd_run_short_1920x1080_50.yuv, dis: ../2019/seq/crowd_run_x265/enc_res_mainconcept_mv_subjective_crowd_run_short_2000.mp4, mask: ../2019/masks/.ipynb_checkpoints, metric: ssim, mask_mode: TrueERROR:  seq: crowd_run, ref: ../2019/ref/crowd_run_short_1920x1080_50.yuv, dis: ../2019/seq/crowd_run_x265/enc_res_mainconcept_mv_subjective_crowd_run_short_4000.mp4, mask: ../2019/masks/.ipynb_checkpoints, metric: ssim, mask_mode: TrueERROR:  seq: crowd_run, ref: ../2019/ref/crowd_run_short_1920x1080_50.yuv, dis: ../2019/seq/crowd_run_x265/enc_res_sif_mv_subjective_crowd_run_short_1000.mp4, mask: ../2019/masks/.ipynb_checkpoints, metric: ssim, mask_mode: TrueERROR:  seq: crowd_run, ref: ../2019/ref/crowd_run_short_1920x1080_50.yuv, dis: ../2019/seq/crowd_run_x265/enc_res_sif_mv_subjective_crowd_run_short_2000.mp4, mask: ../2019/masks/.ipynb_checkpoints, metric: ssim, mask_mode: TrueERROR:  seq: crowd_run, ref: ../2019/ref/crowd_run_short_1920x1080_50.yuv, dis: ../2019/seq/crowd_run_x265/enc_res_sif_mv_subjective_crowd_run_short_4000.mp4, mask: ../2019/masks/.ipynb_checkpoints, metric: ssim, mask_mode: TrueERROR:  seq: crowd_run, ref: ../2019/ref/crowd_run_short_1920x1080_50.yuv, dis: ../2019/seq/crowd_run_x265/enc_res_sz265_mv_subjective_crowd_run_short_1000.mp4, mask: ../2019/masks/.ipynb_checkpoints, metric: ssim, mask_mode: TrueERROR:  seq: crowd_run, ref: ../2019/ref/crowd_run_short_1920x1080_50.yuv, dis: ../2019/seq/crowd_run_x265/enc_res_sz265_mv_subjective_crowd_run_short_2000.mp4, mask: ../2019/masks/.ipynb_checkpoints, metric: ssim, mask_mode: TrueERROR:  seq: crowd_run, ref: ../2019/ref/crowd_run_short_1920x1080_50.yuv, dis: ../2019/seq/crowd_run_x265/enc_res_sz265_mv_subjective_crowd_run_short_4000.mp4, mask: ../2019/masks/.ipynb_checkpoints, metric: ssim, mask_mode: TrueERROR:  seq: crowd_run, ref: ../2019/ref/crowd_run_short_1920x1080_50.yuv, dis: ../2019/seq/crowd_run_x265/enc_res_t265_mv_subjective_crowd_run_short_1000.mp4, mask: ../2019/masks/.ipynb_checkpoints, metric: ssim, mask_mode: TrueERROR:  seq: crowd_run, ref: ../2019/ref/crowd_run_short_1920x1080_50.yuv, dis: ../2019/seq/crowd_run_x265/enc_res_t265_mv_subjective_crowd_run_short_2000.mp4, mask: ../2019/masks/.ipynb_checkpoints, metric: ssim, mask_mode: TrueERROR:  seq: crowd_run, ref: ../2019/ref/crowd_run_short_1920x1080_50.yuv, dis: ../2019/seq/crowd_run_x265/enc_res_t265_mv_subjective_crowd_run_short_4000.mp4, mask: ../2019/masks/.ipynb_checkpoints, metric: ssim, mask_mode: TrueERROR:  seq: crowd_run, ref: ../2019/ref/crowd_run_short_1920x1080_50.yuv, dis: ../2019/seq/crowd_run_x265/enc_res_uc265_mv_subjective_crowd_run_short_1000.mp4, mask: ../2019/masks/.ipynb_checkpoints, metric: ssim, mask_mode: TrueERROR:  seq: crowd_run, ref: ../2019/ref/crowd_run_short_1920x1080_50.yuv, dis: ../2019/seq/crowd_run_x265/enc_res_uc265_mv_subjective_crowd_run_short_2000.mp4, mask: ../2019/masks/.ipynb_checkpoints, metric: ssim, mask_mode: TrueERROR:  seq: crowd_run, ref: ../2019/ref/crowd_run_short_1920x1080_50.yuv, dis: ../2019/seq/crowd_run_x265/enc_res_uc265_mv_subjective_crowd_run_short_4000.mp4, mask: ../2019/masks/.ipynb_checkpoints, metric: ssim, mask_mode: TrueERROR:  seq: crowd_run, ref: ../2019/ref/crowd_run_short_1920x1080_50.yuv, dis: ../2019/seq/crowd_run_x265/enc_res_venc_mv_subjective_crowd_run_short_1000.mp4, mask: ../2019/masks/.ipynb_checkpoints, metric: ssim, mask_mode: TrueERROR:  seq: crowd_run, ref: ../2019/ref/crowd_run_short_1920x1080_50.yuv, dis: ../2019/seq/crowd_run_x265/enc_res_venc_mv_subjective_crowd_run_short_2000.mp4, mask: ../2019/masks/.ipynb_checkpoints, metric: ssim, mask_mode: TrueERROR:  seq: crowd_run, ref: ../2019/ref/crowd_run_short_1920x1080_50.yuv, dis: ../2019/seq/crowd_run_x265/enc_res_venc_mv_subjective_crowd_run_short_4000.mp4, mask: ../2019/masks/.ipynb_checkpoints, metric: ssim, mask_mode: TrueERROR:  seq: crowd_run, ref: ../2019/ref/crowd_run_short_1920x1080_50.yuv, dis: ../2019/seq/crowd_run_x265/enc_res_vp9_mv_subjective_crowd_run_short_1000.mp4, mask: ../2019/masks/.ipynb_checkpoints, metric: ssim, mask_mode: TrueERROR:  seq: crowd_run, ref: ../2019/ref/crowd_run_short_1920x1080_50.yuv, dis: ../2019/seq/crowd_run_x265/enc_res_vp9_mv_subjective_crowd_run_short_2000.mp4, mask: ../2019/masks/.ipynb_checkpoints, metric: ssim, mask_mode: TrueERROR:  seq: crowd_run, ref: ../2019/ref/crowd_run_short_1920x1080_50.yuv, dis: ../2019/seq/crowd_run_x265/enc_res_vp9_mv_subjective_crowd_run_short_4000.mp4, mask: ../2019/masks/.ipynb_checkpoints, metric: ssim, mask_mode: TrueERROR:  seq: crowd_run, ref: ../2019/ref/crowd_run_short_1920x1080_50.yuv, dis: ../2019/seq/crowd_run_x265/enc_res_x264_mv_subjective_crowd_run_short_1000.mp4, mask: ../2019/masks/.ipynb_checkpoints, metric: ssim, mask_mode: TrueERROR:  seq: crowd_run, ref: ../2019/ref/crowd_run_short_1920x1080_50.yuv, dis: ../2019/seq/crowd_run_x265/enc_res_x264_mv_subjective_crowd_run_short_2000.mp4, mask: ../2019/masks/.ipynb_checkpoints, metric: ssim, mask_mode: TrueERROR:  seq: crowd_run, ref: ../2019/ref/crowd_run_short_1920x1080_50.yuv, dis: ../2019/seq/crowd_run_x265/enc_res_x264_mv_subjective_crowd_run_short_4000.mp4, mask: ../2019/masks/.ipynb_checkpoints, metric: ssim, mask_mode: TrueERROR:  seq: crowd_run, ref: ../2019/ref/crowd_run_short_1920x1080_50.yuv, dis: ../2019/seq/crowd_run_x265/enc_res_x265_mv_subjective_crowd_run_short_1000.mp4, mask: ../2019/masks/.ipynb_checkpoints, metric: ssim, mask_mode: TrueERROR:  seq: crowd_run, ref: ../2019/ref/crowd_run_short_1920x1080_50.yuv, dis: ../2019/seq/crowd_run_x265/enc_res_x265_mv_subjective_crowd_run_short_2000.mp4, mask: ../2019/masks/.ipynb_checkpoints, metric: ssim, mask_mode: TrueERROR:  seq: crowd_run, ref: ../2019/ref/crowd_run_short_1920x1080_50.yuv, dis: ../2019/seq/crowd_run_x265/enc_res_x265_mv_subjective_crowd_run_short_4000.mp4, mask: ../2019/masks/.ipynb_checkpoints, metric: ssim, mask_mode: TrueERROR:  seq: crowd_run, ref: ../2019/ref/crowd_run_short_1920x1080_50.yuv, dis: ../2019/seq/crowd_run_x265/enc_res_xin265_mv_subjective_crowd_run_short_1000.mp4, mask: ../2019/masks/.ipynb_checkpoints, metric: ssim, mask_mode: TrueERROR:  seq: crowd_run, ref: ../2019/ref/crowd_run_short_1920x1080_50.yuv, dis: ../2019/seq/crowd_run_x265/enc_res_xin265_mv_subjective_crowd_run_short_2000.mp4, mask: ../2019/masks/.ipynb_checkpoints, metric: ssim, mask_mode: TrueERROR:  seq: crowd_run, ref: ../2019/ref/crowd_run_short_1920x1080_50.yuv, dis: ../2019/seq/crowd_run_x265/enc_res_xin265_mv_subjective_crowd_run_short_4000.mp4, mask: ../2019/masks/.ipynb_checkpoints, metric: ssim, mask_mode: TrueERROR:  seq: crowd_run, ref: ../2019/ref/crowd_run_short_1920x1080_50.yuv, dis: ../2019/seq/crowd_run_x265/enc_res_xvc_mv_subjective_crowd_run_short_1000.mp4, mask: ../2019/masks/.ipynb_checkpoints, metric: ssim, mask_mode: TrueERROR:  seq: crowd_run, ref: ../2019/ref/crowd_run_short_1920x1080_50.yuv, dis: ../2019/seq/crowd_run_x265/enc_res_xvc_mv_subjective_crowd_run_short_2000.mp4, mask: ../2019/masks/.ipynb_checkpoints, metric: ssim, mask_mode: TrueERROR:  seq: crowd_run, ref: ../2019/ref/crowd_run_short_1920x1080_50.yuv, dis: ../2019/seq/crowd_run_x265/enc_res_xvc_mv_subjective_crowd_run_short_4000.mp4, mask: ../2019/masks/.ipynb_checkpoints, metric: ssim, mask_mode: TrueERROR:  seq: crowd_run, ref: ../2019/ref/crowd_run_short_1920x1080_50.yuv, dis: ../2019/seq/crowd_run_x265/enc_res_bytedance_mv_subjective_crowd_run_short_4000.mp4, mask: None, metric: ssim, mask_mode: FalseERROR:  seq: crowd_run, ref: ../2019/ref/crowd_run_short_1920x1080_50.yuv, dis: ../2019/seq/crowd_run_x265/enc_res_bytedance_mv_subjective_crowd_run_short_2000.mp4, mask: None, metric: ssim, mask_mode: FalseERROR:  seq: crowd_run, ref: ../2019/ref/crowd_run_short_1920x1080_50.yuv, dis: ../2019/seq/crowd_run_x265/enc_res_bytedance_mv_subjective_crowd_run_short_1000.mp4, mask: None, metric: ssim, mask_mode: FalseERROR:  seq: crowd_run, ref: ../2019/ref/crowd_run_short_1920x1080_50.yuv, dis: ../2019/seq/crowd_run_x265/enc_res_bytedance_mv_subjective_crowd_run_short_4000.mp4, mask: None, metric: ssim, mask_mode: FalseERROR:  seq: crowd_run, ref: ../2019/ref/crowd_run_short_1920x1080_50.yuv, dis: ../2019/seq/crowd_run_x265/enc_res_huawei_20190725_mv_subjective_crowd_run_short_1000.mp4, mask: None, metric: ssim, mask_mode: FalseERROR:  seq: crowd_run, ref: ../2019/ref/crowd_run_short_1920x1080_50.yuv, dis: ../2019/seq/crowd_run_x265/enc_res_huawei_20190725_mv_subjective_crowd_run_short_2000.mp4, mask: None, metric: ssim, mask_mode: FalseERROR:  seq: crowd_run, ref: ../2019/ref/crowd_run_short_1920x1080_50.yuv, dis: ../2019/seq/crowd_run_x265/enc_res_huawei_20190725_mv_subjective_crowd_run_short_4000.mp4, mask: None, metric: ssim, mask_mode: FalseERROR:  seq: crowd_run, ref: ../2019/ref/crowd_run_short_1920x1080_50.yuv, dis: ../2019/seq/crowd_run_x265/enc_res_huawei_mv_subjective_crowd_run_short_1000.mp4, mask: None, metric: ssim, mask_mode: FalseERROR:  seq: crowd_run, ref: ../2019/ref/crowd_run_short_1920x1080_50.yuv, dis: ../2019/seq/crowd_run_x265/enc_res_huawei_mv_subjective_crowd_run_short_2000.mp4, mask: None, metric: ssim, mask_mode: FalseERROR:  seq: crowd_run, ref: ../2019/ref/crowd_run_short_1920x1080_50.yuv, dis: ../2019/seq/crowd_run_x265/enc_res_huawei_mv_subjective_crowd_run_short_4000.mp4, mask: None, metric: ssim, mask_mode: FalseERROR:  seq: crowd_run, ref: ../2019/ref/crowd_run_short_1920x1080_50.yuv, dis: ../2019/seq/crowd_run_x265/enc_res_mainconcept_mv_subjective_crowd_run_short_1000.mp4, mask: None, metric: ssim, mask_mode: FalseERROR:  seq: crowd_run, ref: ../2019/ref/crowd_run_short_1920x1080_50.yuv, dis: ../2019/seq/crowd_run_x265/enc_res_mainconcept_mv_subjective_crowd_run_short_2000.mp4, mask: None, metric: ssim, mask_mode: FalseERROR:  seq: crowd_run, ref: ../2019/ref/crowd_run_short_1920x1080_50.yuv, dis: ../2019/seq/crowd_run_x265/enc_res_mainconcept_mv_subjective_crowd_run_short_4000.mp4, mask: None, metric: ssim, mask_mode: FalseERROR:  seq: crowd_run, ref: ../2019/ref/crowd_run_short_1920x1080_50.yuv, dis: ../2019/seq/crowd_run_x265/enc_res_sif_mv_subjective_crowd_run_short_1000.mp4, mask: None, metric: ssim, mask_mode: FalseERROR:  seq: crowd_run, ref: ../2019/ref/crowd_run_short_1920x1080_50.yuv, dis: ../2019/seq/crowd_run_x265/enc_res_sif_mv_subjective_crowd_run_short_2000.mp4, mask: None, metric: ssim, mask_mode: FalseERROR:  seq: crowd_run, ref: ../2019/ref/crowd_run_short_1920x1080_50.yuv, dis: ../2019/seq/crowd_run_x265/enc_res_sif_mv_subjective_crowd_run_short_4000.mp4, mask: None, metric: ssim, mask_mode: FalseERROR:  seq: crowd_run, ref: ../2019/ref/crowd_run_short_1920x1080_50.yuv, dis: ../2019/seq/crowd_run_x265/enc_res_sz265_mv_subjective_crowd_run_short_1000.mp4, mask: None, metric: ssim, mask_mode: FalseERROR:  seq: crowd_run, ref: ../2019/ref/crowd_run_short_1920x1080_50.yuv, dis: ../2019/seq/crowd_run_x265/enc_res_sz265_mv_subjective_crowd_run_short_2000.mp4, mask: None, metric: ssim, mask_mode: FalseERROR:  seq: crowd_run, ref: ../2019/ref/crowd_run_short_1920x1080_50.yuv, dis: ../2019/seq/crowd_run_x265/enc_res_sz265_mv_subjective_crowd_run_short_4000.mp4, mask: None, metric: ssim, mask_mode: FalseERROR:  seq: crowd_run, ref: ../2019/ref/crowd_run_short_1920x1080_50.yuv, dis: ../2019/seq/crowd_run_x265/enc_res_t265_mv_subjective_crowd_run_short_1000.mp4, mask: None, metric: ssim, mask_mode: FalseERROR:  seq: crowd_run, ref: ../2019/ref/crowd_run_short_1920x1080_50.yuv, dis: ../2019/seq/crowd_run_x265/enc_res_t265_mv_subjective_crowd_run_short_2000.mp4, mask: None, metric: ssim, mask_mode: FalseERROR:  seq: crowd_run, ref: ../2019/ref/crowd_run_short_1920x1080_50.yuv, dis: ../2019/seq/crowd_run_x265/enc_res_t265_mv_subjective_crowd_run_short_4000.mp4, mask: None, metric: ssim, mask_mode: FalseERROR:  seq: crowd_run, ref: ../2019/ref/crowd_run_short_1920x1080_50.yuv, dis: ../2019/seq/crowd_run_x265/enc_res_uc265_mv_subjective_crowd_run_short_1000.mp4, mask: None, metric: ssim, mask_mode: FalseERROR:  seq: crowd_run, ref: ../2019/ref/crowd_run_short_1920x1080_50.yuv, dis: ../2019/seq/crowd_run_x265/enc_res_uc265_mv_subjective_crowd_run_short_2000.mp4, mask: None, metric: ssim, mask_mode: FalseERROR:  seq: crowd_run, ref: ../2019/ref/crowd_run_short_1920x1080_50.yuv, dis: ../2019/seq/crowd_run_x265/enc_res_uc265_mv_subjective_crowd_run_short_4000.mp4, mask: None, metric: ssim, mask_mode: FalseERROR:  seq: crowd_run, ref: ../2019/ref/crowd_run_short_1920x1080_50.yuv, dis: ../2019/seq/crowd_run_x265/enc_res_venc_mv_subjective_crowd_run_short_1000.mp4, mask: None, metric: ssim, mask_mode: FalseERROR:  seq: crowd_run, ref: ../2019/ref/crowd_run_short_1920x1080_50.yuv, dis: ../2019/seq/crowd_run_x265/enc_res_venc_mv_subjective_crowd_run_short_2000.mp4, mask: None, metric: ssim, mask_mode: FalseERROR:  seq: crowd_run, ref: ../2019/ref/crowd_run_short_1920x1080_50.yuv, dis: ../2019/seq/crowd_run_x265/enc_res_venc_mv_subjective_crowd_run_short_4000.mp4, mask: None, metric: ssim, mask_mode: FalseERROR:  seq: crowd_run, ref: ../2019/ref/crowd_run_short_1920x1080_50.yuv, dis: ../2019/seq/crowd_run_x265/enc_res_vp9_mv_subjective_crowd_run_short_1000.mp4, mask: None, metric: ssim, mask_mode: FalseERROR:  seq: crowd_run, ref: ../2019/ref/crowd_run_short_1920x1080_50.yuv, dis: ../2019/seq/crowd_run_x265/enc_res_vp9_mv_subjective_crowd_run_short_2000.mp4, mask: None, metric: ssim, mask_mode: FalseERROR:  seq: crowd_run, ref: ../2019/ref/crowd_run_short_1920x1080_50.yuv, dis: ../2019/seq/crowd_run_x265/enc_res_vp9_mv_subjective_crowd_run_short_4000.mp4, mask: None, metric: ssim, mask_mode: FalseERROR:  seq: crowd_run, ref: ../2019/ref/crowd_run_short_1920x1080_50.yuv, dis: ../2019/seq/crowd_run_x265/enc_res_x264_mv_subjective_crowd_run_short_1000.mp4, mask: None, metric: ssim, mask_mode: FalseERROR:  seq: crowd_run, ref: ../2019/ref/crowd_run_short_1920x1080_50.yuv, dis: ../2019/seq/crowd_run_x265/enc_res_x264_mv_subjective_crowd_run_short_2000.mp4, mask: None, metric: ssim, mask_mode: FalseERROR:  seq: crowd_run, ref: ../2019/ref/crowd_run_short_1920x1080_50.yuv, dis: ../2019/seq/crowd_run_x265/enc_res_x264_mv_subjective_crowd_run_short_4000.mp4, mask: None, metric: ssim, mask_mode: FalseERROR:  seq: crowd_run, ref: ../2019/ref/crowd_run_short_1920x1080_50.yuv, dis: ../2019/seq/crowd_run_x265/enc_res_x265_mv_subjective_crowd_run_short_1000.mp4, mask: None, metric: ssim, mask_mode: FalseERROR:  seq: crowd_run, ref: ../2019/ref/crowd_run_short_1920x1080_50.yuv, dis: ../2019/seq/crowd_run_x265/enc_res_x265_mv_subjective_crowd_run_short_2000.mp4, mask: None, metric: ssim, mask_mode: FalseERROR:  seq: crowd_run, ref: ../2019/ref/crowd_run_short_1920x1080_50.yuv, dis: ../2019/seq/crowd_run_x265/enc_res_bytedance_mv_subjective_crowd_run_short_2000.mp4, mask: None, metric: ssim, mask_mode: FalseERROR:  seq: crowd_run, ref: ../2019/ref/crowd_run_short_1920x1080_50.yuv, dis: ../2019/seq/crowd_run_x265/enc_res_bytedance_mv_subjective_crowd_run_short_1000.mp4, mask: None, metric: ssim, mask_mode: FalseERROR:  seq: crowd_run, ref: ../2019/ref/crowd_run_short_1920x1080_50.yuv, dis: ../2019/seq/crowd_run_x265/enc_res_bytedance_mv_subjective_crowd_run_short_2000.mp4, mask: None, metric: ssim, mask_mode: FalseERROR:  seq: crowd_run, ref: ../2019/ref/crowd_run_short_1920x1080_50.yuv, dis: ../2019/seq/crowd_run_x265/enc_res_bytedance_mv_subjective_crowd_run_short_1000.mp4, mask: None, metric: ssim, mask_mode: FalseERROR:  seq: crowd_run, ref: ../2019/ref/crowd_run_short_1920x1080_50.yuv, dis: ../2019/seq/crowd_run_x265/enc_res_bytedance_mv_subjective_crowd_run_short_1000.mp4, mask: None, metric: ssim, mask_mode: FalseERROR:  seq: crowd_run, ref: ../2019/ref/crowd_run_short_1920x1080_50.yuv, dis: ../2019/seq/crowd_run_x265/enc_res_bytedance_mv_subjective_crowd_run_short_2000.mp4, mask: None, metric: ssim, mask_mode: FalseERROR:  seq: crowd_run, ref: ../2019/ref/crowd_run_short_1920x1080_50.yuv, dis: ../2019/seq/crowd_run_x265/enc_res_bytedance_mv_subjective_crowd_run_short_4000.mp4, mask: None, metric: ssim, mask_mode: FalseERROR:  seq: crowd_run, ref: ../2019/ref/crowd_run_short_1920x1080_50.yuv, dis: ../2019/seq/crowd_run_x265/enc_res_huawei_20190725_mv_subjective_crowd_run_short_1000.mp4, mask: None, metric: ssim, mask_mode: FalseERROR:  seq: crowd_run, ref: ../2019/ref/crowd_run_short_1920x1080_50.yuv, dis: ../2019/seq/crowd_run_x265/enc_res_huawei_20190725_mv_subjective_crowd_run_short_2000.mp4, mask: None, metric: ssim, mask_mode: FalseERROR:  seq: crowd_run, ref: ../2019/ref/crowd_run_short_1920x1080_50.yuv, dis: ../2019/seq/crowd_run_x265/enc_res_huawei_20190725_mv_subjective_crowd_run_short_4000.mp4, mask: None, metric: ssim, mask_mode: FalseERROR:  seq: crowd_run, ref: ../2019/ref/crowd_run_short_1920x1080_50.yuv, dis: ../2019/seq/crowd_run_x265/enc_res_huawei_mv_subjective_crowd_run_short_1000.mp4, mask: None, metric: ssim, mask_mode: FalseERROR:  seq: crowd_run, ref: ../2019/ref/crowd_run_short_1920x1080_50.yuv, dis: ../2019/seq/crowd_run_x265/enc_res_huawei_mv_subjective_crowd_run_short_2000.mp4, mask: None, metric: ssim, mask_mode: FalseERROR:  seq: crowd_run, ref: ../2019/ref/crowd_run_short_1920x1080_50.yuv, dis: ../2019/seq/crowd_run_x265/enc_res_huawei_mv_subjective_crowd_run_short_4000.mp4, mask: None, metric: ssim, mask_mode: FalseERROR:  seq: crowd_run, ref: ../2019/ref/crowd_run_short_1920x1080_50.yuv, dis: ../2019/seq/crowd_run_x265/enc_res_mainconcept_mv_subjective_crowd_run_short_1000.mp4, mask: None, metric: ssim, mask_mode: FalseERROR:  seq: crowd_run, ref: ../2019/ref/crowd_run_short_1920x1080_50.yuv, dis: ../2019/seq/crowd_run_x265/enc_res_mainconcept_mv_subjective_crowd_run_short_2000.mp4, mask: None, metric: ssim, mask_mode: FalseERROR:  seq: crowd_run, ref: ../2019/ref/crowd_run_short_1920x1080_50.yuv, dis: ../2019/seq/crowd_run_x265/enc_res_mainconcept_mv_subjective_crowd_run_short_4000.mp4, mask: None, metric: ssim, mask_mode: FalseERROR:  seq: crowd_run, ref: ../2019/ref/crowd_run_short_1920x1080_50.yuv, dis: ../2019/seq/crowd_run_x265/enc_res_sif_mv_subjective_crowd_run_short_2000.mp4, mask: None, metric: ssim, mask_mode: FalseERROR:  seq: crowd_run, ref: ../2019/ref/crowd_run_short_1920x1080_50.yuv, dis: ../2019/seq/crowd_run_x265/enc_res_sif_mv_subjective_crowd_run_short_1000.mp4, mask: None, metric: ssim, mask_mode: FalseERROR:  seq: crowd_run, ref: ../2019/ref/crowd_run_short_1920x1080_50.yuv, dis: ../2019/seq/crowd_run_x265/enc_res_sz265_mv_subjective_crowd_run_short_1000.mp4, mask: None, metric: ssim, mask_mode: FalseERROR:  seq: crowd_run, ref: ../2019/ref/crowd_run_short_1920x1080_50.yuv, dis: ../2019/seq/crowd_run_x265/enc_res_sif_mv_subjective_crowd_run_short_4000.mp4, mask: None, metric: ssim, mask_mode: FalseERROR:  seq: crowd_run, ref: ../2019/ref/crowd_run_short_1920x1080_50.yuv, dis: ../2019/seq/crowd_run_x265/enc_res_sz265_mv_subjective_crowd_run_short_4000.mp4, mask: None, metric: ssim, mask_mode: FalseERROR:  seq: crowd_run, ref: ../2019/ref/crowd_run_short_1920x1080_50.yuv, dis: ../2019/seq/crowd_run_x265/enc_res_sz265_mv_subjective_crowd_run_short_2000.mp4, mask: None, metric: ssim, mask_mode: FalseERROR:  seq: crowd_run, ref: ../2019/ref/crowd_run_short_1920x1080_50.yuv, dis: ../2019/seq/crowd_run_x265/enc_res_t265_mv_subjective_crowd_run_short_1000.mp4, mask: None, metric: ssim, mask_mode: FalseERROR:  seq: crowd_run, ref: ../2019/ref/crowd_run_short_1920x1080_50.yuv, dis: ../2019/seq/crowd_run_x265/enc_res_t265_mv_subjective_crowd_run_short_2000.mp4, mask: None, metric: ssim, mask_mode: FalseERROR:  seq: crowd_run, ref: ../2019/ref/crowd_run_short_1920x1080_50.yuv, dis: ../2019/seq/crowd_run_x265/enc_res_t265_mv_subjective_crowd_run_short_4000.mp4, mask: None, metric: ssim, mask_mode: FalseERROR:  seq: crowd_run, ref: ../2019/ref/crowd_run_short_1920x1080_50.yuv, dis: ../2019/seq/crowd_run_x265/enc_res_uc265_mv_subjective_crowd_run_short_1000.mp4, mask: None, metric: ssim, mask_mode: FalseERROR:  seq: crowd_run, ref: ../2019/ref/crowd_run_short_1920x1080_50.yuv, dis: ../2019/seq/crowd_run_x265/enc_res_uc265_mv_subjective_crowd_run_short_2000.mp4, mask: None, metric: ssim, mask_mode: FalseERROR:  seq: crowd_run, ref: ../2019/ref/crowd_run_short_1920x1080_50.yuv, dis: ../2019/seq/crowd_run_x265/enc_res_uc265_mv_subjective_crowd_run_short_4000.mp4, mask: None, metric: ssim, mask_mode: FalseERROR:  seq: crowd_run, ref: ../2019/ref/crowd_run_short_1920x1080_50.yuv, dis: ../2019/seq/crowd_run_x265/enc_res_venc_mv_subjective_crowd_run_short_1000.mp4, mask: None, metric: ssim, mask_mode: FalseERROR:  seq: crowd_run, ref: ../2019/ref/crowd_run_short_1920x1080_50.yuv, dis: ../2019/seq/crowd_run_x265/enc_res_venc_mv_subjective_crowd_run_short_2000.mp4, mask: None, metric: ssim, mask_mode: FalseERROR:  seq: crowd_run, ref: ../2019/ref/crowd_run_short_1920x1080_50.yuv, dis: ../2019/seq/crowd_run_x265/enc_res_venc_mv_subjective_crowd_run_short_4000.mp4, mask: None, metric: ssim, mask_mode: FalseERROR:  seq: crowd_run, ref: ../2019/ref/crowd_run_short_1920x1080_50.yuv, dis: ../2019/seq/crowd_run_x265/enc_res_vp9_mv_subjective_crowd_run_short_1000.mp4, mask: None, metric: ssim, mask_mode: FalseERROR:  seq: crowd_run, ref: ../2019/ref/crowd_run_short_1920x1080_50.yuv, dis: ../2019/seq/crowd_run_x265/enc_res_vp9_mv_subjective_crowd_run_short_2000.mp4, mask: None, metric: ssim, mask_mode: FalseERROR:  seq: crowd_run, ref: ../2019/ref/crowd_run_short_1920x1080_50.yuv, dis: ../2019/seq/crowd_run_x265/enc_res_vp9_mv_subjective_crowd_run_short_4000.mp4, mask: None, metric: ssim, mask_mode: FalseERROR:  seq: crowd_run, ref: ../2019/ref/crowd_run_short_1920x1080_50.yuv, dis: ../2019/seq/crowd_run_x265/enc_res_x264_mv_subjective_crowd_run_short_2000.mp4, mask: None, metric: ssim, mask_mode: FalseERROR:  seq: crowd_run, ref: ../2019/ref/crowd_run_short_1920x1080_50.yuv, dis: ../2019/seq/crowd_run_x265/enc_res_x264_mv_subjective_crowd_run_short_1000.mp4, mask: None, metric: ssim, mask_mode: FalseERROR:  seq: crowd_run, ref: ../2019/ref/crowd_run_short_1920x1080_50.yuv, dis: ../2019/seq/crowd_run_x265/enc_res_x264_mv_subjective_crowd_run_short_4000.mp4, mask: None, metric: ssim, mask_mode: FalseERROR:  seq: crowd_run, ref: ../2019/ref/crowd_run_short_1920x1080_50.yuv, dis: ../2019/seq/crowd_run_x265/enc_res_x265_mv_subjective_crowd_run_short_1000.mp4, mask: None, metric: ssim, mask_mode: FalseERROR:  seq: crowd_run, ref: ../2019/ref/crowd_run_short_1920x1080_50.yuv, dis: ../2019/seq/crowd_run_x265/enc_res_x265_mv_subjective_crowd_run_short_2000.mp4, mask: None, metric: ssim, mask_mode: FalseERROR:  seq: crowd_run, ref: ../2019/ref/crowd_run_short_1920x1080_50.yuv, dis: ../2019/seq/crowd_run_x265/enc_res_x265_mv_subjective_crowd_run_short_4000.mp4, mask: None, metric: ssim, mask_mode: FalseERROR:  seq: crowd_run, ref: ../2019/ref/crowd_run_short_1920x1080_50.yuv, dis: ../2019/seq/crowd_run_x265/enc_res_xin265_mv_subjective_crowd_run_short_1000.mp4, mask: None, metric: ssim, mask_mode: FalseERROR:  seq: crowd_run, ref: ../2019/ref/crowd_run_short_1920x1080_50.yuv, dis: ../2019/seq/crowd_run_x265/enc_res_xin265_mv_subjective_crowd_run_short_2000.mp4, mask: None, metric: ssim, mask_mode: FalseERROR:  seq: crowd_run, ref: ../2019/ref/crowd_run_short_1920x1080_50.yuv, dis: ../2019/seq/crowd_run_x265/enc_res_xin265_mv_subjective_crowd_run_short_4000.mp4, mask: None, metric: ssim, mask_mode: FalseERROR:  seq: crowd_run, ref: ../2019/ref/crowd_run_short_1920x1080_50.yuv, dis: ../2019/seq/crowd_run_x265/enc_res_xvc_mv_subjective_crowd_run_short_2000.mp4, mask: None, metric: ssim, mask_mode: FalseERROR:  seq: crowd_run, ref: ../2019/ref/crowd_run_short_1920x1080_50.yuv, dis: ../2019/seq/crowd_run_x265/enc_res_xvc_mv_subjective_crowd_run_short_1000.mp4, mask: None, metric: ssim, mask_mode: FalseERROR:  seq: crowd_run, ref: ../2019/ref/crowd_run_short_1920x1080_50.yuv, dis: ../2019/seq/crowd_run_x265/enc_res_xvc_mv_subjective_crowd_run_short_4000.mp4, mask: None, metric: ssim, mask_mode: TrueERROR:  seq: crowd_run, ref: ../2019/ref/crowd_run_short_1920x1080_50.yuv, dis: ../2019/seq/crowd_run_x265/enc_res_bytedance_mv_subjective_crowd_run_short_1000.mp4, mask: ../2019/masks/.ipynb_checkpoints, metric: ssim, mask_mode: TrueERROR:  seq: crowd_run, ref: ../2019/ref/crowd_run_short_1920x1080_50.yuv, dis: ../2019/seq/crowd_run_x265/enc_res_bytedance_mv_subjective_crowd_run_short_2000.mp4, mask: ../2019/masks/.ipynb_checkpoints, metric: ssim, mask_mode: TrueERROR:  seq: crowd_run, ref: ../2019/ref/crowd_run_short_1920x1080_50.yuv, dis: ../2019/seq/crowd_run_x265/enc_res_bytedance_mv_subjective_crowd_run_short_4000.mp4, mask: ../2019/masks/.ipynb_checkpoints, metric: ssim, mask_mode: TrueERROR:  seq: crowd_run, ref: ../2019/ref/crowd_run_short_1920x1080_50.yuv, dis: ../2019/seq/crowd_run_x265/enc_res_huawei_20190725_mv_subjective_crowd_run_short_1000.mp4, mask: ../2019/masks/.ipynb_checkpoints, metric: ssim, mask_mode: TrueERROR:  seq: crowd_run, ref: ../2019/ref/crowd_run_short_1920x1080_50.yuv, dis: ../2019/seq/crowd_run_x265/enc_res_huawei_20190725_mv_subjective_crowd_run_short_2000.mp4, mask: ../2019/masks/.ipynb_checkpoints, metric: ssim, mask_mode: TrueERROR:  seq: crowd_run, ref: ../2019/ref/crowd_run_short_1920x1080_50.yuv, dis: ../2019/seq/crowd_run_x265/enc_res_huawei_20190725_mv_subjective_crowd_run_short_4000.mp4, mask: ../2019/masks/.ipynb_checkpoints, metric: ssim, mask_mode: TrueERROR:  seq: crowd_run, ref: ../2019/ref/crowd_run_short_1920x1080_50.yuv, dis: ../2019/seq/crowd_run_x265/enc_res_huawei_mv_subjective_crowd_run_short_1000.mp4, mask: ../2019/masks/.ipynb_checkpoints, metric: ssim, mask_mode: TrueERROR:  seq: crowd_run, ref: ../2019/ref/crowd_run_short_1920x1080_50.yuv, dis: ../2019/seq/crowd_run_x265/enc_res_huawei_mv_subjective_crowd_run_short_2000.mp4, mask: ../2019/masks/.ipynb_checkpoints, metric: ssim, mask_mode: TrueERROR:  seq: crowd_run, ref: ../2019/ref/crowd_run_short_1920x1080_50.yuv, dis: ../2019/seq/crowd_run_x265/enc_res_huawei_mv_subjective_crowd_run_short_4000.mp4, mask: ../2019/masks/.ipynb_checkpoints, metric: ssim, mask_mode: TrueERROR:  seq: crowd_run, ref: ../2019/ref/crowd_run_short_1920x1080_50.yuv, dis: ../2019/seq/crowd_run_x265/enc_res_mainconcept_mv_subjective_crowd_run_short_1000.mp4, mask: ../2019/masks/.ipynb_checkpoints, metric: ssim, mask_mode: TrueERROR:  seq: crowd_run, ref: ../2019/ref/crowd_run_short_1920x1080_50.yuv, dis: ../2019/seq/crowd_run_x265/enc_res_mainconcept_mv_subjective_crowd_run_short_2000.mp4, mask: ../2019/masks/.ipynb_checkpoints, metric: ssim, mask_mode: TrueERROR:  seq: crowd_run, ref: ../2019/ref/crowd_run_short_1920x1080_50.yuv, dis: ../2019/seq/crowd_run_x265/enc_res_mainconcept_mv_subjective_crowd_run_short_4000.mp4, mask: ../2019/masks/.ipynb_checkpoints, metric: ssim, mask_mode: TrueERROR:  seq: crowd_run, ref: ../2019/ref/crowd_run_short_1920x1080_50.yuv, dis: ../2019/seq/crowd_run_x265/enc_res_sif_mv_subjective_crowd_run_short_1000.mp4, mask: ../2019/masks/.ipynb_checkpoints, metric: ssim, mask_mode: TrueERROR:  seq: crowd_run, ref: ../2019/ref/crowd_run_short_1920x1080_50.yuv, dis: ../2019/seq/crowd_run_x265/enc_res_sif_mv_subjective_crowd_run_short_2000.mp4, mask: ../2019/masks/.ipynb_checkpoints, metric: ssim, mask_mode: TrueERROR:  seq: crowd_run, ref: ../2019/ref/crowd_run_short_1920x1080_50.yuv, dis: ../2019/seq/crowd_run_x265/enc_res_sif_mv_subjective_crowd_run_short_4000.mp4, mask: ../2019/masks/.ipynb_checkpoints, metric: ssim, mask_mode: TrueERROR:  seq: crowd_run, ref: ../2019/ref/crowd_run_short_1920x1080_50.yuv, dis: ../2019/seq/crowd_run_x265/enc_res_sz265_mv_subjective_crowd_run_short_1000.mp4, mask: ../2019/masks/.ipynb_checkpoints, metric: ssim, mask_mode: TrueERROR:  seq: crowd_run, ref: ../2019/ref/crowd_run_short_1920x1080_50.yuv, dis: ../2019/seq/crowd_run_x265/enc_res_sz265_mv_subjective_crowd_run_short_2000.mp4, mask: ../2019/masks/.ipynb_checkpoints, metric: ssim, mask_mode: TrueERROR:  seq: crowd_run, ref: ../2019/ref/crowd_run_short_1920x1080_50.yuv, dis: ../2019/seq/crowd_run_x265/enc_res_t265_mv_subjective_crowd_run_short_1000.mp4, mask: ../2019/masks/.ipynb_checkpoints, metric: ssim, mask_mode: TrueERROR:  seq: crowd_run, ref: ../2019/ref/crowd_run_short_1920x1080_50.yuv, dis: ../2019/seq/crowd_run_x265/enc_res_sz265_mv_subjective_crowd_run_short_4000.mp4, mask: ../2019/masks/.ipynb_checkpoints, metric: ssim, mask_mode: TrueERROR:  seq: crowd_run, ref: ../2019/ref/crowd_run_short_1920x1080_50.yuv, dis: ../2019/seq/crowd_run_x265/enc_res_t265_mv_subjective_crowd_run_short_4000.mp4, mask: ../2019/masks/.ipynb_checkpoints, metric: ssim, mask_mode: TrueERROR:  seq: crowd_run, ref: ../2019/ref/crowd_run_short_1920x1080_50.yuv, dis: ../2019/seq/crowd_run_x265/enc_res_t265_mv_subjective_crowd_run_short_2000.mp4, mask: ../2019/masks/.ipynb_checkpoints, metric: ssim, mask_mode: TrueERROR:  seq: crowd_run, ref: ../2019/ref/crowd_run_short_1920x1080_50.yuv, dis: ../2019/seq/crowd_run_x265/enc_res_uc265_mv_subjective_crowd_run_short_1000.mp4, mask: ../2019/masks/.ipynb_checkpoints, metric: ssim, mask_mode: TrueERROR:  seq: crowd_run, ref: ../2019/ref/crowd_run_short_1920x1080_50.yuv, dis: ../2019/seq/crowd_run_x265/enc_res_uc265_mv_subjective_crowd_run_short_2000.mp4, mask: ../2019/masks/.ipynb_checkpoints, metric: ssim, mask_mode: TrueERROR:  seq: crowd_run, ref: ../2019/ref/crowd_run_short_1920x1080_50.yuv, dis: ../2019/seq/crowd_run_x265/enc_res_uc265_mv_subjective_crowd_run_short_4000.mp4, mask: ../2019/masks/.ipynb_checkpoints, metric: ssim, mask_mode: TrueERROR:  seq: crowd_run, ref: ../2019/ref/crowd_run_short_1920x1080_50.yuv, dis: ../2019/seq/crowd_run_x265/enc_res_venc_mv_subjective_crowd_run_short_1000.mp4, mask: ../2019/masks/.ipynb_checkpoints, metric: ssim, mask_mode: TrueERROR:  seq: crowd_run, ref: ../2019/ref/crowd_run_short_1920x1080_50.yuv, dis: ../2019/seq/crowd_run_x265/enc_res_venc_mv_subjective_crowd_run_short_2000.mp4, mask: ../2019/masks/.ipynb_checkpoints, metric: ssim, mask_mode: TrueERROR:  seq: crowd_run, ref: ../2019/ref/crowd_run_short_1920x1080_50.yuv, dis: ../2019/seq/crowd_run_x265/enc_res_venc_mv_subjective_crowd_run_short_4000.mp4, mask: ../2019/masks/.ipynb_checkpoints, metric: ssim, mask_mode: TrueERROR:  seq: crowd_run, ref: ../2019/ref/crowd_run_short_1920x1080_50.yuv, dis: ../2019/seq/crowd_run_x265/enc_res_vp9_mv_subjective_crowd_run_short_1000.mp4, mask: ../2019/masks/.ipynb_checkpoints, metric: ssim, mask_mode: TrueERROR:  seq: crowd_run, ref: ../2019/ref/crowd_run_short_1920x1080_50.yuv, dis: ../2019/seq/crowd_run_x265/enc_res_vp9_mv_subjective_crowd_run_short_2000.mp4, mask: ../2019/masks/.ipynb_checkpoints, metric: ssim, mask_mode: TrueERROR:  seq: crowd_run, ref: ../2019/ref/crowd_run_short_1920x1080_50.yuv, dis: ../2019/seq/crowd_run_x265/enc_res_vp9_mv_subjective_crowd_run_short_4000.mp4, mask: ../2019/masks/.ipynb_checkpoints, metric: ssim, mask_mode: TrueERROR:  seq: crowd_run, ref: ../2019/ref/crowd_run_short_1920x1080_50.yuv, dis: ../2019/seq/crowd_run_x265/enc_res_x264_mv_subjective_crowd_run_short_1000.mp4, mask: ../2019/masks/.ipynb_checkpoints, metric: ssim, mask_mode: TrueERROR:  seq: crowd_run, ref: ../2019/ref/crowd_run_short_1920x1080_50.yuv, dis: ../2019/seq/crowd_run_x265/enc_res_x264_mv_subjective_crowd_run_short_2000.mp4, mask: ../2019/masks/.ipynb_checkpoints, metric: ssim, mask_mode: TrueERROR:  seq: crowd_run, ref: ../2019/ref/crowd_run_short_1920x1080_50.yuv, dis: ../2019/seq/crowd_run_x265/enc_res_x264_mv_subjective_crowd_run_short_4000.mp4, mask: ../2019/masks/.ipynb_checkpoints, metric: ssim, mask_mode: TrueERROR:  seq: crowd_run, ref: ../2019/ref/crowd_run_short_1920x1080_50.yuv, dis: ../2019/seq/crowd_run_x265/enc_res_x265_mv_subjective_crowd_run_short_1000.mp4, mask: ../2019/masks/.ipynb_checkpoints, metric: ssim, mask_mode: TrueERROR:  seq: crowd_run, ref: ../2019/ref/crowd_run_short_1920x1080_50.yuv, dis: ../2019/seq/crowd_run_x265/enc_res_x265_mv_subjective_crowd_run_short_2000.mp4, mask: ../2019/masks/.ipynb_checkpoints, metric: ssim, mask_mode: TrueERROR:  seq: crowd_run, ref: ../2019/ref/crowd_run_short_1920x1080_50.yuv, dis: ../2019/seq/crowd_run_x265/enc_res_x265_mv_subjective_crowd_run_short_4000.mp4, mask: ../2019/masks/.ipynb_checkpoints, metric: ssim, mask_mode: TrueERROR:  seq: crowd_run, ref: ../2019/ref/crowd_run_short_1920x1080_50.yuv, dis: ../2019/seq/crowd_run_x265/enc_res_bytedance_mv_subjective_crowd_run_short_1000.mp4, mask: None, metric: ssim, mask_mode: FalseERROR:  seq: crowd_run, ref: ../2019/ref/crowd_run_short_1920x1080_50.yuv, dis: ../2019/seq/crowd_run_x265/enc_res_bytedance_mv_subjective_crowd_run_short_2000.mp4, mask: None, metric: ssim, mask_mode: FalseERROR:  seq: crowd_run, ref: ../2019/ref/crowd_run_short_1920x1080_50.yuv, dis: ../2019/seq/crowd_run_x265/enc_res_huawei_20190725_mv_subjective_crowd_run_short_1000.mp4, mask: None, metric: ssim, mask_mode: FalseERROR:  seq: crowd_run, ref: ../2019/ref/crowd_run_short_1920x1080_50.yuv, dis: ../2019/seq/crowd_run_x265/enc_res_bytedance_mv_subjective_crowd_run_short_4000.mp4, mask: None, metric: ssim, mask_mode: FalseERROR:  seq: crowd_run, ref: ../2019/ref/crowd_run_short_1920x1080_50.yuv, dis: ../2019/seq/crowd_run_x265/enc_res_huawei_20190725_mv_subjective_crowd_run_short_2000.mp4, mask: None, metric: ssim, mask_mode: FalseERROR:  seq: crowd_run, ref: ../2019/ref/crowd_run_short_1920x1080_50.yuv, dis: ../2019/seq/crowd_run_x265/enc_res_huawei_20190725_mv_subjective_crowd_run_short_4000.mp4, mask: None, metric: ssim, mask_mode: FalseERROR:  seq: crowd_run, ref: ../2019/ref/crowd_run_short_1920x1080_50.yuv, dis: ../2019/seq/crowd_run_x265/enc_res_huawei_mv_subjective_crowd_run_short_2000.mp4, mask: None, metric: ssim, mask_mode: FalseERROR:  seq: crowd_run, ref: ../2019/ref/crowd_run_short_1920x1080_50.yuv, dis: ../2019/seq/crowd_run_x265/enc_res_huawei_mv_subjective_crowd_run_short_1000.mp4, mask: None, metric: ssim, mask_mode: FalseERROR:  seq: crowd_run, ref: ../2019/ref/crowd_run_short_1920x1080_50.yuv, dis: ../2019/seq/crowd_run_x265/enc_res_huawei_mv_subjective_crowd_run_short_4000.mp4, mask: None, metric: ssim, mask_mode: FalseERROR:  seq: crowd_run, ref: ../2019/ref/crowd_run_short_1920x1080_50.yuv, dis: ../2019/seq/crowd_run_x265/enc_res_mainconcept_mv_subjective_crowd_run_short_1000.mp4, mask: None, metric: ssim, mask_mode: FalseERROR:  seq: crowd_run, ref: ../2019/ref/crowd_run_short_1920x1080_50.yuv, dis: ../2019/seq/crowd_run_x265/enc_res_mainconcept_mv_subjective_crowd_run_short_2000.mp4, mask: None, metric: ssim, mask_mode: FalseERROR:  seq: crowd_run, ref: ../2019/ref/crowd_run_short_1920x1080_50.yuv, dis: ../2019/seq/crowd_run_x265/enc_res_mainconcept_mv_subjective_crowd_run_short_4000.mp4, mask: None, metric: ssim, mask_mode: FalseERROR:  seq: crowd_run, ref: ../2019/ref/crowd_run_short_1920x1080_50.yuv, dis: ../2019/seq/crowd_run_x265/enc_res_sif_mv_subjective_crowd_run_short_1000.mp4, mask: None, metric: ssim, mask_mode: FalseERROR:  seq: crowd_run, ref: ../2019/ref/crowd_run_short_1920x1080_50.yuv, dis: ../2019/seq/crowd_run_x265/enc_res_sif_mv_subjective_crowd_run_short_2000.mp4, mask: None, metric: ssim, mask_mode: FalseERROR:  seq: crowd_run, ref: ../2019/ref/crowd_run_short_1920x1080_50.yuv, dis: ../2019/seq/crowd_run_x265/enc_res_sif_mv_subjective_crowd_run_short_4000.mp4, mask: None, metric: ssim, mask_mode: FalseERROR:  seq: crowd_run, ref: ../2019/ref/crowd_run_short_1920x1080_50.yuv, dis: ../2019/seq/crowd_run_x265/enc_res_sz265_mv_subjective_crowd_run_short_1000.mp4, mask: None, metric: ssim, mask_mode: FalseERROR:  seq: crowd_run, ref: ../2019/ref/crowd_run_short_1920x1080_50.yuv, dis: ../2019/seq/crowd_run_x265/enc_res_sz265_mv_subjective_crowd_run_short_4000.mp4, mask: None, metric: ssim, mask_mode: FalseERROR:  seq: crowd_run, ref: ../2019/ref/crowd_run_short_1920x1080_50.yuv, dis: ../2019/seq/crowd_run_x265/enc_res_sz265_mv_subjective_crowd_run_short_2000.mp4, mask: None, metric: ssim, mask_mode: FalseERROR:  seq: crowd_run, ref: ../2019/ref/crowd_run_short_1920x1080_50.yuv, dis: ../2019/seq/crowd_run_x265/enc_res_t265_mv_subjective_crowd_run_short_1000.mp4, mask: None, metric: ssim, mask_mode: FalseERROR:  seq: crowd_run, ref: ../2019/ref/crowd_run_short_1920x1080_50.yuv, dis: ../2019/seq/crowd_run_x265/enc_res_t265_mv_subjective_crowd_run_short_2000.mp4, mask: None, metric: ssim, mask_mode: FalseERROR:  seq: crowd_run, ref: ../2019/ref/crowd_run_short_1920x1080_50.yuv, dis: ../2019/seq/crowd_run_x265/enc_res_uc265_mv_subjective_crowd_run_short_1000.mp4, mask: None, metric: ssim, mask_mode: FalseERROR:  seq: crowd_run, ref: ../2019/ref/crowd_run_short_1920x1080_50.yuv, dis: ../2019/seq/crowd_run_x265/enc_res_t265_mv_subjective_crowd_run_short_4000.mp4, mask: None, metric: ssim, mask_mode: FalseERROR:  seq: crowd_run, ref: ../2019/ref/crowd_run_short_1920x1080_50.yuv, dis: ../2019/seq/crowd_run_x265/enc_res_uc265_mv_subjective_crowd_run_short_2000.mp4, mask: None, metric: ssim, mask_mode: FalseERROR:  seq: crowd_run, ref: ../2019/ref/crowd_run_short_1920x1080_50.yuv, dis: ../2019/seq/crowd_run_x265/enc_res_uc265_mv_subjective_crowd_run_short_4000.mp4, mask: None, metric: ssim, mask_mode: FalseERROR:  seq: crowd_run, ref: ../2019/ref/crowd_run_short_1920x1080_50.yuv, dis: ../2019/seq/crowd_run_x265/enc_res_bytedance_mv_subjective_crowd_run_short_1000.mp4, mask: None, metric: ssim, mask_mode: FalseERROR:  seq: crowd_run, ref: ../2019/ref/crowd_run_short_1920x1080_50.yuv, dis: ../2019/seq/crowd_run_x265/enc_res_bytedance_mv_subjective_crowd_run_short_2000.mp4, mask: None, metric: ssim, mask_mode: FalseERROR:  seq: crowd_run, ref: ../2019/ref/crowd_run_short_1920x1080_50.yuv, dis: ../2019/seq/crowd_run_x265/enc_res_bytedance_mv_subjective_crowd_run_short_1000.mp4, mask: None, metric: ssim, mask_mode: FalseERROR:  seq: crowd_run, ref: ../2019/ref/crowd_run_short_1920x1080_50.yuv, dis: ../2019/seq/crowd_run_x265/enc_res_bytedance_mv_subjective_crowd_run_short_2000.mp4, mask: None, metric: ssim, mask_mode: FalseERROR:  seq: crowd_run, ref: ../2019/ref/crowd_run_short_1920x1080_50.yuv, dis: ../2019/seq/crowd_run_x265/enc_res_bytedance_mv_subjective_crowd_run_short_1000.mp4, mask: None, metric: ssim, mask_mode: FalseERROR:  seq: crowd_run, ref: ../2019/ref/crowd_run_short_1920x1080_50.yuv, dis: ../2019/seq/crowd_run_x265/enc_res_bytedance_mv_subjective_crowd_run_short_2000.mp4, mask: None, metric: ssim, mask_mode: FalseERROR:  seq: crowd_run, ref: ../2019/ref/crowd_run_short_1920x1080_50.yuv, dis: ../2019/seq/crowd_run_x265/enc_res_huawei_mv_subjective_crowd_run_short_2000.mp4, mask: None, metric: ssim, mask_mode: FalseERROR:  seq: crowd_run, ref: ../2019/ref/crowd_run_short_1920x1080_50.yuv, dis: ../2019/seq/crowd_run_x265/enc_res_huawei_mv_subjective_crowd_run_short_1000.mp4, mask: None, metric: ssim, mask_mode: FalseERROR:  seq: crowd_run, ref: ../2019/ref/crowd_run_short_1920x1080_50.yuv, dis: ../2019/seq/crowd_run_x265/enc_res_bytedance_mv_subjective_crowd_run_short_1000.mp4, mask: ../2019/masks/.ipynb_checkpoints, metric: ssim, mask_mode: TrueERROR:  seq: crowd_run, ref: ../2019/ref/crowd_run_short_1920x1080_50.yuv, dis: ../2019/seq/crowd_run_x265/enc_res_bytedance_mv_subjective_crowd_run_short_2000.mp4, mask: ../2019/masks/.ipynb_checkpoints, metric: ssim, mask_mode: TrueERROR:  seq: crowd_run, ref: ../2019/ref/crowd_run_short_1920x1080_50.yuv, dis: ../2019/seq/crowd_run_x265/enc_res_bytedance_mv_subjective_crowd_run_short_4000.mp4, mask: ../2019/masks/.ipynb_checkpoints, metric: ssim, mask_mode: TrueERROR:  seq: crowd_run, ref: ../2019/ref/crowd_run_short_1920x1080_50.yuv, dis: ../2019/seq/crowd_run_x265/enc_res_huawei_20190725_mv_subjective_crowd_run_short_1000.mp4, mask: ../2019/masks/.ipynb_checkpoints, metric: ssim, mask_mode: TrueERROR:  seq: crowd_run, ref: ../2019/ref/crowd_run_short_1920x1080_50.yuv, dis: ../2019/seq/crowd_run_x265/enc_res_huawei_20190725_mv_subjective_crowd_run_short_2000.mp4, mask: ../2019/masks/.ipynb_checkpoints, metric: ssim, mask_mode: TrueERROR:  seq: crowd_run, ref: ../2019/ref/crowd_run_short_1920x1080_50.yuv, dis: ../2019/seq/crowd_run_x265/enc_res_huawei_20190725_mv_subjective_crowd_run_short_4000.mp4, mask: ../2019/masks/.ipynb_checkpoints, metric: ssim, mask_mode: TrueERROR:  seq: crowd_run, ref: ../2019/ref/crowd_run_short_1920x1080_50.yuv, dis: ../2019/seq/crowd_run_x265/enc_res_huawei_mv_subjective_crowd_run_short_1000.mp4, mask: ../2019/masks/.ipynb_checkpoints, metric: ssim, mask_mode: TrueERROR:  seq: crowd_run, ref: ../2019/ref/crowd_run_short_1920x1080_50.yuv, dis: ../2019/seq/crowd_run_x265/enc_res_huawei_mv_subjective_crowd_run_short_2000.mp4, mask: ../2019/masks/.ipynb_checkpoints, metric: ssim, mask_mode: TrueERROR:  seq: crowd_run, ref: ../2019/ref/crowd_run_short_1920x1080_50.yuv, dis: ../2019/seq/crowd_run_x265/enc_res_huawei_mv_subjective_crowd_run_short_4000.mp4, mask: ../2019/masks/.ipynb_checkpoints, metric: ssim, mask_mode: TrueERROR:  seq: crowd_run, ref: ../2019/ref/crowd_run_short_1920x1080_50.yuv, dis: ../2019/seq/crowd_run_x265/enc_res_mainconcept_mv_subjective_crowd_run_short_1000.mp4, mask: ../2019/masks/.ipynb_checkpoints, metric: ssim, mask_mode: TrueERROR:  seq: crowd_run, ref: ../2019/ref/crowd_run_short_1920x1080_50.yuv, dis: ../2019/seq/crowd_run_x265/enc_res_mainconcept_mv_subjective_crowd_run_short_2000.mp4, mask: ../2019/masks/.ipynb_checkpoints, metric: ssim, mask_mode: TrueERROR:  seq: crowd_run, ref: ../2019/ref/crowd_run_short_1920x1080_50.yuv, dis: ../2019/seq/crowd_run_x265/enc_res_mainconcept_mv_subjective_crowd_run_short_4000.mp4, mask: ../2019/masks/.ipynb_checkpoints, metric: ssim, mask_mode: TrueERROR:  seq: crowd_run, ref: ../2019/ref/crowd_run_short_1920x1080_50.yuv, dis: ../2019/seq/crowd_run_x265/enc_res_sif_mv_subjective_crowd_run_short_1000.mp4, mask: ../2019/masks/.ipynb_checkpoints, metric: ssim, mask_mode: TrueERROR:  seq: crowd_run, ref: ../2019/ref/crowd_run_short_1920x1080_50.yuv, dis: ../2019/seq/crowd_run_x265/enc_res_sif_mv_subjective_crowd_run_short_2000.mp4, mask: ../2019/masks/.ipynb_checkpoints, metric: ssim, mask_mode: TrueERROR:  seq: crowd_run, ref: ../2019/ref/crowd_run_short_1920x1080_50.yuv, dis: ../2019/seq/crowd_run_x265/enc_res_sif_mv_subjective_crowd_run_short_4000.mp4, mask: ../2019/masks/.ipynb_checkpoints, metric: ssim, mask_mode: TrueERROR:  seq: crowd_run, ref: ../2019/ref/crowd_run_short_1920x1080_50.yuv, dis: ../2019/seq/crowd_run_x265/enc_res_sz265_mv_subjective_crowd_run_short_1000.mp4, mask: ../2019/masks/.ipynb_checkpoints, metric: ssim, mask_mode: TrueERROR:  seq: crowd_run, ref: ../2019/ref/crowd_run_short_1920x1080_50.yuv, dis: ../2019/seq/crowd_run_x265/enc_res_sz265_mv_subjective_crowd_run_short_2000.mp4, mask: ../2019/masks/.ipynb_checkpoints, metric: ssim, mask_mode: TrueERROR:  seq: crowd_run, ref: ../2019/ref/crowd_run_short_1920x1080_50.yuv, dis: ../2019/seq/crowd_run_x265/enc_res_sz265_mv_subjective_crowd_run_short_4000.mp4, mask: ../2019/masks/.ipynb_checkpoints, metric: ssim, mask_mode: TrueERROR:  seq: crowd_run, ref: ../2019/ref/crowd_run_short_1920x1080_50.yuv, dis: ../2019/seq/crowd_run_x265/enc_res_t265_mv_subjective_crowd_run_short_1000.mp4, mask: ../2019/masks/.ipynb_checkpoints, metric: ssim, mask_mode: TrueERROR:  seq: crowd_run, ref: ../2019/ref/crowd_run_short_1920x1080_50.yuv, dis: ../2019/seq/crowd_run_x265/enc_res_t265_mv_subjective_crowd_run_short_2000.mp4, mask: ../2019/masks/.ipynb_checkpoints, metric: ssim, mask_mode: TrueERROR:  seq: crowd_run, ref: ../2019/ref/crowd_run_short_1920x1080_50.yuv, dis: ../2019/seq/crowd_run_x265/enc_res_sz265_mv_subjective_crowd_run_short_2000.mp4, mask: None, metric: ssim, mask_mode: FalseERROR:  seq: crowd_run, ref: ../2019/ref/crowd_run_short_1920x1080_50.yuv, dis: ../2019/seq/crowd_run_x265/enc_res_sz265_mv_subjective_crowd_run_short_4000.mp4, mask: None, metric: ssim, mask_mode: FalseERROR:  seq: crowd_run, ref: ../2019/ref/crowd_run_short_1920x1080_50.yuv, dis: ../2019/seq/crowd_run_x265/enc_res_bytedance_mv_subjective_crowd_run_short_4000.mp4, mask: ../2019/masks/.ipynb_checkpoints, metric: ssim, mask_mode: TrueERROR:  seq: crowd_run, ref: ../2019/ref/crowd_run_short_1920x1080_50.yuv, dis: ../2019/seq/crowd_run_x265/enc_res_huawei_20190725_mv_subjective_crowd_run_short_1000.mp4, mask: ../2019/masks/.ipynb_checkpoints, metric: ssim, mask_mode: TrueERROR:  seq: crowd_run, ref: ../2019/ref/crowd_run_short_1920x1080_50.yuv, dis: ../2019/seq/crowd_run_x265/enc_res_huawei_20190725_mv_subjective_crowd_run_short_2000.mp4, mask: ../2019/masks/.ipynb_checkpoints, metric: ssim, mask_mode: TrueERROR:  seq: crowd_run, ref: ../2019/ref/crowd_run_short_1920x1080_50.yuv, dis: ../2019/seq/crowd_run_x265/enc_res_huawei_20190725_mv_subjective_crowd_run_short_4000.mp4, mask: ../2019/masks/.ipynb_checkpoints, metric: ssim, mask_mode: TrueERROR:  seq: crowd_run, ref: ../2019/ref/crowd_run_short_1920x1080_50.yuv, dis: ../2019/seq/crowd_run_x265/enc_res_huawei_mv_subjective_crowd_run_short_1000.mp4, mask: ../2019/masks/.ipynb_checkpoints, metric: ssim, mask_mode: TrueERROR:  seq: crowd_run, ref: ../2019/ref/crowd_run_short_1920x1080_50.yuv, dis: ../2019/seq/crowd_run_x265/enc_res_huawei_mv_subjective_crowd_run_short_2000.mp4, mask: ../2019/masks/.ipynb_checkpoints, metric: ssim, mask_mode: TrueERROR:  seq: crowd_run, ref: ../2019/ref/crowd_run_short_1920x1080_50.yuv, dis: ../2019/seq/crowd_run_x265/enc_res_huawei_mv_subjective_crowd_run_short_4000.mp4, mask: ../2019/masks/.ipynb_checkpoints, metric: ssim, mask_mode: TrueERROR:  seq: crowd_run, ref: ../2019/ref/crowd_run_short_1920x1080_50.yuv, dis: ../2019/seq/crowd_run_x265/enc_res_mainconcept_mv_subjective_crowd_run_short_1000.mp4, mask: ../2019/masks/.ipynb_checkpoints, metric: ssim, mask_mode: TrueERROR:  seq: crowd_run, ref: ../2019/ref/crowd_run_short_1920x1080_50.yuv, dis: ../2019/seq/crowd_run_x265/enc_res_mainconcept_mv_subjective_crowd_run_short_2000.mp4, mask: ../2019/masks/.ipynb_checkpoints, metric: ssim, mask_mode: TrueERROR:  seq: crowd_run, ref: ../2019/ref/crowd_run_short_1920x1080_50.yuv, dis: ../2019/seq/crowd_run_x265/enc_res_mainconcept_mv_subjective_crowd_run_short_4000.mp4, mask: ../2019/masks/.ipynb_checkpoints, metric: ssim, mask_mode: TrueERROR:  seq: crowd_run, ref: ../2019/ref/crowd_run_short_1920x1080_50.yuv, dis: ../2019/seq/crowd_run_x265/enc_res_sif_mv_subjective_crowd_run_short_1000.mp4, mask: ../2019/masks/.ipynb_checkpoints, metric: ssim, mask_mode: TrueERROR:  seq: crowd_run, ref: ../2019/ref/crowd_run_short_1920x1080_50.yuv, dis: ../2019/seq/crowd_run_x265/enc_res_sif_mv_subjective_crowd_run_short_2000.mp4, mask: ../2019/masks/.ipynb_checkpoints, metric: ssim, mask_mode: TrueERROR:  seq: crowd_run, ref: ../2019/ref/crowd_run_short_1920x1080_50.yuv, dis: ../2019/seq/crowd_run_x265/enc_res_sz265_mv_subjective_crowd_run_short_1000.mp4, mask: ../2019/masks/.ipynb_checkpoints, metric: ssim, mask_mode: TrueERROR:  seq: crowd_run, ref: ../2019/ref/crowd_run_short_1920x1080_50.yuv, dis: ../2019/seq/crowd_run_x265/enc_res_sif_mv_subjective_crowd_run_short_4000.mp4, mask: ../2019/masks/.ipynb_checkpoints, metric: ssim, mask_mode: TrueERROR:  seq: crowd_run, ref: ../2019/ref/crowd_run_short_1920x1080_50.yuv, dis: ../2019/seq/crowd_run_x265/enc_res_sz265_mv_subjective_crowd_run_short_2000.mp4, mask: ../2019/masks/.ipynb_checkpoints, metric: ssim, mask_mode: TrueERROR:  seq: crowd_run, ref: ../2019/ref/crowd_run_short_1920x1080_50.yuv, dis: ../2019/seq/crowd_run_x265/enc_res_sz265_mv_subjective_crowd_run_short_4000.mp4, mask: ../2019/masks/.ipynb_checkpoints, metric: ssim, mask_mode: TrueERROR:  seq: crowd_run, ref: ../2019/ref/crowd_run_short_1920x1080_50.yuv, dis: ../2019/seq/crowd_run_x265/enc_res_t265_mv_subjective_crowd_run_short_2000.mp4, mask: ../2019/masks/.ipynb_checkpoints, metric: ssim, mask_mode: TrueERROR:  seq: crowd_run, ref: ../2019/ref/crowd_run_short_1920x1080_50.yuv, dis: ../2019/seq/crowd_run_x265/enc_res_t265_mv_subjective_crowd_run_short_1000.mp4, mask: ../2019/masks/.ipynb_checkpoints, metric: ssim, mask_mode: TrueERROR:  seq: crowd_run, ref: ../2019/ref/crowd_run_short_1920x1080_50.yuv, dis: ../2019/seq/crowd_run_x265/enc_res_huawei_20190725_mv_subjective_crowd_run_short_1000.mp4, mask: ../2019/masks/.ipynb_checkpoints, metric: ssim, mask_mode: TrueERROR:  seq: crowd_run, ref: ../2019/ref/crowd_run_short_1920x1080_50.yuv, dis: ../2019/seq/crowd_run_x265/enc_res_bytedance_mv_subjective_crowd_run_short_4000.mp4, mask: ../2019/masks/.ipynb_checkpoints, metric: ssim, mask_mode: TrueERROR:  seq: crowd_run, ref: ../2019/ref/crowd_run_short_1920x1080_50.yuv, dis: ../2019/seq/crowd_run_x265/enc_res_huawei_20190725_mv_subjective_crowd_run_short_2000.mp4, mask: ../2019/masks/.ipynb_checkpoints, metric: ssim, mask_mode: TrueERROR:  seq: crowd_run, ref: ../2019/ref/crowd_run_short_1920x1080_50.yuv, dis: ../2019/seq/crowd_run_x265/enc_res_huawei_20190725_mv_subjective_crowd_run_short_4000.mp4, mask: ../2019/masks/.ipynb_checkpoints, metric: ssim, mask_mode: TrueERROR:  seq: crowd_run, ref: ../2019/ref/crowd_run_short_1920x1080_50.yuv, dis: ../2019/seq/crowd_run_x265/enc_res_huawei_mv_subjective_crowd_run_short_1000.mp4, mask: ../2019/masks/.ipynb_checkpoints, metric: ssim, mask_mode: TrueERROR:  seq: crowd_run, ref: ../2019/ref/crowd_run_short_1920x1080_50.yuv, dis: ../2019/seq/crowd_run_x265/enc_res_huawei_mv_subjective_crowd_run_short_2000.mp4, mask: ../2019/masks/.ipynb_checkpoints, metric: ssim, mask_mode: TrueERROR:  seq: crowd_run, ref: ../2019/ref/crowd_run_short_1920x1080_50.yuv, dis: ../2019/seq/crowd_run_x265/enc_res_mainconcept_mv_subjective_crowd_run_short_1000.mp4, mask: ../2019/masks/.ipynb_checkpoints, metric: ssim, mask_mode: TrueERROR:  seq: crowd_run, ref: ../2019/ref/crowd_run_short_1920x1080_50.yuv, dis: ../2019/seq/crowd_run_x265/enc_res_huawei_mv_subjective_crowd_run_short_4000.mp4, mask: ../2019/masks/.ipynb_checkpoints, metric: ssim, mask_mode: TrueERROR:  seq: crowd_run, ref: ../2019/ref/crowd_run_short_1920x1080_50.yuv, dis: ../2019/seq/crowd_run_x265/enc_res_mainconcept_mv_subjective_crowd_run_short_2000.mp4, mask: ../2019/masks/.ipynb_checkpoints, metric: ssim, mask_mode: TrueERROR:  seq: crowd_run, ref: ../2019/ref/crowd_run_short_1920x1080_50.yuv, dis: ../2019/seq/crowd_run_x265/enc_res_mainconcept_mv_subjective_crowd_run_short_4000.mp4, mask: ../2019/masks/.ipynb_checkpoints, metric: ssim, mask_mode: TrueERROR:  seq: crowd_run, ref: ../2019/ref/crowd_run_short_1920x1080_50.yuv, dis: ../2019/seq/crowd_run_x265/enc_res_sif_mv_subjective_crowd_run_short_1000.mp4, mask: ../2019/masks/.ipynb_checkpoints, metric: ssim, mask_mode: TrueERROR:  seq: crowd_run, ref: ../2019/ref/crowd_run_short_1920x1080_50.yuv, dis: ../2019/seq/crowd_run_x265/enc_res_sif_mv_subjective_crowd_run_short_2000.mp4, mask: ../2019/masks/.ipynb_checkpoints, metric: ssim, mask_mode: TrueERROR:  seq: crowd_run, ref: ../2019/ref/crowd_run_short_1920x1080_50.yuv, dis: ../2019/seq/crowd_run_x265/enc_res_sif_mv_subjective_crowd_run_short_4000.mp4, mask: ../2019/masks/.ipynb_checkpoints, metric: ssim, mask_mode: TrueERROR:  seq: crowd_run, ref: ../2019/ref/crowd_run_short_1920x1080_50.yuv, dis: ../2019/seq/crowd_run_x265/enc_res_sz265_mv_subjective_crowd_run_short_1000.mp4, mask: ../2019/masks/.ipynb_checkpoints, metric: ssim, mask_mode: TrueERROR:  seq: crowd_run, ref: ../2019/ref/crowd_run_short_1920x1080_50.yuv, dis: ../2019/seq/crowd_run_x265/enc_res_sz265_mv_subjective_crowd_run_short_2000.mp4, mask: ../2019/masks/.ipynb_checkpoints, metric: ssim, mask_mode: TrueERROR:  seq: crowd_run, ref: ../2019/ref/crowd_run_short_1920x1080_50.yuv, dis: ../2019/seq/crowd_run_x265/enc_res_sz265_mv_subjective_crowd_run_short_4000.mp4, mask: ../2019/masks/.ipynb_checkpoints, metric: ssim, mask_mode: TrueERROR:  seq: crowd_run, ref: ../2019/ref/crowd_run_short_1920x1080_50.yuv, dis: ../2019/seq/crowd_run_x265/enc_res_t265_mv_subjective_crowd_run_short_1000.mp4, mask: ../2019/masks/.ipynb_checkpoints, metric: ssim, mask_mode: TrueERROR:  seq: crowd_run, ref: ../2019/ref/crowd_run_short_1920x1080_50.yuv, dis: ../2019/seq/crowd_run_x265/enc_res_t265_mv_subjective_crowd_run_short_2000.mp4, mask: ../2019/masks/.ipynb_checkpoints, metric: ssim, mask_mode: TrueERROR:  seq: crowd_run, ref: ../2019/ref/crowd_run_short_1920x1080_50.yuv, dis: ../2019/seq/crowd_run_x265/enc_res_bytedance_mv_subjective_crowd_run_short_4000.mp4, mask: ../2019/masks/crowd_run_mask.mp4, metric: ssim, mask_mode: TrueERROR:  seq: crowd_run, ref: ../2019/ref/crowd_run_short_1920x1080_50.yuv, dis: ../2019/seq/crowd_run_x265/enc_res_huawei_20190725_mv_subjective_crowd_run_short_1000.mp4, mask: ../2019/masks/crowd_run_mask.mp4, metric: ssim, mask_mode: TrueERROR:  seq: crowd_run, ref: ../2019/ref/crowd_run_short_1920x1080_50.yuv, dis: ../2019/seq/crowd_run_x265/enc_res_huawei_20190725_mv_subjective_crowd_run_short_2000.mp4, mask: ../2019/masks/crowd_run_mask.mp4, metric: ssim, mask_mode: TrueERROR:  seq: crowd_run, ref: ../2019/ref/crowd_run_short_1920x1080_50.yuv, dis: ../2019/seq/crowd_run_x265/enc_res_huawei_20190725_mv_subjective_crowd_run_short_4000.mp4, mask: ../2019/masks/crowd_run_mask.mp4, metric: ssim, mask_mode: TrueERROR:  seq: crowd_run, ref: ../2019/ref/crowd_run_short_1920x1080_50.yuv, dis: ../2019/seq/crowd_run_x265/enc_res_huawei_mv_subjective_crowd_run_short_1000.mp4, mask: ../2019/masks/crowd_run_mask.mp4, metric: ssim, mask_mode: TrueERROR:  seq: crowd_run, ref: ../2019/ref/crowd_run_short_1920x1080_50.yuv, dis: ../2019/seq/crowd_run_x265/enc_res_huawei_mv_subjective_crowd_run_short_2000.mp4, mask: ../2019/masks/crowd_run_mask.mp4, metric: ssim, mask_mode: TrueERROR:  seq: crowd_run, ref: ../2019/ref/crowd_run_short_1920x1080_50.yuv, dis: ../2019/seq/crowd_run_x265/enc_res_huawei_20190725_mv_subjective_crowd_run_short_1000.mp4, mask: ../2019/masks/crowd_run_mask.mp4, metric: ssim, mask_mode: TrueERROR:  seq: crowd_run, ref: ../2019/ref/crowd_run_short_1920x1080_50.yuv, dis: ../2019/seq/crowd_run_x265/enc_res_bytedance_mv_subjective_crowd_run_short_4000.mp4, mask: ../2019/masks/crowd_run_mask.mp4, metric: ssim, mask_mode: TrueERROR:  seq: crowd_run, ref: ../2019/ref/crowd_run_short_1920x1080_50.yuv, dis: ../2019/seq/crowd_run_x265/enc_res_huawei_20190725_mv_subjective_crowd_run_short_2000.mp4, mask: ../2019/masks/crowd_run_mask.mp4, metric: ssim, mask_mode: TrueERROR:  seq: crowd_run, ref: ../2019/ref/crowd_run_short_1920x1080_50.yuv, dis: ../2019/seq/crowd_run_x265/enc_res_huawei_20190725_mv_subjective_crowd_run_short_4000.mp4, mask: ../2019/masks/crowd_run_mask.mp4, metric: ssim, mask_mode: TrueERROR:  seq: crowd_run, ref: ../2019/ref/crowd_run_short_1920x1080_50.yuv, dis: ../2019/seq/crowd_run_x265/enc_res_huawei_mv_subjective_crowd_run_short_1000.mp4, mask: ../2019/masks/crowd_run_mask.mp4, metric: ssim, mask_mode: TrueERROR:  seq: crowd_run, ref: ../2019/ref/crowd_run_short_1920x1080_50.yuv, dis: ../2019/seq/crowd_run_x265/enc_res_huawei_mv_subjective_crowd_run_short_2000.mp4, mask: ../2019/masks/crowd_run_mask.mp4, metric: ssim, mask_mode: TrueERROR:  seq: crowd_run, ref: ../2019/ref/crowd_run_short_1920x1080_50.yuv, dis: ../2019/seq/crowd_run_x265/enc_res_huawei_20190725_mv_subjective_crowd_run_short_1000.mp4, mask: ../2019/masks/crowd_run_mask.mp4, metric: ssim, mask_mode: TrueERROR:  seq: crowd_run, ref: ../2019/ref/crowd_run_short_1920x1080_50.yuv, dis: ../2019/seq/crowd_run_x265/enc_res_bytedance_mv_subjective_crowd_run_short_4000.mp4, mask: ../2019/masks/crowd_run_mask.mp4, metric: ssim, mask_mode: TrueERROR:  seq: crowd_run, ref: ../2019/ref/crowd_run_short_1920x1080_50.yuv, dis: ../2019/seq/crowd_run_x265/enc_res_huawei_20190725_mv_subjective_crowd_run_short_2000.mp4, mask: ../2019/masks/crowd_run_mask.mp4, metric: ssim, mask_mode: TrueERROR:  seq: crowd_run, ref: ../2019/ref/crowd_run_short_1920x1080_50.yuv, dis: ../2019/seq/crowd_run_x265/enc_res_huawei_20190725_mv_subjective_crowd_run_short_4000.mp4, mask: ../2019/masks/crowd_run_mask.mp4, metric: ssim, mask_mode: TrueERROR:  seq: crowd_run, ref: ../2019/ref/crowd_run_short_1920x1080_50.yuv, dis: ../2019/seq/crowd_run_x265/enc_res_huawei_mv_subjective_crowd_run_short_2000.mp4, mask: ../2019/masks/crowd_run_mask.mp4, metric: ssim, mask_mode: TrueERROR:  seq: crowd_run, ref: ../2019/ref/crowd_run_short_1920x1080_50.yuv, dis: ../2019/seq/crowd_run_x265/enc_res_huawei_mv_subjective_crowd_run_short_1000.mp4, mask: ../2019/masks/crowd_run_mask.mp4, metric: ssim, mask_mode: TrueERROR:  seq: crowd_run, ref: ../2019/ref/crowd_run_short_1920x1080_50.yuv, dis: ../2019/seq/crowd_run_x265/enc_res_mainconcept_mv_subjective_crowd_run_short_1000.mp4, mask: ../2019/masks/crowd_run_mask.mp4, metric: ssim, mask_mode: TrueERROR:  seq: crowd_run, ref: ../2019/ref/crowd_run_short_1920x1080_50.yuv, dis: ../2019/seq/crowd_run_x265/enc_res_huawei_mv_subjective_crowd_run_short_4000.mp4, mask: ../2019/masks/crowd_run_mask.mp4, metric: ssim, mask_mode: TrueERROR:  seq: crowd_run, ref: ../2019/ref/crowd_run_short_1920x1080_50.yuv, dis: ../2019/seq/crowd_run_x265/enc_res_mainconcept_mv_subjective_crowd_run_short_2000.mp4, mask: ../2019/masks/crowd_run_mask.mp4, metric: ssim, mask_mode: TrueERROR:  seq: crowd_run, ref: ../2019/ref/crowd_run_short_1920x1080_50.yuv, dis: ../2019/seq/crowd_run_x265/enc_res_mainconcept_mv_subjective_crowd_run_short_4000.mp4, mask: ../2019/masks/crowd_run_mask.mp4, metric: ssim, mask_mode: TrueERROR:  seq: crowd_run, ref: ../2019/ref/crowd_run_short_1920x1080_50.yuv, dis: ../2019/seq/crowd_run_x265/enc_res_sif_mv_subjective_crowd_run_short_1000.mp4, mask: ../2019/masks/crowd_run_mask.mp4, metric: ssim, mask_mode: TrueERROR:  seq: crowd_run, ref: ../2019/ref/crowd_run_short_1920x1080_50.yuv, dis: ../2019/seq/crowd_run_x265/enc_res_sif_mv_subjective_crowd_run_short_2000.mp4, mask: ../2019/masks/crowd_run_mask.mp4, metric: ssim, mask_mode: TrueERROR:  seq: crowd_run, ref: ../2019/ref/crowd_run_short_1920x1080_50.yuv, dis: ../2019/seq/crowd_run_x265/enc_res_sif_mv_subjective_crowd_run_short_4000.mp4, mask: ../2019/masks/crowd_run_mask.mp4, metric: ssim, mask_mode: TrueERROR:  seq: crowd_run, ref: ../2019/ref/crowd_run_short_1920x1080_50.yuv, dis: ../2019/seq/crowd_run_x265/enc_res_sz265_mv_subjective_crowd_run_short_1000.mp4, mask: ../2019/masks/crowd_run_mask.mp4, metric: ssim, mask_mode: TrueERROR:  seq: crowd_run, ref: ../2019/ref/crowd_run_short_1920x1080_50.yuv, dis: ../2019/seq/crowd_run_x265/enc_res_sz265_mv_subjective_crowd_run_short_2000.mp4, mask: ../2019/masks/crowd_run_mask.mp4, metric: ssim, mask_mode: TrueERROR:  seq: crowd_run, ref: ../2019/ref/crowd_run_short_1920x1080_50.yuv, dis: ../2019/seq/crowd_run_x265/enc_res_sz265_mv_subjective_crowd_run_short_4000.mp4, mask: ../2019/masks/crowd_run_mask.mp4, metric: ssim, mask_mode: TrueERROR:  seq: crowd_run, ref: ../2019/ref/crowd_run_short_1920x1080_50.yuv, dis: ../2019/seq/crowd_run_x265/enc_res_t265_mv_subjective_crowd_run_short_1000.mp4, mask: ../2019/masks/crowd_run_mask.mp4, metric: ssim, mask_mode: TrueERROR:  seq: crowd_run, ref: ../2019/ref/crowd_run_short_1920x1080_50.yuv, dis: ../2019/seq/crowd_run_x265/enc_res_t265_mv_subjective_crowd_run_short_2000.mp4, mask: ../2019/masks/crowd_run_mask.mp4, metric: ssim, mask_mode: TrueERROR:  seq: crowd_run, ref: ../2019/ref/crowd_run_short_1920x1080_50.yuv, dis: ../2019/seq/crowd_run_x265/enc_res_huawei_20190725_mv_subjective_crowd_run_short_1000.mp4, mask: ../2019/masks/crowd_run_mask.mp4, metric: ssim, mask_mode: TrueERROR:  seq: crowd_run, ref: ../2019/ref/crowd_run_short_1920x1080_50.yuv, dis: ../2019/seq/crowd_run_x265/enc_res_bytedance_mv_subjective_crowd_run_short_4000.mp4, mask: ../2019/masks/crowd_run_mask.mp4, metric: ssim, mask_mode: TrueERROR:  seq: crowd_run, ref: ../2019/ref/crowd_run_short_1920x1080_50.yuv, dis: ../2019/seq/crowd_run_x265/enc_res_bytedance_mv_subjective_crowd_run_short_4000.mp4, mask: ../2019/masks/crowd_run_mask.mp4, metric: ssim, mask_mode: TrueERROR:  seq: crowd_run, ref: ../2019/ref/crowd_run_short_1920x1080_50.yuv, dis: ../2019/seq/crowd_run_x265/enc_res_huawei_20190725_mv_subjective_crowd_run_short_1000.mp4, mask: ../2019/masks/crowd_run_mask.mp4, metric: ssim, mask_mode: TrueERROR:  seq: crowd_run, ref: ../2019/ref/crowd_run_short_1920x1080_50.yuv, dis: ../2019/seq/crowd_run_x265/enc_res_huawei_20190725_mv_subjective_crowd_run_short_4000.mp4, mask: ../2019/masks/crowd_run_mask.mp4, metric: ssim, mask_mode: TrueERROR:  seq: crowd_run, ref: ../2019/ref/crowd_run_short_1920x1080_50.yuv, dis: ../2019/seq/crowd_run_x265/enc_res_huawei_20190725_mv_subjective_crowd_run_short_2000.mp4, mask: ../2019/masks/crowd_run_mask.mp4, metric: ssim, mask_mode: True